nid200384:418370:418370 [0] NCCL INFO AllGather: opCount 11 sendbuff 0x7f7961200000 recvbuff 0x62ff00000 count 65536 datatype 0 op 0 root 0 comm 0x5558be8c2ba0 [nranks=4] stream 0x5558be8c2a50
nid200377:2124201:2124201 [1] NCCL INFO AllGather: opCount 11 sendbuff 0x63b500000 recvbuff 0x7fbbd7210000 count 262144 datatype 0 op 0 root 0 comm 0x559372fea2d0 [nranks=4] stream 0x559372048640
nid200384:418375:418375 [3] NCCL INFO AllGather: opCount 11 sendbuff 0x7f90c3200000 recvbuff 0x62ff00000 count 65536 datatype 0 op 0 root 0 comm 0x55f5c9ab0490 [nranks=4] stream 0x55f5c9ab0340
nid200377:2124205:2124205 [3] NCCL INFO AllGather: opCount 11 sendbuff 0x631b00000 recvbuff 0x7f05e9210000 count 262144 datatype 0 op 0 root 0 comm 0x56280fca5f50 [nranks=4] stream 0x56280ed044f0
nid200381:391950:391950 [1] NCCL INFO AllGather: opCount 11 sendbuff 0x63cf00000 recvbuff 0x7f0141210000 count 262144 datatype 0 op 0 root 0 comm 0x560e06a0be50 [nranks=4] stream 0x560e05a6a4f0
nid200377:2124200:2124200 [0] NCCL INFO AllGather: opCount 11 sendbuff 0x631b00000 recvbuff 0x7f98e9210000 count 262144 datatype 0 op 0 root 0 comm 0x55e4747edbe0 [nranks=4] stream 0x55e47384d470
nid200377:2124200:2124200 [0] NCCL INFO 1048576 Bytes -> Algo 1 proto 0 time 17.367298
nid200381:391954:391954 [3] NCCL INFO AllGather: opCount 11 sendbuff 0x633500000 recvbuff 0x7f12b9210000 count 262144 datatype 0 op 0 root 0 comm 0x55a0f33d0f20 [nranks=4] stream 0x55a0f242f7d0
nid200380:193787:193787 [1] NCCL INFO AllGather: opCount 11 sendbuff 0x63cf00000 recvbuff 0x7fa541210000 count 262144 datatype 0 op 0 root 0 comm 0x55fa04ed61a0 [nranks=4] stream 0x55fa03f34810
nid200384:418371:418371 [1] NCCL INFO AllGather: opCount 11 sendbuff 0x63bb00000 recvbuff 0x7f08a5210000 count 262144 datatype 0 op 0 root 0 comm 0x563678d6ada0 [nranks=4] stream 0x563677dc9620
nid200377:2124202:2124202 [2] NCCL INFO AllGather: opCount 11 sendbuff 0x7fa1c5200000 recvbuff 0x63b500000 count 65536 datatype 0 op 0 root 0 comm 0x55a282136a20 [nranks=4] stream 0x55a28211d310
nid200377:2124202:2124202 [2] NCCL INFO 262144 Bytes -> Algo 1 proto 0 time 31.084002
nid200381:391949:391949 [0] NCCL INFO AllGather: opCount 11 sendbuff 0x633500000 recvbuff 0x7f358b210000 count 262144 datatype 0 op 0 root 0 comm 0x56482aa4eb80 [nranks=4] stream 0x564829aae7f0
nid200381:391949:391949 [0] NCCL INFO 1048576 Bytes -> Algo 1 proto 0 time 17.367298
nid200380:193789:193789 [2] NCCL INFO AllGather: opCount 11 sendbuff 0x63cf00000 recvbuff 0x7f1c87210000 count 262144 datatype 0 op 0 root 0 comm 0x55772dcda000 [nranks=4] stream 0x55772cd38630
nid200384:418373:418373 [2] NCCL INFO AllGather: opCount 11 sendbuff 0x63bb00000 recvbuff 0x7f53e1210000 count 262144 datatype 0 op 0 root 0 comm 0x55c8e5024f80 [nranks=4] stream 0x55c8e40835a0
nid200381:391951:391951 [2] NCCL INFO AllGather: opCount 11 sendbuff 0x63cf00000 recvbuff 0x7fa9cb210000 count 262144 datatype 0 op 0 root 0 comm 0x55bc9c6ed090 [nranks=4] stream 0x55bc9b74b910
nid200380:193791:193791 [3] NCCL INFO AllGather: opCount 11 sendbuff 0x633500000 recvbuff 0x7f0315210000 count 262144 datatype 0 op 0 root 0 comm 0x55c4818ddc60 [nranks=4] stream 0x55c48093c4f0
nid200384:418370:418370 [0] NCCL INFO AllGather: opCount 11 sendbuff 0x62ff00000 recvbuff 0x7f7961210000 count 262144 datatype 0 op 0 root 0 comm 0x5558bea2e220 [nranks=4] stream 0x5558bda8e510
nid200384:418370:418370 [0] NCCL INFO 1048576 Bytes -> Algo 1 proto 0 time 17.367298
nid200380:193786:193786 [0] NCCL INFO AllGather: opCount 11 sendbuff 0x633500000 recvbuff 0x7ff1d5210000 count 262144 datatype 0 op 0 root 0 comm 0x55a00b9d0950 [nranks=4] stream 0x55a00aa30410
nid200380:193786:193786 [0] NCCL INFO 1048576 Bytes -> Algo 1 proto 0 time 17.367298
nid200384:418375:418375 [3] NCCL INFO AllGather: opCount 11 sendbuff 0x62ff00000 recvbuff 0x7f90c3210000 count 262144 datatype 0 op 0 root 0 comm 0x55f5c9c1bcb0 [nranks=4] stream 0x55f5c8c7a420
nid200377:2124202:2124202 [2] NCCL INFO AllGather: opCount 11 sendbuff 0x63b500000 recvbuff 0x7fa1c5210000 count 262144 datatype 0 op 0 root 0 comm 0x55a2822a2190 [nranks=4] stream 0x55a281300720
nid200380:193786:193786 [0] NCCL INFO AllGather: opCount 12 sendbuff 0x7ff1d5200000 recvbuff 0x633700000 count 65536 datatype 0 op 0 root 0 comm 0x55a00b864fb0 [nranks=4] stream 0x55a00b864e60
nid200384:418370:418370 [0] NCCL INFO AllGather: opCount 12 sendbuff 0x7f7961200000 recvbuff 0x62df00000 count 65536 datatype 0 op 0 root 0 comm 0x5558be8c2ba0 [nranks=4] stream 0x5558be8c2a50
nid200381:391949:391949 [0] NCCL INFO AllGather: opCount 12 sendbuff 0x7f358b200000 recvbuff 0x633700000 count 65536 datatype 0 op 0 root 0 comm 0x56482a8e31d0 [nranks=4] stream 0x56482a8e3080
nid200377:2124200:2124200 [0] NCCL INFO AllGather: opCount 12 sendbuff 0x7f98e9200000 recvbuff 0x631d00000 count 65536 datatype 0 op 0 root 0 comm 0x55e474682490 [nranks=4] stream 0x55e474668d80
nid200377:2124200:2124200 [0] NCCL INFO 262144 Bytes -> Algo 1 proto 0 time 31.084002
nid200380:193791:193791 [3] NCCL INFO AllGather: opCount 12 sendbuff 0x7f0315200000 recvbuff 0x633700000 count 65536 datatype 0 op 0 root 0 comm 0x55c481772470 [nranks=4] stream 0x55c481772320
nid200377:2124201:2124201 [1] NCCL INFO AllGather: opCount 12 sendbuff 0x7fbbd7200000 recvbuff 0x63b700000 count 65536 datatype 0 op 0 root 0 comm 0x559372e7eb60 [nranks=4] stream 0x559372e65450
nid200377:2124201:2124201 [1] NCCL INFO 262144 Bytes -> Algo 1 proto 0 time 31.084002
nid200381:391950:391950 [1] NCCL INFO AllGather: opCount 12 sendbuff 0x7f0141200000 recvbuff 0x63d100000 count 65536 datatype 0 op 0 root 0 comm 0x560e068a0630 [nranks=4] stream 0x560e068a04e0
nid200380:193787:193787 [1] NCCL INFO AllGather: opCount 12 sendbuff 0x7fa541200000 recvbuff 0x63d100000 count 65536 datatype 0 op 0 root 0 comm 0x55fa04d6a990 [nranks=4] stream 0x55fa04d6a840
nid200384:418371:418371 [1] NCCL INFO AllGather: opCount 12 sendbuff 0x7f08a5200000 recvbuff 0x63bd00000 count 65536 datatype 0 op 0 root 0 comm 0x563678bff580 [nranks=4] stream 0x563678bff430
nid200377:2124205:2124205 [3] NCCL INFO AllGather: opCount 12 sendbuff 0x7f05e9200000 recvbuff 0x631d00000 count 65536 datatype 0 op 0 root 0 comm 0x56280fb3a7f0 [nranks=4] stream 0x56280fb210e0
nid200377:2124205:2124205 [3] NCCL INFO 262144 Bytes -> Algo 1 proto 0 time 31.084002
nid200381:391951:391951 [2] NCCL INFO AllGather: opCount 12 sendbuff 0x7fa9cb200000 recvbuff 0x63d100000 count 65536 datatype 0 op 0 root 0 comm 0x55bc9c581880 [nranks=4] stream 0x55bc9c581730
nid200380:193789:193789 [2] NCCL INFO AllGather: opCount 12 sendbuff 0x7f1c87200000 recvbuff 0x63d100000 count 65536 datatype 0 op 0 root 0 comm 0x55772db6e7e0 [nranks=4] stream 0x55772db6e690
nid200384:418373:418373 [2] NCCL INFO AllGather: opCount 12 sendbuff 0x7f53e1200000 recvbuff 0x63bd00000 count 65536 datatype 0 op 0 root 0 comm 0x55c8e4eb9780 [nranks=4] stream 0x55c8e4eb9630
nid200377:2124201:2124201 [1] NCCL INFO AllGather: opCount 12 sendbuff 0x63b700000 recvbuff 0x7fbbd7210000 count 262144 datatype 0 op 0 root 0 comm 0x559372fea2d0 [nranks=4] stream 0x559372048640
nid200381:391954:391954 [3] NCCL INFO AllGather: opCount 12 sendbuff 0x7f12b9200000 recvbuff 0x633700000 count 65536 datatype 0 op 0 root 0 comm 0x55a0f3265710 [nranks=4] stream 0x55a0f32655c0
nid200384:418375:418375 [3] NCCL INFO AllGather: opCount 12 sendbuff 0x7f90c3200000 recvbuff 0x62df00000 count 65536 datatype 0 op 0 root 0 comm 0x55f5c9ab0490 [nranks=4] stream 0x55f5c9ab0340
nid200377:2124205:2124205 [3] NCCL INFO AllGather: opCount 12 sendbuff 0x631d00000 recvbuff 0x7f05e9210000 count 262144 datatype 0 op 0 root 0 comm 0x56280fca5f50 [nranks=4] stream 0x56280ed044f0
nid200380:193787:193787 [1] NCCL INFO AllGather: opCount 12 sendbuff 0x63d100000 recvbuff 0x7fa541210000 count 262144 datatype 0 op 0 root 0 comm 0x55fa04ed61a0 [nranks=4] stream 0x55fa03f34810
nid200377:2124200:2124200 [0] NCCL INFO AllGather: opCount 12 sendbuff 0x631d00000 recvbuff 0x7f98e9210000 count 262144 datatype 0 op 0 root 0 comm 0x55e4747edbe0 [nranks=4] stream 0x55e47384d470
nid200377:2124200:2124200 [0] NCCL INFO 1048576 Bytes -> Algo 1 proto 0 time 17.367298
nid200380:193789:193789 [2] NCCL INFO AllGather: opCount 12 sendbuff 0x63d100000 recvbuff 0x7f1c87210000 count 262144 datatype 0 op 0 root 0 comm 0x55772dcda000 [nranks=4] stream 0x55772cd38630
nid200377:2124202:2124202 [2] NCCL INFO AllGather: opCount 12 sendbuff 0x7fa1c5200000 recvbuff 0x63b700000 count 65536 datatype 0 op 0 root 0 comm 0x55a282136a20 [nranks=4] stream 0x55a28211d310
nid200377:2124202:2124202 [2] NCCL INFO 262144 Bytes -> Algo 1 proto 0 time 31.084002
nid200381:391950:391950 [1] NCCL INFO AllGather: opCount 12 sendbuff 0x63d100000 recvbuff 0x7f0141210000 count 262144 datatype 0 op 0 root 0 comm 0x560e06a0be50 [nranks=4] stream 0x560e05a6a4f0
nid200380:193791:193791 [3] NCCL INFO AllGather: opCount 12 sendbuff 0x633700000 recvbuff 0x7f0315210000 count 262144 datatype 0 op 0 root 0 comm 0x55c4818ddc60 [nranks=4] stream 0x55c48093c4f0
nid200381:391951:391951 [2] NCCL INFO AllGather: opCount 12 sendbuff 0x63d100000 recvbuff 0x7fa9cb210000 count 262144 datatype 0 op 0 root 0 comm 0x55bc9c6ed090 [nranks=4] stream 0x55bc9b74b910
nid200380:193786:193786 [0] NCCL INFO AllGather: opCount 12 sendbuff 0x633700000 recvbuff 0x7ff1d5210000 count 262144 datatype 0 op 0 root 0 comm 0x55a00b9d0950 [nranks=4] stream 0x55a00aa30410
nid200380:193786:193786 [0] NCCL INFO 1048576 Bytes -> Algo 1 proto 0 time 17.367298
nid200384:418370:418370 [0] NCCL INFO AllGather: opCount 12 sendbuff 0x62df00000 recvbuff 0x7f7961210000 count 262144 datatype 0 op 0 root 0 comm 0x5558bea2e220 [nranks=4] stream 0x5558bda8e510
nid200384:418370:418370 [0] NCCL INFO 1048576 Bytes -> Algo 1 proto 0 time 17.367298
nid200377:2124202:2124202 [2] NCCL INFO AllGather: opCount 12 sendbuff 0x63b700000 recvbuff 0x7fa1c5210000 count 262144 datatype 0 op 0 root 0 comm 0x55a2822a2190 [nranks=4] stream 0x55a281300720
nid200381:391954:391954 [3] NCCL INFO AllGather: opCount 12 sendbuff 0x633700000 recvbuff 0x7f12b9210000 count 262144 datatype 0 op 0 root 0 comm 0x55a0f33d0f20 [nranks=4] stream 0x55a0f242f7d0
nid200384:418371:418371 [1] NCCL INFO AllGather: opCount 12 sendbuff 0x63bd00000 recvbuff 0x7f08a5210000 count 262144 datatype 0 op 0 root 0 comm 0x563678d6ada0 [nranks=4] stream 0x563677dc9620
nid200381:391949:391949 [0] NCCL INFO AllGather: opCount 12 sendbuff 0x633700000 recvbuff 0x7f358b210000 count 262144 datatype 0 op 0 root 0 comm 0x56482aa4eb80 [nranks=4] stream 0x564829aae7f0
nid200381:391949:391949 [0] NCCL INFO 1048576 Bytes -> Algo 1 proto 0 time 17.367298
nid200384:418373:418373 [2] NCCL INFO AllGather: opCount 12 sendbuff 0x63bd00000 recvbuff 0x7f53e1210000 count 262144 datatype 0 op 0 root 0 comm 0x55c8e5024f80 [nranks=4] stream 0x55c8e40835a0
nid200384:418375:418375 [3] NCCL INFO AllGather: opCount 12 sendbuff 0x62df00000 recvbuff 0x7f90c3210000 count 262144 datatype 0 op 0 root 0 comm 0x55f5c9c1bcb0 [nranks=4] stream 0x55f5c8c7a420
nid200380:193787:193787 [1] NCCL INFO AllGather: opCount 13 sendbuff 0x7fa541200000 recvbuff 0x63cf00000 count 65536 datatype 0 op 0 root 0 comm 0x55fa04d6a990 [nranks=4] stream 0x55fa04d6a840
nid200377:2124201:2124201 [1] NCCL INFO AllGather: opCount 13 sendbuff 0x7fbbd7200000 recvbuff 0x63b500000 count 65536 datatype 0 op 0 root 0 comm 0x559372e7eb60 [nranks=4] stream 0x559372e65450
nid200377:2124201:2124201 [1] NCCL INFO 262144 Bytes -> Algo 1 proto 0 time 31.084002
nid200377:2124200:2124200 [0] NCCL INFO AllGather: opCount 13 sendbuff 0x7f98e9200000 recvbuff 0x631b00000 count 65536 datatype 0 op 0 root 0 comm 0x55e474682490 [nranks=4] stream 0x55e474668d80
nid200377:2124200:2124200 [0] NCCL INFO 262144 Bytes -> Algo 1 proto 0 time 31.084002
nid200381:391950:391950 [1] NCCL INFO AllGather: opCount 13 sendbuff 0x7f0141200000 recvbuff 0x63cf00000 count 65536 datatype 0 op 0 root 0 comm 0x560e068a0630 [nranks=4] stream 0x560e068a04e0
nid200377:2124205:2124205 [3] NCCL INFO AllGather: opCount 13 sendbuff 0x7f05e9200000 recvbuff 0x631b00000 count 65536 datatype 0 op 0 root 0 comm 0x56280fb3a7f0 [nranks=4] stream 0x56280fb210e0
nid200377:2124205:2124205 [3] NCCL INFO 262144 Bytes -> Algo 1 proto 0 time 31.084002
nid200380:193789:193789 [2] NCCL INFO AllGather: opCount 13 sendbuff 0x7f1c87200000 recvbuff 0x63cf00000 count 65536 datatype 0 op 0 root 0 comm 0x55772db6e7e0 [nranks=4] stream 0x55772db6e690
nid200380:193791:193791 [3] NCCL INFO AllGather: opCount 13 sendbuff 0x7f0315200000 recvbuff 0x633500000 count 65536 datatype 0 op 0 root 0 comm 0x55c481772470 [nranks=4] stream 0x55c481772320
nid200380:193786:193786 [0] NCCL INFO AllGather: opCount 13 sendbuff 0x7ff1d5200000 recvbuff 0x633500000 count 65536 datatype 0 op 0 root 0 comm 0x55a00b864fb0 [nranks=4] stream 0x55a00b864e60
nid200377:2124201:2124201 [1] NCCL INFO AllGather: opCount 13 sendbuff 0x63b500000 recvbuff 0x7fbbd7210000 count 262144 datatype 0 op 0 root 0 comm 0x559372fea2d0 [nranks=4] stream 0x559372048640
nid200381:391951:391951 [2] NCCL INFO AllGather: opCount 13 sendbuff 0x7fa9cb200000 recvbuff 0x63cf00000 count 65536 datatype 0 op 0 root 0 comm 0x55bc9c581880 [nranks=4] stream 0x55bc9c581730
nid200384:418370:418370 [0] NCCL INFO AllGather: opCount 13 sendbuff 0x7f7961200000 recvbuff 0x62ff00000 count 65536 datatype 0 op 0 root 0 comm 0x5558be8c2ba0 [nranks=4] stream 0x5558be8c2a50
nid200377:2124200:2124200 [0] NCCL INFO AllGather: opCount 13 sendbuff 0x631b00000 recvbuff 0x7f98e9210000 count 262144 datatype 0 op 0 root 0 comm 0x55e4747edbe0 [nranks=4] stream 0x55e47384d470
nid200377:2124200:2124200 [0] NCCL INFO 1048576 Bytes -> Algo 1 proto 0 time 17.367298
nid200381:391954:391954 [3] NCCL INFO AllGather: opCount 13 sendbuff 0x7f12b9200000 recvbuff 0x633500000 count 65536 datatype 0 op 0 root 0 comm 0x55a0f3265710 [nranks=4] stream 0x55a0f32655c0
nid200380:193787:193787 [1] NCCL INFO AllGather: opCount 13 sendbuff 0x63cf00000 recvbuff 0x7fa541210000 count 262144 datatype 0 op 0 root 0 comm 0x55fa04ed61a0 [nranks=4] stream 0x55fa03f34810
nid200377:2124205:2124205 [3] NCCL INFO AllGather: opCount 13 sendbuff 0x631b00000 recvbuff 0x7f05e9210000 count 262144 datatype 0 op 0 root 0 comm 0x56280fca5f50 [nranks=4] stream 0x56280ed044f0
nid200381:391949:391949 [0] NCCL INFO AllGather: opCount 13 sendbuff 0x7f358b200000 recvbuff 0x633500000 count 65536 datatype 0 op 0 root 0 comm 0x56482a8e31d0 [nranks=4] stream 0x56482a8e3080
nid200380:193789:193789 [2] NCCL INFO AllGather: opCount 13 sendbuff 0x63cf00000 recvbuff 0x7f1c87210000 count 262144 datatype 0 op 0 root 0 comm 0x55772dcda000 [nranks=4] stream 0x55772cd38630
nid200377:2124202:2124202 [2] NCCL INFO AllGather: opCount 13 sendbuff 0x7fa1c5200000 recvbuff 0x63b500000 count 65536 datatype 0 op 0 root 0 comm 0x55a282136a20 [nranks=4] stream 0x55a28211d310
nid200377:2124202:2124202 [2] NCCL INFO 262144 Bytes -> Algo 1 proto 0 time 31.084002
nid200380:193791:193791 [3] NCCL INFO AllGather: opCount 13 sendbuff 0x633500000 recvbuff 0x7f0315210000 count 262144 datatype 0 op 0 root 0 comm 0x55c4818ddc60 [nranks=4] stream 0x55c48093c4f0
nid200384:418371:418371 [1] NCCL INFO AllGather: opCount 13 sendbuff 0x7f08a5200000 recvbuff 0x63bb00000 count 65536 datatype 0 op 0 root 0 comm 0x563678bff580 [nranks=4] stream 0x563678bff430
nid200380:193786:193786 [0] NCCL INFO AllGather: opCount 13 sendbuff 0x633500000 recvbuff 0x7ff1d5210000 count 262144 datatype 0 op 0 root 0 comm 0x55a00b9d0950 [nranks=4] stream 0x55a00aa30410
nid200384:418373:418373 [2] NCCL INFO AllGather: opCount 13 sendbuff 0x7f53e1200000 recvbuff 0x63bb00000 count 65536 datatype 0 op 0 root 0 comm 0x55c8e4eb9780 [nranks=4] stream 0x55c8e4eb9630
nid200381:391950:391950 [1] NCCL INFO AllGather: opCount 13 sendbuff 0x63cf00000 recvbuff 0x7f0141210000 count 262144 datatype 0 op 0 root 0 comm 0x560e06a0be50 [nranks=4] stream 0x560e05a6a4f0
nid200380:193786:193786 [0] NCCL INFO 1048576 Bytes -> Algo 1 proto 0 time 17.367298
nid200384:418375:418375 [3] NCCL INFO AllGather: opCount 13 sendbuff 0x7f90c3200000 recvbuff 0x62ff00000 count 65536 datatype 0 op 0 root 0 comm 0x55f5c9ab0490 [nranks=4] stream 0x55f5c9ab0340
nid200381:391951:391951 [2] NCCL INFO AllGather: opCount 13 sendbuff 0x63cf00000 recvbuff 0x7fa9cb210000 count 262144 datatype 0 op 0 root 0 comm 0x55bc9c6ed090 [nranks=4] stream 0x55bc9b74b910
nid200384:418370:418370 [0] NCCL INFO AllGather: opCount 13 sendbuff 0x62ff00000 recvbuff 0x7f7961210000 count 262144 datatype 0 op 0 root 0 comm 0x5558bea2e220 [nranks=4] stream 0x5558bda8e510
nid200384:418370:418370 [0] NCCL INFO 1048576 Bytes -> Algo 1 proto 0 time 17.367298
nid200381:391949:391949 [0] NCCL INFO AllGather: opCount 13 sendbuff 0x633500000 recvbuff 0x7f358b210000 count 262144 datatype 0 op 0 root 0 comm 0x56482aa4eb80 [nranks=4] stream 0x564829aae7f0
nid200381:391949:391949 [0] NCCL INFO 1048576 Bytes -> Algo 1 proto 0 time 17.367298
nid200384:418371:418371 [1] NCCL INFO AllGather: opCount 13 sendbuff 0x63bb00000 recvbuff 0x7f08a5210000 count 262144 datatype 0 op 0 root 0 comm 0x563678d6ada0 [nranks=4] stream 0x563677dc9620
nid200377:2124202:2124202 [2] NCCL INFO AllGather: opCount 13 sendbuff 0x63b500000 recvbuff 0x7fa1c5210000 count 262144 datatype 0 op 0 root 0 comm 0x55a2822a2190 [nranks=4] stream 0x55a281300720
nid200381:391954:391954 [3] NCCL INFO AllGather: opCount 13 sendbuff 0x633500000 recvbuff 0x7f12b9210000 count 262144 datatype 0 op 0 root 0 comm 0x55a0f33d0f20 [nranks=4] stream 0x55a0f242f7d0
nid200384:418373:418373 [2] NCCL INFO AllGather: opCount 13 sendbuff 0x63bb00000 recvbuff 0x7f53e1210000 count 262144 datatype 0 op 0 root 0 comm 0x55c8e5024f80 [nranks=4] stream 0x55c8e40835a0
nid200384:418375:418375 [3] NCCL INFO AllGather: opCount 13 sendbuff 0x62ff00000 recvbuff 0x7f90c3210000 count 262144 datatype 0 op 0 root 0 comm 0x55f5c9c1bcb0 [nranks=4] stream 0x55f5c8c7a420
Method = hybrid-nccl-nccl
All-gather bus bw for 16 GPUs is 3.541 GBPS for message output size 1.049 MB
time = 0.278 ms
===============================
output size = 2 MB
nid200377:2124200:2124534 [0] NCCL INFO   Algorithm   |                            Tree                  |                            Ring                  |                   CollNetDirect                  |
nid200377:2124200:2124534 [0] NCCL INFO   Protocol    |             LL |          LL128 |         Simple |             LL |          LL128 |         Simple |             LL |          LL128 |         Simple |
nid200377:2124200:2124534 [0] NCCL INFO  Max NThreads |            512 |            640 |            512 |            512 |            640 |            512 |              0 |              0 |            640 |
nid200377:2124200:2124534 [0] NCCL INFO     Broadcast |     0.0/   0.0 |     0.0/   0.0 |     0.0/   0.0 |     9.3/  12.0 |    18.0/   0.0 |    22.4/  24.0 |     0.0/   0.0 |     0.0/   0.0 |     0.0/   0.0 |
nid200377:2124200:2124534 [0] NCCL INFO        Reduce |     0.0/   0.0 |     0.0/   0.0 |     0.0/   0.0 |     9.3/  12.0 |    18.0/   0.0 |    22.4/  24.0 |     0.0/   0.0 |     0.0/   0.0 |     0.0/   0.0 |
nid200377:2124200:2124534 [0] NCCL INFO     AllGather |     0.0/   0.0 |     0.0/   0.0 |     0.0/   0.0 |    14.7/  16.0 |    26.0/   0.0 |    50.4/  32.0 |     0.0/   0.0 |     0.0/   0.0 |    31.0/   0.0 |
nid200377:2124200:2124534 [0] NCCL INFO ReduceScatter |     0.0/   0.0 |     0.0/   0.0 |     0.0/   0.0 |    14.7/  16.0 |    26.0/   0.0 |    50.4/  32.0 |     0.0/   0.0 |     0.0/   0.0 |    31.0/   0.0 |
nid200377:2124200:2124534 [0] NCCL INFO     AllReduce |    26.8/   2.0 |    48.0/   0.0 |   112.0/   7.6 |    24.2/   8.0 |    41.0/   0.0 |   108.4/  16.0 |     0.0/   0.0 |     0.0/   0.0 |    31.0/   0.0 |
nid200377:2124200:2124534 [0] NCCL INFO   Algorithm   |                    CollNetChain                  |                            NVLS                  |                        NVLSTree                  |
nid200377:2124200:2124534 [0] NCCL INFO   Protocol    |             LL |          LL128 |         Simple |             LL |          LL128 |         Simple |             LL |          LL128 |         Simple |
nid200377:2124200:2124534 [0] NCCL INFO  Max NThreads |              0 |              0 |            640 |              0 |              0 |            640 |              0 |              0 |            640 |
nid200377:2124200:2124534 [0] NCCL INFO     Broadcast |     0.0/   0.0 |     0.0/   0.0 |     0.0/   0.0 |     0.0/   0.0 |     0.0/   0.0 |     0.0/   0.0 |     0.0/   0.0 |     0.0/   0.0 |     0.0/   0.0 |
nid200377:2124200:2124534 [0] NCCL INFO        Reduce |     0.0/   0.0 |     0.0/   0.0 |     0.0/   0.0 |     0.0/   0.0 |     0.0/   0.0 |     0.0/   0.0 |     0.0/   0.0 |     0.0/   0.0 |     0.0/   0.0 |
nid200377:2124200:2124534 [0] NCCL INFO     AllGather |     0.0/   0.0 |     0.0/   0.0 |     0.0/   0.0 |     0.0/   0.0 |     0.0/   0.0 |    18.0/   0.0 |     0.0/   0.0 |     0.0/   0.0 |     0.0/   0.0 |
nid200377:2124200:2124534 [0] NCCL INFO ReduceScatter |     0.0/   0.0 |     0.0/   0.0 |     0.0/   0.0 |     0.0/   0.0 |     0.0/   0.0 |    18.0/   0.0 |     0.0/   0.0 |     0.0/   0.0 |     0.0/   0.0 |
nid200377:2124200:2124534 [0] NCCL INFO     AllReduce |     0.0/   0.0 |     0.0/   0.0 |    30.0/   0.0 |     0.0/   0.0 |     0.0/   0.0 |    18.0/   0.0 |     0.0/   0.0 |     0.0/   0.0 |    56.0/   0.0 |
nid200377:2124205:2124532 [3] NCCL INFO   Algorithm   |                            Tree                  |                            Ring                  |                   CollNetDirect                  |
nid200377:2124205:2124532 [3] NCCL INFO   Protocol    |             LL |          LL128 |         Simple |             LL |          LL128 |         Simple |             LL |          LL128 |         Simple |
nid200377:2124205:2124532 [3] NCCL INFO  Max NThreads |            512 |            640 |            512 |            512 |            640 |            512 |              0 |              0 |            640 |
nid200377:2124205:2124532 [3] NCCL INFO     Broadcast |     0.0/   0.0 |     0.0/   0.0 |     0.0/   0.0 |     9.3/  12.0 |    18.0/   0.0 |    22.4/  24.0 |     0.0/   0.0 |     0.0/   0.0 |     0.0/   0.0 |
nid200377:2124205:2124532 [3] NCCL INFO        Reduce |     0.0/   0.0 |     0.0/   0.0 |     0.0/   0.0 |     9.3/  12.0 |    18.0/   0.0 |    22.4/  24.0 |     0.0/   0.0 |     0.0/   0.0 |     0.0/   0.0 |
nid200377:2124205:2124532 [3] NCCL INFO     AllGather |     0.0/   0.0 |     0.0/   0.0 |     0.0/   0.0 |    14.7/  16.0 |    26.0/   0.0 |    50.4/  32.0 |     0.0/   0.0 |     0.0/   0.0 |    31.0/   0.0 |
nid200377:2124205:2124532 [3] NCCL INFO ReduceScatter |     0.0/   0.0 |     0.0/   0.0 |     0.0/   0.0 |    14.7/  16.0 |    26.0/   0.0 |    50.4/  32.0 |     0.0/   0.0 |     0.0/   0.0 |    31.0/   0.0 |
nid200377:2124205:2124532 [3] NCCL INFO     AllReduce |    26.8/   2.0 |    48.0/   0.0 |   112.0/   7.6 |    24.2/   8.0 |    41.0/   0.0 |   108.4/  16.0 |     0.0/   0.0 |     0.0/   0.0 |    31.0/   0.0 |
nid200377:2124205:2124532 [3] NCCL INFO   Algorithm   |                    CollNetChain                  |                            NVLS                  |                        NVLSTree                  |
nid200377:2124205:2124532 [3] NCCL INFO   Protocol    |             LL |          LL128 |         Simple |             LL |          LL128 |         Simple |             LL |          LL128 |         Simple |
nid200377:2124205:2124532 [3] NCCL INFO  Max NThreads |              0 |              0 |            640 |              0 |              0 |            640 |              0 |              0 |            640 |
nid200377:2124205:2124532 [3] NCCL INFO     Broadcast |     0.0/   0.0 |     0.0/   0.0 |     0.0/   0.0 |     0.0/   0.0 |     0.0/   0.0 |     0.0/   0.0 |     0.0/   0.0 |     0.0/   0.0 |     0.0/   0.0 |
nid200377:2124205:2124532 [3] NCCL INFO        Reduce |     0.0/   0.0 |     0.0/   0.0 |     0.0/   0.0 |     0.0/   0.0 |     0.0/   0.0 |     0.0/   0.0 |     0.0/   0.0 |     0.0/   0.0 |     0.0/   0.0 |
nid200377:2124205:2124532 [3] NCCL INFO     AllGather |     0.0/   0.0 |     0.0/   0.0 |     0.0/   0.0 |     0.0/   0.0 |     0.0/   0.0 |    18.0/   0.0 |     0.0/   0.0 |     0.0/   0.0 |     0.0/   0.0 |
nid200377:2124205:2124532 [3] NCCL INFO ReduceScatter |     0.0/   0.0 |     0.0/   0.0 |     0.0/   0.0 |     0.0/   0.0 |     0.0/   0.0 |    18.0/   0.0 |     0.0/   0.0 |     0.0/   0.0 |     0.0/   0.0 |
nid200377:2124205:2124532 [3] NCCL INFO     AllReduce |     0.0/   0.0 |     0.0/   0.0 |    30.0/   0.0 |     0.0/   0.0 |     0.0/   0.0 |    18.0/   0.0 |     0.0/   0.0 |     0.0/   0.0 |    56.0/   0.0 |
nid200377:2124202:2124533 [2] NCCL INFO   Algorithm   |                            Tree                  |                            Ring                  |                   CollNetDirect                  |
nid200377:2124202:2124533 [2] NCCL INFO   Protocol    |             LL |          LL128 |         Simple |             LL |          LL128 |         Simple |             LL |          LL128 |         Simple |
nid200377:2124202:2124533 [2] NCCL INFO  Max NThreads |            512 |            640 |            512 |            512 |            640 |            512 |              0 |              0 |            640 |
nid200377:2124202:2124533 [2] NCCL INFO     Broadcast |     0.0/   0.0 |     0.0/   0.0 |     0.0/   0.0 |     9.3/  12.0 |    18.0/   0.0 |    22.4/  24.0 |     0.0/   0.0 |     0.0/   0.0 |     0.0/   0.0 |
nid200377:2124202:2124533 [2] NCCL INFO        Reduce |     0.0/   0.0 |     0.0/   0.0 |     0.0/   0.0 |     9.3/  12.0 |    18.0/   0.0 |    22.4/  24.0 |     0.0/   0.0 |     0.0/   0.0 |     0.0/   0.0 |
nid200377:2124202:2124533 [2] NCCL INFO     AllGather |     0.0/   0.0 |     0.0/   0.0 |     0.0/   0.0 |    14.7/  16.0 |    26.0/   0.0 |    50.4/  32.0 |     0.0/   0.0 |     0.0/   0.0 |    31.0/   0.0 |
nid200377:2124202:2124533 [2] NCCL INFO ReduceScatter |     0.0/   0.0 |     0.0/   0.0 |     0.0/   0.0 |    14.7/  16.0 |    26.0/   0.0 |    50.4/  32.0 |     0.0/   0.0 |     0.0/   0.0 |    31.0/   0.0 |
nid200377:2124202:2124533 [2] NCCL INFO     AllReduce |    26.8/   2.0 |    48.0/   0.0 |   112.0/   7.6 |    24.2/   8.0 |    41.0/   0.0 |   108.4/  16.0 |     0.0/   0.0 |     0.0/   0.0 |    31.0/   0.0 |
nid200377:2124202:2124533 [2] NCCL INFO   Algorithm   |                    CollNetChain                  |                            NVLS                  |                        NVLSTree                  |
nid200377:2124202:2124533 [2] NCCL INFO   Protocol    |             LL |          LL128 |         Simple |             LL |          LL128 |         Simple |             LL |          LL128 |         Simple |
nid200377:2124202:2124533 [2] NCCL INFO  Max NThreads |              0 |              0 |            640 |              0 |              0 |            640 |              0 |              0 |            640 |
nid200377:2124202:2124533 [2] NCCL INFO     Broadcast |     0.0/   0.0 |     0.0/   0.0 |     0.0/   0.0 |     0.0/   0.0 |     0.0/   0.0 |     0.0/   0.0 |     0.0/   0.0 |     0.0/   0.0 |     0.0/   0.0 |
nid200377:2124202:2124533 [2] NCCL INFO        Reduce |     0.0/   0.0 |     0.0/   0.0 |     0.0/   0.0 |     0.0/   0.0 |     0.0/   0.0 |     0.0/   0.0 |     0.0/   0.0 |     0.0/   0.0 |     0.0/   0.0 |
nid200377:2124202:2124533 [2] NCCL INFO     AllGather |     0.0/   0.0 |     0.0/   0.0 |     0.0/   0.0 |     0.0/   0.0 |     0.0/   0.0 |    18.0/   0.0 |     0.0/   0.0 |     0.0/   0.0 |     0.0/   0.0 |
nid200377:2124202:2124533 [2] NCCL INFO ReduceScatter |     0.0/   0.0 |     0.0/   0.0 |     0.0/   0.0 |     0.0/   0.0 |     0.0/   0.0 |    18.0/   0.0 |     0.0/   0.0 |     0.0/   0.0 |     0.0/   0.0 |
nid200377:2124202:2124533 [2] NCCL INFO     AllReduce |     0.0/   0.0 |     0.0/   0.0 |    30.0/   0.0 |     0.0/   0.0 |     0.0/   0.0 |    18.0/   0.0 |     0.0/   0.0 |     0.0/   0.0 |    56.0/   0.0 |
nid200377:2124201:2124531 [1] NCCL INFO   Algorithm   |                            Tree                  |                            Ring                  |                   CollNetDirect                  |
nid200377:2124201:2124531 [1] NCCL INFO   Protocol    |             LL |          LL128 |         Simple |             LL |          LL128 |         Simple |             LL |          LL128 |         Simple |
nid200377:2124201:2124531 [1] NCCL INFO  Max NThreads |            512 |            640 |            512 |            512 |            640 |            512 |              0 |              0 |            640 |
nid200377:2124201:2124531 [1] NCCL INFO     Broadcast |     0.0/   0.0 |     0.0/   0.0 |     0.0/   0.0 |     9.3/  12.0 |    18.0/   0.0 |    22.4/  24.0 |     0.0/   0.0 |     0.0/   0.0 |     0.0/   0.0 |
nid200377:2124201:2124531 [1] NCCL INFO        Reduce |     0.0/   0.0 |     0.0/   0.0 |     0.0/   0.0 |     9.3/  12.0 |    18.0/   0.0 |    22.4/  24.0 |     0.0/   0.0 |     0.0/   0.0 |     0.0/   0.0 |
nid200377:2124201:2124531 [1] NCCL INFO     AllGather |     0.0/   0.0 |     0.0/   0.0 |     0.0/   0.0 |    14.7/  16.0 |    26.0/   0.0 |    50.4/  32.0 |     0.0/   0.0 |     0.0/   0.0 |    31.0/   0.0 |
nid200377:2124201:2124531 [1] NCCL INFO ReduceScatter |     0.0/   0.0 |     0.0/   0.0 |     0.0/   0.0 |    14.7/  16.0 |    26.0/   0.0 |    50.4/  32.0 |     0.0/   0.0 |     0.0/   0.0 |    31.0/   0.0 |
nid200377:2124201:2124531 [1] NCCL INFO     AllReduce |    26.8/   2.0 |    48.0/   0.0 |   112.0/   7.6 |    24.2/   8.0 |    41.0/   0.0 |   108.4/  16.0 |     0.0/   0.0 |     0.0/   0.0 |    31.0/   0.0 |
nid200377:2124201:2124531 [1] NCCL INFO   Algorithm   |                    CollNetChain                  |                            NVLS                  |                        NVLSTree                  |
nid200377:2124201:2124531 [1] NCCL INFO   Protocol    |             LL |          LL128 |         Simple |             LL |          LL128 |         Simple |             LL |          LL128 |         Simple |
nid200377:2124201:2124531 [1] NCCL INFO  Max NThreads |              0 |              0 |            640 |              0 |              0 |            640 |              0 |              0 |            640 |
nid200377:2124201:2124531 [1] NCCL INFO     Broadcast |     0.0/   0.0 |     0.0/   0.0 |     0.0/   0.0 |     0.0/   0.0 |     0.0/   0.0 |     0.0/   0.0 |     0.0/   0.0 |     0.0/   0.0 |     0.0/   0.0 |
nid200377:2124201:2124531 [1] NCCL INFO        Reduce |     0.0/   0.0 |     0.0/   0.0 |     0.0/   0.0 |     0.0/   0.0 |     0.0/   0.0 |     0.0/   0.0 |     0.0/   0.0 |     0.0/   0.0 |     0.0/   0.0 |
nid200377:2124201:2124531 [1] NCCL INFO     AllGather |     0.0/   0.0 |     0.0/   0.0 |     0.0/   0.0 |     0.0/   0.0 |     0.0/   0.0 |    18.0/   0.0 |     0.0/   0.0 |     0.0/   0.0 |     0.0/   0.0 |
nid200377:2124201:2124531 [1] NCCL INFO ReduceScatter |     0.0/   0.0 |     0.0/   0.0 |     0.0/   0.0 |     0.0/   0.0 |     0.0/   0.0 |    18.0/   0.0 |     0.0/   0.0 |     0.0/   0.0 |     0.0/   0.0 |
nid200377:2124201:2124531 [1] NCCL INFO     AllReduce |     0.0/   0.0 |     0.0/   0.0 |    30.0/   0.0 |     0.0/   0.0 |     0.0/   0.0 |    18.0/   0.0 |     0.0/   0.0 |     0.0/   0.0 |    56.0/   0.0 |
nid200380:193786:193786 [0] NCCL INFO AllGather: opCount 0 sendbuff 0x633400000 recvbuff 0x633420000 count 131072 datatype 0 op 0 root 0 comm 0x55a00c277640 [nranks=4] stream 0x55a00b8738c0
nid200380:193791:193791 [3] NCCL INFO AllGather: opCount 0 sendbuff 0x633400000 recvbuff 0x633420000 count 131072 datatype 0 op 0 root 0 comm 0x55c482184d20 [nranks=4] stream 0x55c481780d60
nid200381:391949:391949 [0] NCCL INFO AllGather: opCount 0 sendbuff 0x633400000 recvbuff 0x633420000 count 131072 datatype 0 op 0 root 0 comm 0x56482b2f7de0 [nranks=4] stream 0x56482a8f1ae0
nid200377:2124205:2124205 [3] NCCL INFO AllGather: opCount 0 sendbuff 0x631a00000 recvbuff 0x631a20000 count 131072 datatype 0 op 0 root 0 comm 0x56281054f280 [nranks=4] stream 0x56280fb48ff0
nid200377:2124205:2124205 [3] NCCL INFO 524288 Bytes -> Algo 1 proto 0 time 47.468002
nid200381:391954:391954 [3] NCCL INFO AllGather: opCount 0 sendbuff 0x633400000 recvbuff 0x633420000 count 131072 datatype 0 op 0 root 0 comm 0x55a0f3c79f60 [nranks=4] stream 0x55a0f3274000
nid200377:2124200:2124200 [0] NCCL INFO AllGather: opCount 0 sendbuff 0x631a00000 recvbuff 0x631a20000 count 131072 datatype 0 op 0 root 0 comm 0x55e475093700 [nranks=4] stream 0x55e474690c90
nid200377:2124200:2124200 [0] NCCL INFO 524288 Bytes -> Algo 1 proto 0 time 47.468002
nid200384:418375:418375 [3] NCCL INFO AllGather: opCount 0 sendbuff 0x62de00000 recvbuff 0x62de20000 count 131072 datatype 0 op 0 root 0 comm 0x55f5ca4c4b50 [nranks=4] stream 0x55f5c9abed80
nid200384:418370:418370 [0] NCCL INFO AllGather: opCount 0 sendbuff 0x62de00000 recvbuff 0x62de20000 count 131072 datatype 0 op 0 root 0 comm 0x5558bf2d7320 [nranks=4] stream 0x5558be8d14b0
nid200381:391950:391950 [1] NCCL INFO AllGather: opCount 0 sendbuff 0x63ce00000 recvbuff 0x63ce20000 count 131072 datatype 0 op 0 root 0 comm 0x560e072b17e0 [nranks=4] stream 0x560e068aef40
nid200380:193787:193787 [1] NCCL INFO AllGather: opCount 0 sendbuff 0x63ce00000 recvbuff 0x63ce20000 count 131072 datatype 0 op 0 root 0 comm 0x55fa0577cb10 [nranks=4] stream 0x55fa04d79280
nid200381:391951:391951 [2] NCCL INFO AllGather: opCount 0 sendbuff 0x63ce00000 recvbuff 0x63ce20000 count 131072 datatype 0 op 0 root 0 comm 0x55bc9cf96100 [nranks=4] stream 0x55bc9c590170
nid200377:2124201:2124201 [1] NCCL INFO AllGather: opCount 0 sendbuff 0x63b400000 recvbuff 0x63b420000 count 131072 datatype 0 op 0 root 0 comm 0x5593738931f0 [nranks=4] stream 0x559372e8d360
nid200377:2124201:2124201 [1] NCCL INFO 524288 Bytes -> Algo 1 proto 0 time 47.468002
nid200380:193789:193789 [2] NCCL INFO AllGather: opCount 0 sendbuff 0x63ce00000 recvbuff 0x63ce20000 count 131072 datatype 0 op 0 root 0 comm 0x55772e580a00 [nranks=4] stream 0x55772db7d0f0
nid200377:2124202:2124202 [2] NCCL INFO AllGather: opCount 0 sendbuff 0x63b400000 recvbuff 0x63b420000 count 131072 datatype 0 op 0 root 0 comm 0x55a282b4b0b0 [nranks=4] stream 0x55a282145220
nid200377:2124202:2124202 [2] NCCL INFO 524288 Bytes -> Algo 1 proto 0 time 47.468002
nid200384:418371:418371 [1] NCCL INFO AllGather: opCount 0 sendbuff 0x63ba00000 recvbuff 0x63ba20000 count 131072 datatype 0 op 0 root 0 comm 0x563679613d90 [nranks=4] stream 0x563678c0de70
nid200384:418373:418373 [2] NCCL INFO AllGather: opCount 0 sendbuff 0x63ba00000 recvbuff 0x63ba20000 count 131072 datatype 0 op 0 root 0 comm 0x55c8e58cdfe0 [nranks=4] stream 0x55c8e4ec8070
nid200380:193786:194145 [0] NCCL INFO   Algorithm   |                            Tree                  |                            Ring                  |                   CollNetDirect                  |
nid200380:193786:194145 [0] NCCL INFO   Protocol    |             LL |          LL128 |         Simple |             LL |          LL128 |         Simple |             LL |          LL128 |         Simple |
nid200380:193786:194145 [0] NCCL INFO  Max NThreads |            512 |            640 |            512 |            512 |            640 |            512 |              0 |              0 |            640 |
nid200380:193786:194145 [0] NCCL INFO     Broadcast |     0.0/   0.0 |     0.0/   0.0 |     0.0/   0.0 |     9.0/  87.7 |    21.6/ 220.8 |   120.4/ 240.0 |     0.0/   0.0 |     0.0/   0.0 |     0.0/   0.0 |
nid200380:193786:194145 [0] NCCL INFO        Reduce |     0.0/   0.0 |     0.0/   0.0 |     0.0/   0.0 |     9.0/  87.7 |    21.6/ 220.8 |   120.4/ 240.0 |     0.0/   0.0 |     0.0/   0.0 |     0.0/   0.0 |
nid200380:193786:194145 [0] NCCL INFO     AllGather |     0.0/   0.0 |     0.0/   0.0 |     0.0/   0.0 |     8.4/ 116.9 |    19.7/ 294.4 |    18.6/ 320.0 |     2.4/   0.0 |     2.4/   0.0 |    40.8/   0.0 |
nid200380:193786:194145 [0] NCCL INFO ReduceScatter |     0.0/   0.0 |     0.0/   0.0 |     0.0/   0.0 |     8.4/ 116.9 |    19.7/ 294.4 |    18.6/ 320.0 |     2.4/   0.0 |     2.4/   0.0 |    40.8/   0.0 |
nid200380:193786:194145 [0] NCCL INFO     AllReduce |    10.4/  29.1 |    21.5/  85.9 |   168.0/ 110.4 |    10.2/  58.5 |    25.4/ 147.2 |    28.8/ 160.0 |     2.4/   0.0 |     2.4/   0.0 |    40.8/   0.0 |
nid200380:193786:194145 [0] NCCL INFO   Algorithm   |                    CollNetChain                  |                            NVLS                  |                        NVLSTree                  |
nid200380:193786:194145 [0] NCCL INFO   Protocol    |             LL |          LL128 |         Simple |             LL |          LL128 |         Simple |             LL |          LL128 |         Simple |
nid200380:193786:194145 [0] NCCL INFO  Max NThreads |              0 |              0 |            640 |              0 |              0 |            640 |              0 |              0 |            640 |
nid200380:193786:194145 [0] NCCL INFO     Broadcast |     0.0/   0.0 |     0.0/   0.0 |     0.0/   0.0 |     0.0/   0.0 |     0.0/   0.0 |     0.0/   0.0 |     0.0/   0.0 |     0.0/   0.0 |     0.0/   0.0 |
nid200380:193786:194145 [0] NCCL INFO        Reduce |     0.0/   0.0 |     0.0/   0.0 |     0.0/   0.0 |     0.0/   0.0 |     0.0/   0.0 |     0.0/   0.0 |     0.0/   0.0 |     0.0/   0.0 |     0.0/   0.0 |
nid200380:193786:194145 [0] NCCL INFO     AllGather |     0.0/   0.0 |     0.0/   0.0 |     0.0/   0.0 |     0.0/   0.0 |     0.0/   0.0 |     0.0/   0.0 |     0.0/   0.0 |     0.0/   0.0 |     0.0/   0.0 |
nid200380:193786:194145 [0] NCCL INFO ReduceScatter |     0.0/   0.0 |     0.0/   0.0 |     0.0/   0.0 |     0.0/   0.0 |     0.0/   0.0 |     0.0/   0.0 |     0.0/   0.0 |     0.0/   0.0 |     0.0/   0.0 |
nid200380:193786:194145 [0] NCCL INFO     AllReduce |     0.0/   0.0 |     0.0/   0.0 |    46.8/   0.0 |     0.0/   0.0 |     0.0/   0.0 |     0.0/   0.0 |     0.0/   0.0 |     0.0/   0.0 |     0.0/   0.0 |
nid200384:418370:418729 [0] NCCL INFO   Algorithm   |                            Tree                  |                            Ring                  |                   CollNetDirect                  |
nid200384:418370:418729 [0] NCCL INFO   Protocol    |             LL |          LL128 |         Simple |             LL |          LL128 |         Simple |             LL |          LL128 |         Simple |
nid200384:418370:418729 [0] NCCL INFO  Max NThreads |            512 |            640 |            512 |            512 |            640 |            512 |              0 |              0 |            640 |
nid200384:418370:418729 [0] NCCL INFO     Broadcast |     0.0/   0.0 |     0.0/   0.0 |     0.0/   0.0 |     9.0/  87.7 |    21.6/ 220.8 |   120.4/ 240.0 |     0.0/   0.0 |     0.0/   0.0 |     0.0/   0.0 |
nid200384:418370:418729 [0] NCCL INFO        Reduce |     0.0/   0.0 |     0.0/   0.0 |     0.0/   0.0 |     9.0/  87.7 |    21.6/ 220.8 |   120.4/ 240.0 |     0.0/   0.0 |     0.0/   0.0 |     0.0/   0.0 |
nid200384:418370:418729 [0] NCCL INFO     AllGather |     0.0/   0.0 |     0.0/   0.0 |     0.0/   0.0 |     8.4/ 116.9 |    19.7/ 294.4 |    18.6/ 320.0 |     2.4/   0.0 |     2.4/   0.0 |    40.8/   0.0 |
nid200384:418370:418729 [0] NCCL INFO ReduceScatter |     0.0/   0.0 |     0.0/   0.0 |     0.0/   0.0 |     8.4/ 116.9 |    19.7/ 294.4 |    18.6/ 320.0 |     2.4/   0.0 |     2.4/   0.0 |    40.8/   0.0 |
nid200384:418370:418729 [0] NCCL INFO     AllReduce |    10.4/  29.1 |    21.5/  85.9 |   168.0/ 110.4 |    10.2/  58.5 |    25.4/ 147.2 |    28.8/ 160.0 |     2.4/   0.0 |     2.4/   0.0 |    40.8/   0.0 |
nid200384:418370:418729 [0] NCCL INFO   Algorithm   |                    CollNetChain                  |                            NVLS                  |                        NVLSTree                  |
nid200384:418370:418729 [0] NCCL INFO   Protocol    |             LL |          LL128 |         Simple |             LL |          LL128 |         Simple |             LL |          LL128 |         Simple |
nid200384:418370:418729 [0] NCCL INFO  Max NThreads |              0 |              0 |            640 |              0 |              0 |            640 |              0 |              0 |            640 |
nid200384:418370:418729 [0] NCCL INFO     Broadcast |     0.0/   0.0 |     0.0/   0.0 |     0.0/   0.0 |     0.0/   0.0 |     0.0/   0.0 |     0.0/   0.0 |     0.0/   0.0 |     0.0/   0.0 |     0.0/   0.0 |
nid200384:418370:418729 [0] NCCL INFO        Reduce |     0.0/   0.0 |     0.0/   0.0 |     0.0/   0.0 |     0.0/   0.0 |     0.0/   0.0 |     0.0/   0.0 |     0.0/   0.0 |     0.0/   0.0 |     0.0/   0.0 |
nid200384:418370:418729 [0] NCCL INFO     AllGather |     0.0/   0.0 |     0.0/   0.0 |     0.0/   0.0 |     0.0/   0.0 |     0.0/   0.0 |     0.0/   0.0 |     0.0/   0.0 |     0.0/   0.0 |     0.0/   0.0 |
nid200384:418370:418729 [0] NCCL INFO ReduceScatter |     0.0/   0.0 |     0.0/   0.0 |     0.0/   0.0 |     0.0/   0.0 |     0.0/   0.0 |     0.0/   0.0 |     0.0/   0.0 |     0.0/   0.0 |     0.0/   0.0 |
nid200384:418370:418729 [0] NCCL INFO     AllReduce |     0.0/   0.0 |     0.0/   0.0 |    46.8/   0.0 |     0.0/   0.0 |     0.0/   0.0 |     0.0/   0.0 |     0.0/   0.0 |     0.0/   0.0 |     0.0/   0.0 |
nid200380:193787:193787 [1] NCCL INFO AllGather: opCount 0 sendbuff 0x63ce20000 recvbuff 0x7fa460000000 count 524288 datatype 0 op 0 root 0 comm 0x55fa05790ad0 [nranks=4] stream 0x55fa04d79580
nid200380:193791:193791 [3] NCCL INFO AllGather: opCount 0 sendbuff 0x633420000 recvbuff 0x7f0232000000 count 524288 datatype 0 op 0 root 0 comm 0x55c482198ce0 [nranks=4] stream 0x55c481781060
nid200380:193789:193789 [2] NCCL INFO AllGather: opCount 0 sendbuff 0x63ce20000 recvbuff 0x7f1ba6000000 count 524288 datatype 0 op 0 root 0 comm 0x55772e5949c0 [nranks=4] stream 0x55772db7d3f0
nid200380:193786:193786 [0] NCCL INFO AllGather: opCount 0 sendbuff 0x633420000 recvbuff 0x7ff0f2000000 count 524288 datatype 0 op 0 root 0 comm 0x55a00c28ba80 [nranks=4] stream 0x55a00b873bc0
nid200380:193786:193786 [0] NCCL INFO 2097152 Bytes -> Algo 1 proto 2 time 25.153601
nid200380:193789:193789 [2] NCCL INFO AllGather: opCount 1 sendbuff 0x63ce00000 recvbuff 0x63ce20000 count 131072 datatype 0 op 0 root 0 comm 0x55772e580a00 [nranks=4] stream 0x55772db7d0f0
nid200380:193791:193791 [3] NCCL INFO AllGather: opCount 1 sendbuff 0x633400000 recvbuff 0x633420000 count 131072 datatype 0 op 0 root 0 comm 0x55c482184d20 [nranks=4] stream 0x55c481780d60
nid200380:193787:193787 [1] NCCL INFO AllGather: opCount 1 sendbuff 0x63ce00000 recvbuff 0x63ce20000 count 131072 datatype 0 op 0 root 0 comm 0x55fa0577cb10 [nranks=4] stream 0x55fa04d79280
nid200380:193786:193786 [0] NCCL INFO AllGather: opCount 1 sendbuff 0x633400000 recvbuff 0x633420000 count 131072 datatype 0 op 0 root 0 comm 0x55a00c277640 [nranks=4] stream 0x55a00b8738c0
nid200380:193789:193789 [2] NCCL INFO AllGather: opCount 1 sendbuff 0x63ce20000 recvbuff 0x7f1ba6000000 count 524288 datatype 0 op 0 root 0 comm 0x55772e5949c0 [nranks=4] stream 0x55772db7d3f0
nid200380:193791:193791 [3] NCCL INFO AllGather: opCount 1 sendbuff 0x633420000 recvbuff 0x7f0232000000 count 524288 datatype 0 op 0 root 0 comm 0x55c482198ce0 [nranks=4] stream 0x55c481781060
nid200380:193787:193787 [1] NCCL INFO AllGather: opCount 1 sendbuff 0x63ce20000 recvbuff 0x7fa460000000 count 524288 datatype 0 op 0 root 0 comm 0x55fa05790ad0 [nranks=4] stream 0x55fa04d79580
nid200380:193786:193786 [0] NCCL INFO AllGather: opCount 1 sendbuff 0x633420000 recvbuff 0x7ff0f2000000 count 524288 datatype 0 op 0 root 0 comm 0x55a00c28ba80 [nranks=4] stream 0x55a00b873bc0
nid200380:193786:193786 [0] NCCL INFO 2097152 Bytes -> Algo 1 proto 2 time 25.153601
nid200384:418375:418375 [3] NCCL INFO AllGather: opCount 0 sendbuff 0x62de20000 recvbuff 0x7f8fe4000000 count 524288 datatype 0 op 0 root 0 comm 0x55f5ca4d9020 [nranks=4] stream 0x55f5c9abf080
nid200384:418371:418371 [1] NCCL INFO AllGather: opCount 0 sendbuff 0x63ba20000 recvbuff 0x7f07c4000000 count 524288 datatype 0 op 0 root 0 comm 0x563679628260 [nranks=4] stream 0x563678c0e170
nid200384:418370:418370 [0] NCCL INFO AllGather: opCount 0 sendbuff 0x62de20000 recvbuff 0x7f7880000000 count 524288 datatype 0 op 0 root 0 comm 0x5558bf2eb7f0 [nranks=4] stream 0x5558be8d17b0
nid200384:418373:418373 [2] NCCL INFO AllGather: opCount 0 sendbuff 0x63ba20000 recvbuff 0x7f5302000000 count 524288 datatype 0 op 0 root 0 comm 0x55c8e58e24b0 [nranks=4] stream 0x55c8e4ec8370
nid200384:418370:418370 [0] NCCL INFO 2097152 Bytes -> Algo 1 proto 2 time 25.153601
nid200384:418375:418375 [3] NCCL INFO AllGather: opCount 1 sendbuff 0x62de00000 recvbuff 0x62de20000 count 131072 datatype 0 op 0 root 0 comm 0x55f5ca4c4b50 [nranks=4] stream 0x55f5c9abed80
nid200384:418371:418371 [1] NCCL INFO AllGather: opCount 1 sendbuff 0x63ba00000 recvbuff 0x63ba20000 count 131072 datatype 0 op 0 root 0 comm 0x563679613d90 [nranks=4] stream 0x563678c0de70
nid200384:418373:418373 [2] NCCL INFO AllGather: opCount 1 sendbuff 0x63ba00000 recvbuff 0x63ba20000 count 131072 datatype 0 op 0 root 0 comm 0x55c8e58cdfe0 [nranks=4] stream 0x55c8e4ec8070
nid200384:418375:418375 [3] NCCL INFO AllGather: opCount 1 sendbuff 0x62de20000 recvbuff 0x7f8fe4000000 count 524288 datatype 0 op 0 root 0 comm 0x55f5ca4d9020 [nranks=4] stream 0x55f5c9abf080
nid200384:418370:418370 [0] NCCL INFO AllGather: opCount 1 sendbuff 0x62de00000 recvbuff 0x62de20000 count 131072 datatype 0 op 0 root 0 comm 0x5558bf2d7320 [nranks=4] stream 0x5558be8d14b0
nid200384:418371:418371 [1] NCCL INFO AllGather: opCount 1 sendbuff 0x63ba20000 recvbuff 0x7f07c4000000 count 524288 datatype 0 op 0 root 0 comm 0x563679628260 [nranks=4] stream 0x563678c0e170
nid200384:418373:418373 [2] NCCL INFO AllGather: opCount 1 sendbuff 0x63ba20000 recvbuff 0x7f5302000000 count 524288 datatype 0 op 0 root 0 comm 0x55c8e58e24b0 [nranks=4] stream 0x55c8e4ec8370
nid200384:418370:418370 [0] NCCL INFO AllGather: opCount 1 sendbuff 0x62de20000 recvbuff 0x7f7880000000 count 524288 datatype 0 op 0 root 0 comm 0x5558bf2eb7f0 [nranks=4] stream 0x5558be8d17b0
nid200384:418370:418370 [0] NCCL INFO 2097152 Bytes -> Algo 1 proto 2 time 25.153601
nid200377:2124200:2124549 [0] NCCL INFO   Algorithm   |                            Tree                  |                            Ring                  |                   CollNetDirect                  |
nid200377:2124200:2124549 [0] NCCL INFO   Protocol    |             LL |          LL128 |         Simple |             LL |          LL128 |         Simple |             LL |          LL128 |         Simple |
nid200377:2124200:2124549 [0] NCCL INFO  Max NThreads |            512 |            640 |            512 |            512 |            640 |            512 |              0 |              0 |            640 |
nid200377:2124200:2124549 [0] NCCL INFO     Broadcast |     0.0/   0.0 |     0.0/   0.0 |     0.0/   0.0 |     9.0/  87.7 |    21.6/ 220.8 |   120.4/ 240.0 |     0.0/   0.0 |     0.0/   0.0 |     0.0/   0.0 |
nid200377:2124200:2124549 [0] NCCL INFO        Reduce |     0.0/   0.0 |     0.0/   0.0 |     0.0/   0.0 |     9.0/  87.7 |    21.6/ 220.8 |   120.4/ 240.0 |     0.0/   0.0 |     0.0/   0.0 |     0.0/   0.0 |
nid200377:2124200:2124549 [0] NCCL INFO     AllGather |     0.0/   0.0 |     0.0/   0.0 |     0.0/   0.0 |     8.4/ 116.9 |    19.7/ 294.4 |    18.6/ 320.0 |     2.4/   0.0 |     2.4/   0.0 |    40.8/   0.0 |
nid200377:2124200:2124549 [0] NCCL INFO ReduceScatter |     0.0/   0.0 |     0.0/   0.0 |     0.0/   0.0 |     8.4/ 116.9 |    19.7/ 294.4 |    18.6/ 320.0 |     2.4/   0.0 |     2.4/   0.0 |    40.8/   0.0 |
nid200377:2124200:2124549 [0] NCCL INFO     AllReduce |    10.4/  29.1 |    21.5/  85.9 |   168.0/ 110.4 |    10.2/  58.5 |    25.4/ 147.2 |    28.8/ 160.0 |     2.4/   0.0 |     2.4/   0.0 |    40.8/   0.0 |
nid200377:2124200:2124549 [0] NCCL INFO   Algorithm   |                    CollNetChain                  |                            NVLS                  |                        NVLSTree                  |
nid200377:2124200:2124549 [0] NCCL INFO   Protocol    |             LL |          LL128 |         Simple |             LL |          LL128 |         Simple |             LL |          LL128 |         Simple |
nid200377:2124200:2124549 [0] NCCL INFO  Max NThreads |              0 |              0 |            640 |              0 |              0 |            640 |              0 |              0 |            640 |
nid200377:2124200:2124549 [0] NCCL INFO     Broadcast |     0.0/   0.0 |     0.0/   0.0 |     0.0/   0.0 |     0.0/   0.0 |     0.0/   0.0 |     0.0/   0.0 |     0.0/   0.0 |     0.0/   0.0 |     0.0/   0.0 |
nid200377:2124200:2124549 [0] NCCL INFO        Reduce |     0.0/   0.0 |     0.0/   0.0 |     0.0/   0.0 |     0.0/   0.0 |     0.0/   0.0 |     0.0/   0.0 |     0.0/   0.0 |     0.0/   0.0 |     0.0/   0.0 |
nid200377:2124200:2124549 [0] NCCL INFO     AllGather |     0.0/   0.0 |     0.0/   0.0 |     0.0/   0.0 |     0.0/   0.0 |     0.0/   0.0 |     0.0/   0.0 |     0.0/   0.0 |     0.0/   0.0 |     0.0/   0.0 |
nid200377:2124200:2124549 [0] NCCL INFO ReduceScatter |     0.0/   0.0 |     0.0/   0.0 |     0.0/   0.0 |     0.0/   0.0 |     0.0/   0.0 |     0.0/   0.0 |     0.0/   0.0 |     0.0/   0.0 |     0.0/   0.0 |
nid200377:2124200:2124549 [0] NCCL INFO     AllReduce |     0.0/   0.0 |     0.0/   0.0 |    46.8/   0.0 |     0.0/   0.0 |     0.0/   0.0 |     0.0/   0.0 |     0.0/   0.0 |     0.0/   0.0 |     0.0/   0.0 |
nid200377:2124201:2124201 [1] NCCL INFO AllGather: opCount 0 sendbuff 0x63b420000 recvbuff 0x7fbaf8000000 count 524288 datatype 0 op 0 root 0 comm 0x5593738a7b80 [nranks=4] stream 0x559372e8d660
