nid200377:2124202:2124202 [2] NCCL INFO AllGather: opCount 0 sendbuff 0x63b420000 recvbuff 0x7fa0e4000000 count 524288 datatype 0 op 0 root 0 comm 0x55a282b5fa40 [nranks=4] stream 0x55a282145520
nid200377:2124205:2124205 [3] NCCL INFO AllGather: opCount 0 sendbuff 0x631a20000 recvbuff 0x7f050c000000 count 524288 datatype 0 op 0 root 0 comm 0x562810563750 [nranks=4] stream 0x56280fb492f0
nid200377:2124200:2124200 [0] NCCL INFO AllGather: opCount 0 sendbuff 0x631a20000 recvbuff 0x7f980a000000 count 524288 datatype 0 op 0 root 0 comm 0x55e4750a86c0 [nranks=4] stream 0x55e474690f90
nid200377:2124200:2124200 [0] NCCL INFO 2097152 Bytes -> Algo 1 proto 2 time 25.153601
nid200377:2124201:2124201 [1] NCCL INFO AllGather: opCount 1 sendbuff 0x63b400000 recvbuff 0x63b420000 count 131072 datatype 0 op 0 root 0 comm 0x5593738931f0 [nranks=4] stream 0x559372e8d360
nid200377:2124201:2124201 [1] NCCL INFO 524288 Bytes -> Algo 1 proto 0 time 47.468002
nid200377:2124202:2124202 [2] NCCL INFO AllGather: opCount 1 sendbuff 0x63b400000 recvbuff 0x63b420000 count 131072 datatype 0 op 0 root 0 comm 0x55a282b4b0b0 [nranks=4] stream 0x55a282145220
nid200377:2124202:2124202 [2] NCCL INFO 524288 Bytes -> Algo 1 proto 0 time 47.468002
nid200377:2124205:2124205 [3] NCCL INFO AllGather: opCount 1 sendbuff 0x631a00000 recvbuff 0x631a20000 count 131072 datatype 0 op 0 root 0 comm 0x56281054f280 [nranks=4] stream 0x56280fb48ff0
nid200377:2124205:2124205 [3] NCCL INFO 524288 Bytes -> Algo 1 proto 0 time 47.468002
nid200377:2124202:2124202 [2] NCCL INFO AllGather: opCount 1 sendbuff 0x63b420000 recvbuff 0x7fa0e4000000 count 524288 datatype 0 op 0 root 0 comm 0x55a282b5fa40 [nranks=4] stream 0x55a282145520
nid200377:2124200:2124200 [0] NCCL INFO AllGather: opCount 1 sendbuff 0x631a00000 recvbuff 0x631a20000 count 131072 datatype 0 op 0 root 0 comm 0x55e475093700 [nranks=4] stream 0x55e474690c90
nid200377:2124200:2124200 [0] NCCL INFO 524288 Bytes -> Algo 1 proto 0 time 47.468002
nid200377:2124201:2124201 [1] NCCL INFO AllGather: opCount 1 sendbuff 0x63b420000 recvbuff 0x7fbaf8000000 count 524288 datatype 0 op 0 root 0 comm 0x5593738a7b80 [nranks=4] stream 0x559372e8d660
nid200377:2124205:2124205 [3] NCCL INFO AllGather: opCount 1 sendbuff 0x631a20000 recvbuff 0x7f050c000000 count 524288 datatype 0 op 0 root 0 comm 0x562810563750 [nranks=4] stream 0x56280fb492f0
nid200377:2124200:2124200 [0] NCCL INFO AllGather: opCount 1 sendbuff 0x631a20000 recvbuff 0x7f980a000000 count 524288 datatype 0 op 0 root 0 comm 0x55e4750a86c0 [nranks=4] stream 0x55e474690f90
nid200377:2124200:2124200 [0] NCCL INFO 2097152 Bytes -> Algo 1 proto 2 time 25.153601
nid200381:391949:392290 [0] NCCL INFO   Algorithm   |                            Tree                  |                            Ring                  |                   CollNetDirect                  |
nid200381:391949:392290 [0] NCCL INFO   Protocol    |             LL |          LL128 |         Simple |             LL |          LL128 |         Simple |             LL |          LL128 |         Simple |
nid200381:391949:392290 [0] NCCL INFO  Max NThreads |            512 |            640 |            512 |            512 |            640 |            512 |              0 |              0 |            640 |
nid200381:391949:392290 [0] NCCL INFO     Broadcast |     0.0/   0.0 |     0.0/   0.0 |     0.0/   0.0 |     9.0/  87.7 |    21.6/ 220.8 |   120.4/ 240.0 |     0.0/   0.0 |     0.0/   0.0 |     0.0/   0.0 |
nid200381:391949:392290 [0] NCCL INFO        Reduce |     0.0/   0.0 |     0.0/   0.0 |     0.0/   0.0 |     9.0/  87.7 |    21.6/ 220.8 |   120.4/ 240.0 |     0.0/   0.0 |     0.0/   0.0 |     0.0/   0.0 |
nid200381:391949:392290 [0] NCCL INFO     AllGather |     0.0/   0.0 |     0.0/   0.0 |     0.0/   0.0 |     8.4/ 116.9 |    19.7/ 294.4 |    18.6/ 320.0 |     2.4/   0.0 |     2.4/   0.0 |    40.8/   0.0 |
nid200381:391949:392290 [0] NCCL INFO ReduceScatter |     0.0/   0.0 |     0.0/   0.0 |     0.0/   0.0 |     8.4/ 116.9 |    19.7/ 294.4 |    18.6/ 320.0 |     2.4/   0.0 |     2.4/   0.0 |    40.8/   0.0 |
nid200381:391949:392290 [0] NCCL INFO     AllReduce |    10.4/  29.1 |    21.5/  85.9 |   168.0/ 110.4 |    10.2/  58.5 |    25.4/ 147.2 |    28.8/ 160.0 |     2.4/   0.0 |     2.4/   0.0 |    40.8/   0.0 |
nid200381:391949:392290 [0] NCCL INFO   Algorithm   |                    CollNetChain                  |                            NVLS                  |                        NVLSTree                  |
nid200381:391949:392290 [0] NCCL INFO   Protocol    |             LL |          LL128 |         Simple |             LL |          LL128 |         Simple |             LL |          LL128 |         Simple |
nid200381:391949:392290 [0] NCCL INFO  Max NThreads |              0 |              0 |            640 |              0 |              0 |            640 |              0 |              0 |            640 |
nid200381:391949:392290 [0] NCCL INFO     Broadcast |     0.0/   0.0 |     0.0/   0.0 |     0.0/   0.0 |     0.0/   0.0 |     0.0/   0.0 |     0.0/   0.0 |     0.0/   0.0 |     0.0/   0.0 |     0.0/   0.0 |
nid200381:391949:392290 [0] NCCL INFO        Reduce |     0.0/   0.0 |     0.0/   0.0 |     0.0/   0.0 |     0.0/   0.0 |     0.0/   0.0 |     0.0/   0.0 |     0.0/   0.0 |     0.0/   0.0 |     0.0/   0.0 |
nid200381:391949:392290 [0] NCCL INFO     AllGather |     0.0/   0.0 |     0.0/   0.0 |     0.0/   0.0 |     0.0/   0.0 |     0.0/   0.0 |     0.0/   0.0 |     0.0/   0.0 |     0.0/   0.0 |     0.0/   0.0 |
nid200381:391949:392290 [0] NCCL INFO ReduceScatter |     0.0/   0.0 |     0.0/   0.0 |     0.0/   0.0 |     0.0/   0.0 |     0.0/   0.0 |     0.0/   0.0 |     0.0/   0.0 |     0.0/   0.0 |     0.0/   0.0 |
nid200381:391949:392290 [0] NCCL INFO     AllReduce |     0.0/   0.0 |     0.0/   0.0 |    46.8/   0.0 |     0.0/   0.0 |     0.0/   0.0 |     0.0/   0.0 |     0.0/   0.0 |     0.0/   0.0 |     0.0/   0.0 |
nid200381:391954:391954 [3] NCCL INFO AllGather: opCount 0 sendbuff 0x633420000 recvbuff 0x7f11d8000000 count 524288 datatype 0 op 0 root 0 comm 0x55a0f3c8e710 [nranks=4] stream 0x55a0f3274300
nid200381:391950:391950 [1] NCCL INFO AllGather: opCount 0 sendbuff 0x63ce20000 recvbuff 0x7f005e000000 count 524288 datatype 0 op 0 root 0 comm 0x560e072c5c10 [nranks=4] stream 0x560e068af240
nid200381:391949:391949 [0] NCCL INFO AllGather: opCount 0 sendbuff 0x633420000 recvbuff 0x7f34aa000000 count 524288 datatype 0 op 0 root 0 comm 0x56482b30c590 [nranks=4] stream 0x56482a8f1de0
nid200381:391951:391951 [2] NCCL INFO AllGather: opCount 0 sendbuff 0x63ce20000 recvbuff 0x7fa8e8000000 count 524288 datatype 0 op 0 root 0 comm 0x55bc9cfaa8b0 [nranks=4] stream 0x55bc9c590470
nid200381:391949:391949 [0] NCCL INFO 2097152 Bytes -> Algo 1 proto 2 time 25.153601
nid200381:391950:391950 [1] NCCL INFO AllGather: opCount 1 sendbuff 0x63ce00000 recvbuff 0x63ce20000 count 131072 datatype 0 op 0 root 0 comm 0x560e072b17e0 [nranks=4] stream 0x560e068aef40
nid200381:391954:391954 [3] NCCL INFO AllGather: opCount 1 sendbuff 0x633400000 recvbuff 0x633420000 count 131072 datatype 0 op 0 root 0 comm 0x55a0f3c79f60 [nranks=4] stream 0x55a0f3274000
nid200381:391951:391951 [2] NCCL INFO AllGather: opCount 1 sendbuff 0x63ce00000 recvbuff 0x63ce20000 count 131072 datatype 0 op 0 root 0 comm 0x55bc9cf96100 [nranks=4] stream 0x55bc9c590170
nid200381:391954:391954 [3] NCCL INFO AllGather: opCount 1 sendbuff 0x633420000 recvbuff 0x7f11d8000000 count 524288 datatype 0 op 0 root 0 comm 0x55a0f3c8e710 [nranks=4] stream 0x55a0f3274300
nid200381:391949:391949 [0] NCCL INFO AllGather: opCount 1 sendbuff 0x633400000 recvbuff 0x633420000 count 131072 datatype 0 op 0 root 0 comm 0x56482b2f7de0 [nranks=4] stream 0x56482a8f1ae0
nid200381:391950:391950 [1] NCCL INFO AllGather: opCount 1 sendbuff 0x63ce20000 recvbuff 0x7f005e000000 count 524288 datatype 0 op 0 root 0 comm 0x560e072c5c10 [nranks=4] stream 0x560e068af240
nid200381:391951:391951 [2] NCCL INFO AllGather: opCount 1 sendbuff 0x63ce20000 recvbuff 0x7fa8e8000000 count 524288 datatype 0 op 0 root 0 comm 0x55bc9cfaa8b0 [nranks=4] stream 0x55bc9c590470
nid200381:391949:391949 [0] NCCL INFO AllGather: opCount 1 sendbuff 0x633420000 recvbuff 0x7f34aa000000 count 524288 datatype 0 op 0 root 0 comm 0x56482b30c590 [nranks=4] stream 0x56482a8f1de0
nid200381:391949:391949 [0] NCCL INFO 2097152 Bytes -> Algo 1 proto 2 time 25.153601
nid200381:391949:391949 [0] NCCL INFO AllGather: opCount 2 sendbuff 0x633400000 recvbuff 0x633420000 count 131072 datatype 0 op 0 root 0 comm 0x56482b2f7de0 [nranks=4] stream 0x56482a8f1ae0
nid200381:391950:391950 [1] NCCL INFO AllGather: opCount 2 sendbuff 0x63ce00000 recvbuff 0x63ce20000 count 131072 datatype 0 op 0 root 0 comm 0x560e072b17e0 [nranks=4] stream 0x560e068aef40
nid200380:193789:193789 [2] NCCL INFO AllGather: opCount 2 sendbuff 0x63ce00000 recvbuff 0x63ce20000 count 131072 datatype 0 op 0 root 0 comm 0x55772e580a00 [nranks=4] stream 0x55772db7d0f0
nid200384:418371:418371 [1] NCCL INFO AllGather: opCount 2 sendbuff 0x63ba00000 recvbuff 0x63ba20000 count 131072 datatype 0 op 0 root 0 comm 0x563679613d90 [nranks=4] stream 0x563678c0de70
nid200381:391951:391951 [2] NCCL INFO AllGather: opCount 2 sendbuff 0x63ce00000 recvbuff 0x63ce20000 count 131072 datatype 0 op 0 root 0 comm 0x55bc9cf96100 [nranks=4] stream 0x55bc9c590170
nid200381:391954:391954 [3] NCCL INFO AllGather: opCount 2 sendbuff 0x633400000 recvbuff 0x633420000 count 131072 datatype 0 op 0 root 0 comm 0x55a0f3c79f60 [nranks=4] stream 0x55a0f3274000
nid200381:391949:391949 [0] NCCL INFO AllGather: opCount 2 sendbuff 0x633420000 recvbuff 0x7f34aa000000 count 524288 datatype 0 op 0 root 0 comm 0x56482b30c590 [nranks=4] stream 0x56482a8f1de0
nid200381:391950:391950 [1] NCCL INFO AllGather: opCount 2 sendbuff 0x63ce20000 recvbuff 0x7f005e000000 count 524288 datatype 0 op 0 root 0 comm 0x560e072c5c10 [nranks=4] stream 0x560e068af240
nid200380:193789:193789 [2] NCCL INFO AllGather: opCount 2 sendbuff 0x63ce20000 recvbuff 0x7f1ba6000000 count 524288 datatype 0 op 0 root 0 comm 0x55772e5949c0 [nranks=4] stream 0x55772db7d3f0
nid200384:418373:418373 [2] NCCL INFO AllGather: opCount 2 sendbuff 0x63ba00000 recvbuff 0x63ba20000 count 131072 datatype 0 op 0 root 0 comm 0x55c8e58cdfe0 [nranks=4] stream 0x55c8e4ec8070
nid200381:391951:391951 [2] NCCL INFO AllGather: opCount 2 sendbuff 0x63ce20000 recvbuff 0x7fa8e8000000 count 524288 datatype 0 op 0 root 0 comm 0x55bc9cfaa8b0 [nranks=4] stream 0x55bc9c590470
nid200384:418375:418375 [3] NCCL INFO AllGather: opCount 2 sendbuff 0x62de00000 recvbuff 0x62de20000 count 131072 datatype 0 op 0 root 0 comm 0x55f5ca4c4b50 [nranks=4] stream 0x55f5c9abed80
nid200381:391954:391954 [3] NCCL INFO AllGather: opCount 2 sendbuff 0x633420000 recvbuff 0x7f11d8000000 count 524288 datatype 0 op 0 root 0 comm 0x55a0f3c8e710 [nranks=4] stream 0x55a0f3274300
nid200384:418371:418371 [1] NCCL INFO AllGather: opCount 2 sendbuff 0x63ba20000 recvbuff 0x7f07c4000000 count 524288 datatype 0 op 0 root 0 comm 0x563679628260 [nranks=4] stream 0x563678c0e170
nid200381:391949:391949 [0] NCCL INFO 2097152 Bytes -> Algo 1 proto 2 time 25.153601
nid200384:418373:418373 [2] NCCL INFO AllGather: opCount 2 sendbuff 0x63ba20000 recvbuff 0x7f5302000000 count 524288 datatype 0 op 0 root 0 comm 0x55c8e58e24b0 [nranks=4] stream 0x55c8e4ec8370
nid200384:418375:418375 [3] NCCL INFO AllGather: opCount 2 sendbuff 0x62de20000 recvbuff 0x7f8fe4000000 count 524288 datatype 0 op 0 root 0 comm 0x55f5ca4d9020 [nranks=4] stream 0x55f5c9abf080
nid200380:193786:193786 [0] NCCL INFO AllGather: opCount 2 sendbuff 0x633400000 recvbuff 0x633420000 count 131072 datatype 0 op 0 root 0 comm 0x55a00c277640 [nranks=4] stream 0x55a00b8738c0
nid200384:418370:418370 [0] NCCL INFO AllGather: opCount 2 sendbuff 0x62de00000 recvbuff 0x62de20000 count 131072 datatype 0 op 0 root 0 comm 0x5558bf2d7320 [nranks=4] stream 0x5558be8d14b0
nid200380:193787:193787 [1] NCCL INFO AllGather: opCount 2 sendbuff 0x63ce00000 recvbuff 0x63ce20000 count 131072 datatype 0 op 0 root 0 comm 0x55fa0577cb10 [nranks=4] stream 0x55fa04d79280
nid200380:193791:193791 [3] NCCL INFO AllGather: opCount 2 sendbuff 0x633400000 recvbuff 0x633420000 count 131072 datatype 0 op 0 root 0 comm 0x55c482184d20 [nranks=4] stream 0x55c481780d60
nid200380:193791:193791 [3] NCCL INFO AllGather: opCount 2 sendbuff 0x633420000 recvbuff 0x7f0232000000 count 524288 datatype 0 op 0 root 0 comm 0x55c482198ce0 [nranks=4] stream 0x55c481781060
nid200380:193786:193786 [0] NCCL INFO AllGather: opCount 2 sendbuff 0x633420000 recvbuff 0x7ff0f2000000 count 524288 datatype 0 op 0 root 0 comm 0x55a00c28ba80 [nranks=4] stream 0x55a00b873bc0
nid200380:193787:193787 [1] NCCL INFO AllGather: opCount 2 sendbuff 0x63ce20000 recvbuff 0x7fa460000000 count 524288 datatype 0 op 0 root 0 comm 0x55fa05790ad0 [nranks=4] stream 0x55fa04d79580
nid200380:193786:193786 [0] NCCL INFO 2097152 Bytes -> Algo 1 proto 2 time 25.153601
nid200384:418370:418370 [0] NCCL INFO AllGather: opCount 2 sendbuff 0x62de20000 recvbuff 0x7f7880000000 count 524288 datatype 0 op 0 root 0 comm 0x5558bf2eb7f0 [nranks=4] stream 0x5558be8d17b0
nid200384:418370:418370 [0] NCCL INFO 2097152 Bytes -> Algo 1 proto 2 time 25.153601
nid200384:418371:418371 [1] NCCL INFO AllGather: opCount 3 sendbuff 0x63ba00000 recvbuff 0x63ba20000 count 131072 datatype 0 op 0 root 0 comm 0x563679613d90 [nranks=4] stream 0x563678c0de70
nid200381:391949:391949 [0] NCCL INFO AllGather: opCount 3 sendbuff 0x633400000 recvbuff 0x633420000 count 131072 datatype 0 op 0 root 0 comm 0x56482b2f7de0 [nranks=4] stream 0x56482a8f1ae0
nid200380:193789:193789 [2] NCCL INFO AllGather: opCount 3 sendbuff 0x63ce00000 recvbuff 0x63ce20000 count 131072 datatype 0 op 0 root 0 comm 0x55772e580a00 [nranks=4] stream 0x55772db7d0f0
nid200384:418375:418375 [3] NCCL INFO AllGather: opCount 3 sendbuff 0x62de00000 recvbuff 0x62de20000 count 131072 datatype 0 op 0 root 0 comm 0x55f5ca4c4b50 [nranks=4] stream 0x55f5c9abed80
nid200384:418373:418373 [2] NCCL INFO AllGather: opCount 3 sendbuff 0x63ba00000 recvbuff 0x63ba20000 count 131072 datatype 0 op 0 root 0 comm 0x55c8e58cdfe0 [nranks=4] stream 0x55c8e4ec8070
nid200381:391950:391950 [1] NCCL INFO AllGather: opCount 3 sendbuff 0x63ce00000 recvbuff 0x63ce20000 count 131072 datatype 0 op 0 root 0 comm 0x560e072b17e0 [nranks=4] stream 0x560e068aef40
nid200381:391951:391951 [2] NCCL INFO AllGather: opCount 3 sendbuff 0x63ce00000 recvbuff 0x63ce20000 count 131072 datatype 0 op 0 root 0 comm 0x55bc9cf96100 [nranks=4] stream 0x55bc9c590170
nid200381:391954:391954 [3] NCCL INFO AllGather: opCount 3 sendbuff 0x633400000 recvbuff 0x633420000 count 131072 datatype 0 op 0 root 0 comm 0x55a0f3c79f60 [nranks=4] stream 0x55a0f3274000
nid200381:391949:391949 [0] NCCL INFO AllGather: opCount 3 sendbuff 0x633420000 recvbuff 0x7f34aa000000 count 524288 datatype 0 op 0 root 0 comm 0x56482b30c590 [nranks=4] stream 0x56482a8f1de0
nid200381:391949:391949 [0] NCCL INFO 2097152 Bytes -> Algo 1 proto 2 time 25.153601
nid200384:418371:418371 [1] NCCL INFO AllGather: opCount 3 sendbuff 0x63ba20000 recvbuff 0x7f07c4000000 count 524288 datatype 0 op 0 root 0 comm 0x563679628260 [nranks=4] stream 0x563678c0e170
nid200380:193789:193789 [2] NCCL INFO AllGather: opCount 3 sendbuff 0x63ce20000 recvbuff 0x7f1ba6000000 count 524288 datatype 0 op 0 root 0 comm 0x55772e5949c0 [nranks=4] stream 0x55772db7d3f0
nid200384:418375:418375 [3] NCCL INFO AllGather: opCount 3 sendbuff 0x62de20000 recvbuff 0x7f8fe4000000 count 524288 datatype 0 op 0 root 0 comm 0x55f5ca4d9020 [nranks=4] stream 0x55f5c9abf080
nid200384:418373:418373 [2] NCCL INFO AllGather: opCount 3 sendbuff 0x63ba20000 recvbuff 0x7f5302000000 count 524288 datatype 0 op 0 root 0 comm 0x55c8e58e24b0 [nranks=4] stream 0x55c8e4ec8370
nid200381:391950:391950 [1] NCCL INFO AllGather: opCount 3 sendbuff 0x63ce20000 recvbuff 0x7f005e000000 count 524288 datatype 0 op 0 root 0 comm 0x560e072c5c10 [nranks=4] stream 0x560e068af240
nid200381:391951:391951 [2] NCCL INFO AllGather: opCount 3 sendbuff 0x63ce20000 recvbuff 0x7fa8e8000000 count 524288 datatype 0 op 0 root 0 comm 0x55bc9cfaa8b0 [nranks=4] stream 0x55bc9c590470
nid200381:391954:391954 [3] NCCL INFO AllGather: opCount 3 sendbuff 0x633420000 recvbuff 0x7f11d8000000 count 524288 datatype 0 op 0 root 0 comm 0x55a0f3c8e710 [nranks=4] stream 0x55a0f3274300
nid200380:193791:193791 [3] NCCL INFO AllGather: opCount 3 sendbuff 0x633400000 recvbuff 0x633420000 count 131072 datatype 0 op 0 root 0 comm 0x55c482184d20 [nranks=4] stream 0x55c481780d60
nid200380:193786:193786 [0] NCCL INFO AllGather: opCount 3 sendbuff 0x633400000 recvbuff 0x633420000 count 131072 datatype 0 op 0 root 0 comm 0x55a00c277640 [nranks=4] stream 0x55a00b8738c0
nid200384:418370:418370 [0] NCCL INFO AllGather: opCount 3 sendbuff 0x62de00000 recvbuff 0x62de20000 count 131072 datatype 0 op 0 root 0 comm 0x5558bf2d7320 [nranks=4] stream 0x5558be8d14b0
nid200380:193787:193787 [1] NCCL INFO AllGather: opCount 3 sendbuff 0x63ce00000 recvbuff 0x63ce20000 count 131072 datatype 0 op 0 root 0 comm 0x55fa0577cb10 [nranks=4] stream 0x55fa04d79280
nid200384:418370:418370 [0] NCCL INFO AllGather: opCount 3 sendbuff 0x62de20000 recvbuff 0x7f7880000000 count 524288 datatype 0 op 0 root 0 comm 0x5558bf2eb7f0 [nranks=4] stream 0x5558be8d17b0
nid200384:418370:418370 [0] NCCL INFO 2097152 Bytes -> Algo 1 proto 2 time 25.153601
nid200380:193786:193786 [0] NCCL INFO AllGather: opCount 3 sendbuff 0x633420000 recvbuff 0x7ff0f2000000 count 524288 datatype 0 op 0 root 0 comm 0x55a00c28ba80 [nranks=4] stream 0x55a00b873bc0
nid200380:193786:193786 [0] NCCL INFO 2097152 Bytes -> Algo 1 proto 2 time 25.153601
nid200380:193787:193787 [1] NCCL INFO AllGather: opCount 3 sendbuff 0x63ce20000 recvbuff 0x7fa460000000 count 524288 datatype 0 op 0 root 0 comm 0x55fa05790ad0 [nranks=4] stream 0x55fa04d79580
nid200380:193791:193791 [3] NCCL INFO AllGather: opCount 3 sendbuff 0x633420000 recvbuff 0x7f0232000000 count 524288 datatype 0 op 0 root 0 comm 0x55c482198ce0 [nranks=4] stream 0x55c481781060
nid200381:391949:391949 [0] NCCL INFO AllGather: opCount 4 sendbuff 0x633400000 recvbuff 0x633420000 count 131072 datatype 0 op 0 root 0 comm 0x56482b2f7de0 [nranks=4] stream 0x56482a8f1ae0
nid200380:193786:193786 [0] NCCL INFO AllGather: opCount 4 sendbuff 0x633400000 recvbuff 0x633420000 count 131072 datatype 0 op 0 root 0 comm 0x55a00c277640 [nranks=4] stream 0x55a00b8738c0
nid200384:418370:418370 [0] NCCL INFO AllGather: opCount 4 sendbuff 0x62de00000 recvbuff 0x62de20000 count 131072 datatype 0 op 0 root 0 comm 0x5558bf2d7320 [nranks=4] stream 0x5558be8d14b0
nid200381:391950:391950 [1] NCCL INFO AllGather: opCount 4 sendbuff 0x63ce00000 recvbuff 0x63ce20000 count 131072 datatype 0 op 0 root 0 comm 0x560e072b17e0 [nranks=4] stream 0x560e068aef40
nid200381:391951:391951 [2] NCCL INFO AllGather: opCount 4 sendbuff 0x63ce00000 recvbuff 0x63ce20000 count 131072 datatype 0 op 0 root 0 comm 0x55bc9cf96100 [nranks=4] stream 0x55bc9c590170
nid200381:391954:391954 [3] NCCL INFO AllGather: opCount 4 sendbuff 0x633400000 recvbuff 0x633420000 count 131072 datatype 0 op 0 root 0 comm 0x55a0f3c79f60 [nranks=4] stream 0x55a0f3274000
nid200380:193787:193787 [1] NCCL INFO AllGather: opCount 4 sendbuff 0x63ce00000 recvbuff 0x63ce20000 count 131072 datatype 0 op 0 root 0 comm 0x55fa0577cb10 [nranks=4] stream 0x55fa04d79280
nid200384:418371:418371 [1] NCCL INFO AllGather: opCount 4 sendbuff 0x63ba00000 recvbuff 0x63ba20000 count 131072 datatype 0 op 0 root 0 comm 0x563679613d90 [nranks=4] stream 0x563678c0de70
nid200384:418373:418373 [2] NCCL INFO AllGather: opCount 4 sendbuff 0x63ba00000 recvbuff 0x63ba20000 count 131072 datatype 0 op 0 root 0 comm 0x55c8e58cdfe0 [nranks=4] stream 0x55c8e4ec8070
nid200384:418375:418375 [3] NCCL INFO AllGather: opCount 4 sendbuff 0x62de00000 recvbuff 0x62de20000 count 131072 datatype 0 op 0 root 0 comm 0x55f5ca4c4b50 [nranks=4] stream 0x55f5c9abed80
nid200381:391950:391950 [1] NCCL INFO AllGather: opCount 4 sendbuff 0x63ce20000 recvbuff 0x7f005e000000 count 524288 datatype 0 op 0 root 0 comm 0x560e072c5c10 [nranks=4] stream 0x560e068af240
nid200380:193789:193789 [2] NCCL INFO AllGather: opCount 4 sendbuff 0x63ce00000 recvbuff 0x63ce20000 count 131072 datatype 0 op 0 root 0 comm 0x55772e580a00 [nranks=4] stream 0x55772db7d0f0
nid200384:418370:418370 [0] NCCL INFO AllGather: opCount 4 sendbuff 0x62de20000 recvbuff 0x7f7880000000 count 524288 datatype 0 op 0 root 0 comm 0x5558bf2eb7f0 [nranks=4] stream 0x5558be8d17b0
nid200384:418370:418370 [0] NCCL INFO 2097152 Bytes -> Algo 1 proto 2 time 25.153601
nid200381:391951:391951 [2] NCCL INFO AllGather: opCount 4 sendbuff 0x63ce20000 recvbuff 0x7fa8e8000000 count 524288 datatype 0 op 0 root 0 comm 0x55bc9cfaa8b0 [nranks=4] stream 0x55bc9c590470
nid200380:193791:193791 [3] NCCL INFO AllGather: opCount 4 sendbuff 0x633400000 recvbuff 0x633420000 count 131072 datatype 0 op 0 root 0 comm 0x55c482184d20 [nranks=4] stream 0x55c481780d60
nid200384:418371:418371 [1] NCCL INFO AllGather: opCount 4 sendbuff 0x63ba20000 recvbuff 0x7f07c4000000 count 524288 datatype 0 op 0 root 0 comm 0x563679628260 [nranks=4] stream 0x563678c0e170
nid200381:391954:391954 [3] NCCL INFO AllGather: opCount 4 sendbuff 0x633420000 recvbuff 0x7f11d8000000 count 524288 datatype 0 op 0 root 0 comm 0x55a0f3c8e710 [nranks=4] stream 0x55a0f3274300
nid200380:193786:193786 [0] NCCL INFO AllGather: opCount 4 sendbuff 0x633420000 recvbuff 0x7ff0f2000000 count 524288 datatype 0 op 0 root 0 comm 0x55a00c28ba80 [nranks=4] stream 0x55a00b873bc0
nid200381:391949:391949 [0] NCCL INFO AllGather: opCount 4 sendbuff 0x633420000 recvbuff 0x7f34aa000000 count 524288 datatype 0 op 0 root 0 comm 0x56482b30c590 [nranks=4] stream 0x56482a8f1de0
nid200381:391949:391949 [0] NCCL INFO 2097152 Bytes -> Algo 1 proto 2 time 25.153601
nid200380:193787:193787 [1] NCCL INFO AllGather: opCount 4 sendbuff 0x63ce20000 recvbuff 0x7fa460000000 count 524288 datatype 0 op 0 root 0 comm 0x55fa05790ad0 [nranks=4] stream 0x55fa04d79580
nid200380:193789:193789 [2] NCCL INFO AllGather: opCount 4 sendbuff 0x63ce20000 recvbuff 0x7f1ba6000000 count 524288 datatype 0 op 0 root 0 comm 0x55772e5949c0 [nranks=4] stream 0x55772db7d3f0
nid200380:193791:193791 [3] NCCL INFO AllGather: opCount 4 sendbuff 0x633420000 recvbuff 0x7f0232000000 count 524288 datatype 0 op 0 root 0 comm 0x55c482198ce0 [nranks=4] stream 0x55c481781060
nid200384:418373:418373 [2] NCCL INFO AllGather: opCount 4 sendbuff 0x63ba20000 recvbuff 0x7f5302000000 count 524288 datatype 0 op 0 root 0 comm 0x55c8e58e24b0 [nranks=4] stream 0x55c8e4ec8370
nid200384:418375:418375 [3] NCCL INFO AllGather: opCount 4 sendbuff 0x62de20000 recvbuff 0x7f8fe4000000 count 524288 datatype 0 op 0 root 0 comm 0x55f5ca4d9020 [nranks=4] stream 0x55f5c9abf080
nid200380:193786:193786 [0] NCCL INFO 2097152 Bytes -> Algo 1 proto 2 time 25.153601
nid200380:193787:193787 [1] NCCL INFO AllGather: opCount 5 sendbuff 0x63ce00000 recvbuff 0x63ce20000 count 131072 datatype 0 op 0 root 0 comm 0x55fa0577cb10 [nranks=4] stream 0x55fa04d79280
nid200381:391949:391949 [0] NCCL INFO AllGather: opCount 5 sendbuff 0x633400000 recvbuff 0x633420000 count 131072 datatype 0 op 0 root 0 comm 0x56482b2f7de0 [nranks=4] stream 0x56482a8f1ae0
nid200384:418370:418370 [0] NCCL INFO AllGather: opCount 5 sendbuff 0x62de00000 recvbuff 0x62de20000 count 131072 datatype 0 op 0 root 0 comm 0x5558bf2d7320 [nranks=4] stream 0x5558be8d14b0
nid200380:193789:193789 [2] NCCL INFO AllGather: opCount 5 sendbuff 0x63ce00000 recvbuff 0x63ce20000 count 131072 datatype 0 op 0 root 0 comm 0x55772e580a00 [nranks=4] stream 0x55772db7d0f0
nid200381:391950:391950 [1] NCCL INFO AllGather: opCount 5 sendbuff 0x63ce00000 recvbuff 0x63ce20000 count 131072 datatype 0 op 0 root 0 comm 0x560e072b17e0 [nranks=4] stream 0x560e068aef40
nid200380:193791:193791 [3] NCCL INFO AllGather: opCount 5 sendbuff 0x633400000 recvbuff 0x633420000 count 131072 datatype 0 op 0 root 0 comm 0x55c482184d20 [nranks=4] stream 0x55c481780d60
nid200381:391951:391951 [2] NCCL INFO AllGather: opCount 5 sendbuff 0x63ce00000 recvbuff 0x63ce20000 count 131072 datatype 0 op 0 root 0 comm 0x55bc9cf96100 [nranks=4] stream 0x55bc9c590170
nid200380:193786:193786 [0] NCCL INFO AllGather: opCount 5 sendbuff 0x633400000 recvbuff 0x633420000 count 131072 datatype 0 op 0 root 0 comm 0x55a00c277640 [nranks=4] stream 0x55a00b8738c0
nid200384:418371:418371 [1] NCCL INFO AllGather: opCount 5 sendbuff 0x63ba00000 recvbuff 0x63ba20000 count 131072 datatype 0 op 0 root 0 comm 0x563679613d90 [nranks=4] stream 0x563678c0de70
nid200381:391954:391954 [3] NCCL INFO AllGather: opCount 5 sendbuff 0x633400000 recvbuff 0x633420000 count 131072 datatype 0 op 0 root 0 comm 0x55a0f3c79f60 [nranks=4] stream 0x55a0f3274000
nid200384:418373:418373 [2] NCCL INFO AllGather: opCount 5 sendbuff 0x63ba00000 recvbuff 0x63ba20000 count 131072 datatype 0 op 0 root 0 comm 0x55c8e58cdfe0 [nranks=4] stream 0x55c8e4ec8070
nid200384:418375:418375 [3] NCCL INFO AllGather: opCount 5 sendbuff 0x62de00000 recvbuff 0x62de20000 count 131072 datatype 0 op 0 root 0 comm 0x55f5ca4c4b50 [nranks=4] stream 0x55f5c9abed80
nid200380:193787:193787 [1] NCCL INFO AllGather: opCount 5 sendbuff 0x63ce20000 recvbuff 0x7fa460000000 count 524288 datatype 0 op 0 root 0 comm 0x55fa05790ad0 [nranks=4] stream 0x55fa04d79580
nid200380:193789:193789 [2] NCCL INFO AllGather: opCount 5 sendbuff 0x63ce20000 recvbuff 0x7f1ba6000000 count 524288 datatype 0 op 0 root 0 comm 0x55772e5949c0 [nranks=4] stream 0x55772db7d3f0
nid200381:391950:391950 [1] NCCL INFO AllGather: opCount 5 sendbuff 0x63ce20000 recvbuff 0x7f005e000000 count 524288 datatype 0 op 0 root 0 comm 0x560e072c5c10 [nranks=4] stream 0x560e068af240
nid200380:193791:193791 [3] NCCL INFO AllGather: opCount 5 sendbuff 0x633420000 recvbuff 0x7f0232000000 count 524288 datatype 0 op 0 root 0 comm 0x55c482198ce0 [nranks=4] stream 0x55c481781060
nid200381:391951:391951 [2] NCCL INFO AllGather: opCount 5 sendbuff 0x63ce20000 recvbuff 0x7fa8e8000000 count 524288 datatype 0 op 0 root 0 comm 0x55bc9cfaa8b0 [nranks=4] stream 0x55bc9c590470
nid200380:193786:193786 [0] NCCL INFO AllGather: opCount 5 sendbuff 0x633420000 recvbuff 0x7ff0f2000000 count 524288 datatype 0 op 0 root 0 comm 0x55a00c28ba80 [nranks=4] stream 0x55a00b873bc0
nid200380:193786:193786 [0] NCCL INFO 2097152 Bytes -> Algo 1 proto 2 time 25.153601
nid200384:418370:418370 [0] NCCL INFO AllGather: opCount 5 sendbuff 0x62de20000 recvbuff 0x7f7880000000 count 524288 datatype 0 op 0 root 0 comm 0x5558bf2eb7f0 [nranks=4] stream 0x5558be8d17b0
nid200384:418370:418370 [0] NCCL INFO 2097152 Bytes -> Algo 1 proto 2 time 25.153601
nid200381:391954:391954 [3] NCCL INFO AllGather: opCount 5 sendbuff 0x633420000 recvbuff 0x7f11d8000000 count 524288 datatype 0 op 0 root 0 comm 0x55a0f3c8e710 [nranks=4] stream 0x55a0f3274300
nid200384:418371:418371 [1] NCCL INFO AllGather: opCount 5 sendbuff 0x63ba20000 recvbuff 0x7f07c4000000 count 524288 datatype 0 op 0 root 0 comm 0x563679628260 [nranks=4] stream 0x563678c0e170
nid200381:391949:391949 [0] NCCL INFO AllGather: opCount 5 sendbuff 0x633420000 recvbuff 0x7f34aa000000 count 524288 datatype 0 op 0 root 0 comm 0x56482b30c590 [nranks=4] stream 0x56482a8f1de0
nid200381:391949:391949 [0] NCCL INFO 2097152 Bytes -> Algo 1 proto 2 time 25.153601
nid200384:418373:418373 [2] NCCL INFO AllGather: opCount 5 sendbuff 0x63ba20000 recvbuff 0x7f5302000000 count 524288 datatype 0 op 0 root 0 comm 0x55c8e58e24b0 [nranks=4] stream 0x55c8e4ec8370
nid200384:418375:418375 [3] NCCL INFO AllGather: opCount 5 sendbuff 0x62de20000 recvbuff 0x7f8fe4000000 count 524288 datatype 0 op 0 root 0 comm 0x55f5ca4d9020 [nranks=4] stream 0x55f5c9abf080
nid200381:391949:391949 [0] NCCL INFO AllGather: opCount 6 sendbuff 0x633400000 recvbuff 0x633420000 count 131072 datatype 0 op 0 root 0 comm 0x56482b2f7de0 [nranks=4] stream 0x56482a8f1ae0
nid200380:193786:193786 [0] NCCL INFO AllGather: opCount 6 sendbuff 0x633400000 recvbuff 0x633420000 count 131072 datatype 0 op 0 root 0 comm 0x55a00c277640 [nranks=4] stream 0x55a00b8738c0
nid200381:391950:391950 [1] NCCL INFO AllGather: opCount 6 sendbuff 0x63ce00000 recvbuff 0x63ce20000 count 131072 datatype 0 op 0 root 0 comm 0x560e072b17e0 [nranks=4] stream 0x560e068aef40
nid200380:193787:193787 [1] NCCL INFO AllGather: opCount 6 sendbuff 0x63ce00000 recvbuff 0x63ce20000 count 131072 datatype 0 op 0 root 0 comm 0x55fa0577cb10 [nranks=4] stream 0x55fa04d79280
nid200384:418370:418370 [0] NCCL INFO AllGather: opCount 6 sendbuff 0x62de00000 recvbuff 0x62de20000 count 131072 datatype 0 op 0 root 0 comm 0x5558bf2d7320 [nranks=4] stream 0x5558be8d14b0
nid200381:391951:391951 [2] NCCL INFO AllGather: opCount 6 sendbuff 0x63ce00000 recvbuff 0x63ce20000 count 131072 datatype 0 op 0 root 0 comm 0x55bc9cf96100 [nranks=4] stream 0x55bc9c590170
nid200380:193789:193789 [2] NCCL INFO AllGather: opCount 6 sendbuff 0x63ce00000 recvbuff 0x63ce20000 count 131072 datatype 0 op 0 root 0 comm 0x55772e580a00 [nranks=4] stream 0x55772db7d0f0
nid200381:391954:391954 [3] NCCL INFO AllGather: opCount 6 sendbuff 0x633400000 recvbuff 0x633420000 count 131072 datatype 0 op 0 root 0 comm 0x55a0f3c79f60 [nranks=4] stream 0x55a0f3274000
nid200380:193791:193791 [3] NCCL INFO AllGather: opCount 6 sendbuff 0x633400000 recvbuff 0x633420000 count 131072 datatype 0 op 0 root 0 comm 0x55c482184d20 [nranks=4] stream 0x55c481780d60
nid200384:418371:418371 [1] NCCL INFO AllGather: opCount 6 sendbuff 0x63ba00000 recvbuff 0x63ba20000 count 131072 datatype 0 op 0 root 0 comm 0x563679613d90 [nranks=4] stream 0x563678c0de70
nid200381:391949:391949 [0] NCCL INFO AllGather: opCount 6 sendbuff 0x633420000 recvbuff 0x7f34aa000000 count 524288 datatype 0 op 0 root 0 comm 0x56482b30c590 [nranks=4] stream 0x56482a8f1de0
nid200381:391949:391949 [0] NCCL INFO 2097152 Bytes -> Algo 1 proto 2 time 25.153601
nid200380:193786:193786 [0] NCCL INFO AllGather: opCount 6 sendbuff 0x633420000 recvbuff 0x7ff0f2000000 count 524288 datatype 0 op 0 root 0 comm 0x55a00c28ba80 [nranks=4] stream 0x55a00b873bc0
nid200380:193786:193786 [0] NCCL INFO 2097152 Bytes -> Algo 1 proto 2 time 25.153601
nid200381:391950:391950 [1] NCCL INFO AllGather: opCount 6 sendbuff 0x63ce20000 recvbuff 0x7f005e000000 count 524288 datatype 0 op 0 root 0 comm 0x560e072c5c10 [nranks=4] stream 0x560e068af240
nid200380:193787:193787 [1] NCCL INFO AllGather: opCount 6 sendbuff 0x63ce20000 recvbuff 0x7fa460000000 count 524288 datatype 0 op 0 root 0 comm 0x55fa05790ad0 [nranks=4] stream 0x55fa04d79580
nid200381:391951:391951 [2] NCCL INFO AllGather: opCount 6 sendbuff 0x63ce20000 recvbuff 0x7fa8e8000000 count 524288 datatype 0 op 0 root 0 comm 0x55bc9cfaa8b0 [nranks=4] stream 0x55bc9c590470
nid200380:193789:193789 [2] NCCL INFO AllGather: opCount 6 sendbuff 0x63ce20000 recvbuff 0x7f1ba6000000 count 524288 datatype 0 op 0 root 0 comm 0x55772e5949c0 [nranks=4] stream 0x55772db7d3f0
nid200381:391954:391954 [3] NCCL INFO AllGather: opCount 6 sendbuff 0x633420000 recvbuff 0x7f11d8000000 count 524288 datatype 0 op 0 root 0 comm 0x55a0f3c8e710 [nranks=4] stream 0x55a0f3274300
nid200380:193791:193791 [3] NCCL INFO AllGather: opCount 6 sendbuff 0x633420000 recvbuff 0x7f0232000000 count 524288 datatype 0 op 0 root 0 comm 0x55c482198ce0 [nranks=4] stream 0x55c481781060
nid200384:418373:418373 [2] NCCL INFO AllGather: opCount 6 sendbuff 0x63ba00000 recvbuff 0x63ba20000 count 131072 datatype 0 op 0 root 0 comm 0x55c8e58cdfe0 [nranks=4] stream 0x55c8e4ec8070
nid200384:418375:418375 [3] NCCL INFO AllGather: opCount 6 sendbuff 0x62de00000 recvbuff 0x62de20000 count 131072 datatype 0 op 0 root 0 comm 0x55f5ca4c4b50 [nranks=4] stream 0x55f5c9abed80
nid200384:418370:418370 [0] NCCL INFO AllGather: opCount 6 sendbuff 0x62de20000 recvbuff 0x7f7880000000 count 524288 datatype 0 op 0 root 0 comm 0x5558bf2eb7f0 [nranks=4] stream 0x5558be8d17b0
nid200384:418370:418370 [0] NCCL INFO 2097152 Bytes -> Algo 1 proto 2 time 25.153601
nid200384:418371:418371 [1] NCCL INFO AllGather: opCount 6 sendbuff 0x63ba20000 recvbuff 0x7f07c4000000 count 524288 datatype 0 op 0 root 0 comm 0x563679628260 [nranks=4] stream 0x563678c0e170
nid200384:418373:418373 [2] NCCL INFO AllGather: opCount 6 sendbuff 0x63ba20000 recvbuff 0x7f5302000000 count 524288 datatype 0 op 0 root 0 comm 0x55c8e58e24b0 [nranks=4] stream 0x55c8e4ec8370
nid200384:418375:418375 [3] NCCL INFO AllGather: opCount 6 sendbuff 0x62de20000 recvbuff 0x7f8fe4000000 count 524288 datatype 0 op 0 root 0 comm 0x55f5ca4d9020 [nranks=4] stream 0x55f5c9abf080
nid200381:391949:391949 [0] NCCL INFO AllGather: opCount 7 sendbuff 0x633400000 recvbuff 0x633420000 count 131072 datatype 0 op 0 root 0 comm 0x56482b2f7de0 [nranks=4] stream 0x56482a8f1ae0
nid200384:418370:418370 [0] NCCL INFO AllGather: opCount 7 sendbuff 0x62de00000 recvbuff 0x62de20000 count 131072 datatype 0 op 0 root 0 comm 0x5558bf2d7320 [nranks=4] stream 0x5558be8d14b0
nid200381:391950:391950 [1] NCCL INFO AllGather: opCount 7 sendbuff 0x63ce00000 recvbuff 0x63ce20000 count 131072 datatype 0 op 0 root 0 comm 0x560e072b17e0 [nranks=4] stream 0x560e068aef40
nid200384:418371:418371 [1] NCCL INFO AllGather: opCount 7 sendbuff 0x63ba00000 recvbuff 0x63ba20000 count 131072 datatype 0 op 0 root 0 comm 0x563679613d90 [nranks=4] stream 0x563678c0de70
nid200381:391954:391954 [3] NCCL INFO AllGather: opCount 7 sendbuff 0x633400000 recvbuff 0x633420000 count 131072 datatype 0 op 0 root 0 comm 0x55a0f3c79f60 [nranks=4] stream 0x55a0f3274000
nid200384:418373:418373 [2] NCCL INFO AllGather: opCount 7 sendbuff 0x63ba00000 recvbuff 0x63ba20000 count 131072 datatype 0 op 0 root 0 comm 0x55c8e58cdfe0 [nranks=4] stream 0x55c8e4ec8070
nid200381:391951:391951 [2] NCCL INFO AllGather: opCount 7 sendbuff 0x63ce00000 recvbuff 0x63ce20000 count 131072 datatype 0 op 0 root 0 comm 0x55bc9cf96100 [nranks=4] stream 0x55bc9c590170
nid200384:418375:418375 [3] NCCL INFO AllGather: opCount 7 sendbuff 0x62de00000 recvbuff 0x62de20000 count 131072 datatype 0 op 0 root 0 comm 0x55f5ca4c4b50 [nranks=4] stream 0x55f5c9abed80
nid200380:193786:193786 [0] NCCL INFO AllGather: opCount 7 sendbuff 0x633400000 recvbuff 0x633420000 count 131072 datatype 0 op 0 root 0 comm 0x55a00c277640 [nranks=4] stream 0x55a00b8738c0
nid200381:391949:391949 [0] NCCL INFO AllGather: opCount 7 sendbuff 0x633420000 recvbuff 0x7f34aa000000 count 524288 datatype 0 op 0 root 0 comm 0x56482b30c590 [nranks=4] stream 0x56482a8f1de0
nid200381:391949:391949 [0] NCCL INFO 2097152 Bytes -> Algo 1 proto 2 time 25.153601
nid200381:391950:391950 [1] NCCL INFO AllGather: opCount 7 sendbuff 0x63ce20000 recvbuff 0x7f005e000000 count 524288 datatype 0 op 0 root 0 comm 0x560e072c5c10 [nranks=4] stream 0x560e068af240
nid200384:418370:418370 [0] NCCL INFO AllGather: opCount 7 sendbuff 0x62de20000 recvbuff 0x7f7880000000 count 524288 datatype 0 op 0 root 0 comm 0x5558bf2eb7f0 [nranks=4] stream 0x5558be8d17b0
nid200384:418370:418370 [0] NCCL INFO 2097152 Bytes -> Algo 1 proto 2 time 25.153601
nid200381:391951:391951 [2] NCCL INFO AllGather: opCount 7 sendbuff 0x63ce20000 recvbuff 0x7fa8e8000000 count 524288 datatype 0 op 0 root 0 comm 0x55bc9cfaa8b0 [nranks=4] stream 0x55bc9c590470
nid200380:193787:193787 [1] NCCL INFO AllGather: opCount 7 sendbuff 0x63ce00000 recvbuff 0x63ce20000 count 131072 datatype 0 op 0 root 0 comm 0x55fa0577cb10 [nranks=4] stream 0x55fa04d79280
nid200384:418371:418371 [1] NCCL INFO AllGather: opCount 7 sendbuff 0x63ba20000 recvbuff 0x7f07c4000000 count 524288 datatype 0 op 0 root 0 comm 0x563679628260 [nranks=4] stream 0x563678c0e170
nid200381:391954:391954 [3] NCCL INFO AllGather: opCount 7 sendbuff 0x633420000 recvbuff 0x7f11d8000000 count 524288 datatype 0 op 0 root 0 comm 0x55a0f3c8e710 [nranks=4] stream 0x55a0f3274300
nid200384:418373:418373 [2] NCCL INFO AllGather: opCount 7 sendbuff 0x63ba20000 recvbuff 0x7f5302000000 count 524288 datatype 0 op 0 root 0 comm 0x55c8e58e24b0 [nranks=4] stream 0x55c8e4ec8370
nid200384:418375:418375 [3] NCCL INFO AllGather: opCount 7 sendbuff 0x62de20000 recvbuff 0x7f8fe4000000 count 524288 datatype 0 op 0 root 0 comm 0x55f5ca4d9020 [nranks=4] stream 0x55f5c9abf080
nid200380:193789:193789 [2] NCCL INFO AllGather: opCount 7 sendbuff 0x63ce00000 recvbuff 0x63ce20000 count 131072 datatype 0 op 0 root 0 comm 0x55772e580a00 [nranks=4] stream 0x55772db7d0f0
nid200380:193791:193791 [3] NCCL INFO AllGather: opCount 7 sendbuff 0x633400000 recvbuff 0x633420000 count 131072 datatype 0 op 0 root 0 comm 0x55c482184d20 [nranks=4] stream 0x55c481780d60
nid200380:193786:193786 [0] NCCL INFO AllGather: opCount 7 sendbuff 0x633420000 recvbuff 0x7ff0f2000000 count 524288 datatype 0 op 0 root 0 comm 0x55a00c28ba80 [nranks=4] stream 0x55a00b873bc0
nid200380:193786:193786 [0] NCCL INFO 2097152 Bytes -> Algo 1 proto 2 time 25.153601
nid200380:193787:193787 [1] NCCL INFO AllGather: opCount 7 sendbuff 0x63ce20000 recvbuff 0x7fa460000000 count 524288 datatype 0 op 0 root 0 comm 0x55fa05790ad0 [nranks=4] stream 0x55fa04d79580
nid200380:193789:193789 [2] NCCL INFO AllGather: opCount 7 sendbuff 0x63ce20000 recvbuff 0x7f1ba6000000 count 524288 datatype 0 op 0 root 0 comm 0x55772e5949c0 [nranks=4] stream 0x55772db7d3f0
nid200380:193791:193791 [3] NCCL INFO AllGather: opCount 7 sendbuff 0x633420000 recvbuff 0x7f0232000000 count 524288 datatype 0 op 0 root 0 comm 0x55c482198ce0 [nranks=4] stream 0x55c481781060
nid200384:418370:418370 [0] NCCL INFO AllGather: opCount 8 sendbuff 0x62de00000 recvbuff 0x62de20000 count 131072 datatype 0 op 0 root 0 comm 0x5558bf2d7320 [nranks=4] stream 0x5558be8d14b0
nid200380:193789:193789 [2] NCCL INFO AllGather: opCount 8 sendbuff 0x63ce00000 recvbuff 0x63ce20000 count 131072 datatype 0 op 0 root 0 comm 0x55772e580a00 [nranks=4] stream 0x55772db7d0f0
nid200381:391949:391949 [0] NCCL INFO AllGather: opCount 8 sendbuff 0x633400000 recvbuff 0x633420000 count 131072 datatype 0 op 0 root 0 comm 0x56482b2f7de0 [nranks=4] stream 0x56482a8f1ae0
nid200384:418371:418371 [1] NCCL INFO AllGather: opCount 8 sendbuff 0x63ba00000 recvbuff 0x63ba20000 count 131072 datatype 0 op 0 root 0 comm 0x563679613d90 [nranks=4] stream 0x563678c0de70
nid200380:193791:193791 [3] NCCL INFO AllGather: opCount 8 sendbuff 0x633400000 recvbuff 0x633420000 count 131072 datatype 0 op 0 root 0 comm 0x55c482184d20 [nranks=4] stream 0x55c481780d60
nid200384:418373:418373 [2] NCCL INFO AllGather: opCount 8 sendbuff 0x63ba00000 recvbuff 0x63ba20000 count 131072 datatype 0 op 0 root 0 comm 0x55c8e58cdfe0 [nranks=4] stream 0x55c8e4ec8070
nid200380:193786:193786 [0] NCCL INFO AllGather: opCount 8 sendbuff 0x633400000 recvbuff 0x633420000 count 131072 datatype 0 op 0 root 0 comm 0x55a00c277640 [nranks=4] stream 0x55a00b8738c0
nid200384:418375:418375 [3] NCCL INFO AllGather: opCount 8 sendbuff 0x62de00000 recvbuff 0x62de20000 count 131072 datatype 0 op 0 root 0 comm 0x55f5ca4c4b50 [nranks=4] stream 0x55f5c9abed80
nid200380:193787:193787 [1] NCCL INFO AllGather: opCount 8 sendbuff 0x63ce00000 recvbuff 0x63ce20000 count 131072 datatype 0 op 0 root 0 comm 0x55fa0577cb10 [nranks=4] stream 0x55fa04d79280
nid200381:391950:391950 [1] NCCL INFO AllGather: opCount 8 sendbuff 0x63ce00000 recvbuff 0x63ce20000 count 131072 datatype 0 op 0 root 0 comm 0x560e072b17e0 [nranks=4] stream 0x560e068aef40
nid200384:418370:418370 [0] NCCL INFO AllGather: opCount 8 sendbuff 0x62de20000 recvbuff 0x7f7880000000 count 524288 datatype 0 op 0 root 0 comm 0x5558bf2eb7f0 [nranks=4] stream 0x5558be8d17b0
nid200384:418370:418370 [0] NCCL INFO 2097152 Bytes -> Algo 1 proto 2 time 25.153601
nid200380:193787:193787 [1] NCCL INFO AllGather: opCount 8 sendbuff 0x63ce20000 recvbuff 0x7fa460000000 count 524288 datatype 0 op 0 root 0 comm 0x55fa05790ad0 [nranks=4] stream 0x55fa04d79580
nid200384:418371:418371 [1] NCCL INFO AllGather: opCount 8 sendbuff 0x63ba20000 recvbuff 0x7f07c4000000 count 524288 datatype 0 op 0 root 0 comm 0x563679628260 [nranks=4] stream 0x563678c0e170
nid200381:391951:391951 [2] NCCL INFO AllGather: opCount 8 sendbuff 0x63ce00000 recvbuff 0x63ce20000 count 131072 datatype 0 op 0 root 0 comm 0x55bc9cf96100 [nranks=4] stream 0x55bc9c590170
nid200380:193789:193789 [2] NCCL INFO AllGather: opCount 8 sendbuff 0x63ce20000 recvbuff 0x7f1ba6000000 count 524288 datatype 0 op 0 root 0 comm 0x55772e5949c0 [nranks=4] stream 0x55772db7d3f0
nid200384:418373:418373 [2] NCCL INFO AllGather: opCount 8 sendbuff 0x63ba20000 recvbuff 0x7f5302000000 count 524288 datatype 0 op 0 root 0 comm 0x55c8e58e24b0 [nranks=4] stream 0x55c8e4ec8370
nid200381:391954:391954 [3] NCCL INFO AllGather: opCount 8 sendbuff 0x633400000 recvbuff 0x633420000 count 131072 datatype 0 op 0 root 0 comm 0x55a0f3c79f60 [nranks=4] stream 0x55a0f3274000
nid200380:193791:193791 [3] NCCL INFO AllGather: opCount 8 sendbuff 0x633420000 recvbuff 0x7f0232000000 count 524288 datatype 0 op 0 root 0 comm 0x55c482198ce0 [nranks=4] stream 0x55c481781060
nid200384:418375:418375 [3] NCCL INFO AllGather: opCount 8 sendbuff 0x62de20000 recvbuff 0x7f8fe4000000 count 524288 datatype 0 op 0 root 0 comm 0x55f5ca4d9020 [nranks=4] stream 0x55f5c9abf080
nid200381:391950:391950 [1] NCCL INFO AllGather: opCount 8 sendbuff 0x63ce20000 recvbuff 0x7f005e000000 count 524288 datatype 0 op 0 root 0 comm 0x560e072c5c10 [nranks=4] stream 0x560e068af240
nid200380:193786:193786 [0] NCCL INFO AllGather: opCount 8 sendbuff 0x633420000 recvbuff 0x7ff0f2000000 count 524288 datatype 0 op 0 root 0 comm 0x55a00c28ba80 [nranks=4] stream 0x55a00b873bc0
nid200380:193786:193786 [0] NCCL INFO 2097152 Bytes -> Algo 1 proto 2 time 25.153601
nid200381:391951:391951 [2] NCCL INFO AllGather: opCount 8 sendbuff 0x63ce20000 recvbuff 0x7fa8e8000000 count 524288 datatype 0 op 0 root 0 comm 0x55bc9cfaa8b0 [nranks=4] stream 0x55bc9c590470
nid200381:391954:391954 [3] NCCL INFO AllGather: opCount 8 sendbuff 0x633420000 recvbuff 0x7f11d8000000 count 524288 datatype 0 op 0 root 0 comm 0x55a0f3c8e710 [nranks=4] stream 0x55a0f3274300
nid200381:391949:391949 [0] NCCL INFO AllGather: opCount 8 sendbuff 0x633420000 recvbuff 0x7f34aa000000 count 524288 datatype 0 op 0 root 0 comm 0x56482b30c590 [nranks=4] stream 0x56482a8f1de0
nid200381:391949:391949 [0] NCCL INFO 2097152 Bytes -> Algo 1 proto 2 time 25.153601
nid200380:193786:193786 [0] NCCL INFO AllGather: opCount 9 sendbuff 0x633400000 recvbuff 0x633420000 count 131072 datatype 0 op 0 root 0 comm 0x55a00c277640 [nranks=4] stream 0x55a00b8738c0
nid200384:418370:418370 [0] NCCL INFO AllGather: opCount 9 sendbuff 0x62de00000 recvbuff 0x62de20000 count 131072 datatype 0 op 0 root 0 comm 0x5558bf2d7320 [nranks=4] stream 0x5558be8d14b0
nid200381:391949:391949 [0] NCCL INFO AllGather: opCount 9 sendbuff 0x633400000 recvbuff 0x633420000 count 131072 datatype 0 op 0 root 0 comm 0x56482b2f7de0 [nranks=4] stream 0x56482a8f1ae0
nid200380:193787:193787 [1] NCCL INFO AllGather: opCount 9 sendbuff 0x63ce00000 recvbuff 0x63ce20000 count 131072 datatype 0 op 0 root 0 comm 0x55fa0577cb10 [nranks=4] stream 0x55fa04d79280
nid200384:418371:418371 [1] NCCL INFO AllGather: opCount 9 sendbuff 0x63ba00000 recvbuff 0x63ba20000 count 131072 datatype 0 op 0 root 0 comm 0x563679613d90 [nranks=4] stream 0x563678c0de70
nid200380:193789:193789 [2] NCCL INFO AllGather: opCount 9 sendbuff 0x63ce00000 recvbuff 0x63ce20000 count 131072 datatype 0 op 0 root 0 comm 0x55772e580a00 [nranks=4] stream 0x55772db7d0f0
nid200384:418373:418373 [2] NCCL INFO AllGather: opCount 9 sendbuff 0x63ba00000 recvbuff 0x63ba20000 count 131072 datatype 0 op 0 root 0 comm 0x55c8e58cdfe0 [nranks=4] stream 0x55c8e4ec8070
nid200380:193791:193791 [3] NCCL INFO AllGather: opCount 9 sendbuff 0x633400000 recvbuff 0x633420000 count 131072 datatype 0 op 0 root 0 comm 0x55c482184d20 [nranks=4] stream 0x55c481780d60
nid200384:418375:418375 [3] NCCL INFO AllGather: opCount 9 sendbuff 0x62de00000 recvbuff 0x62de20000 count 131072 datatype 0 op 0 root 0 comm 0x55f5ca4c4b50 [nranks=4] stream 0x55f5c9abed80
nid200381:391950:391950 [1] NCCL INFO AllGather: opCount 9 sendbuff 0x63ce00000 recvbuff 0x63ce20000 count 131072 datatype 0 op 0 root 0 comm 0x560e072b17e0 [nranks=4] stream 0x560e068aef40
nid200380:193786:193786 [0] NCCL INFO AllGather: opCount 9 sendbuff 0x633420000 recvbuff 0x7ff0f2000000 count 524288 datatype 0 op 0 root 0 comm 0x55a00c28ba80 [nranks=4] stream 0x55a00b873bc0
nid200380:193786:193786 [0] NCCL INFO 2097152 Bytes -> Algo 1 proto 2 time 25.153601
nid200380:193787:193787 [1] NCCL INFO AllGather: opCount 9 sendbuff 0x63ce20000 recvbuff 0x7fa460000000 count 524288 datatype 0 op 0 root 0 comm 0x55fa05790ad0 [nranks=4] stream 0x55fa04d79580
nid200380:193789:193789 [2] NCCL INFO AllGather: opCount 9 sendbuff 0x63ce20000 recvbuff 0x7f1ba6000000 count 524288 datatype 0 op 0 root 0 comm 0x55772e5949c0 [nranks=4] stream 0x55772db7d3f0
nid200384:418370:418370 [0] NCCL INFO AllGather: opCount 9 sendbuff 0x62de20000 recvbuff 0x7f7880000000 count 524288 datatype 0 op 0 root 0 comm 0x5558bf2eb7f0 [nranks=4] stream 0x5558be8d17b0
nid200384:418370:418370 [0] NCCL INFO 2097152 Bytes -> Algo 1 proto 2 time 25.153601
nid200381:391951:391951 [2] NCCL INFO AllGather: opCount 9 sendbuff 0x63ce00000 recvbuff 0x63ce20000 count 131072 datatype 0 op 0 root 0 comm 0x55bc9cf96100 [nranks=4] stream 0x55bc9c590170
nid200380:193791:193791 [3] NCCL INFO AllGather: opCount 9 sendbuff 0x633420000 recvbuff 0x7f0232000000 count 524288 datatype 0 op 0 root 0 comm 0x55c482198ce0 [nranks=4] stream 0x55c481781060
nid200384:418371:418371 [1] NCCL INFO AllGather: opCount 9 sendbuff 0x63ba20000 recvbuff 0x7f07c4000000 count 524288 datatype 0 op 0 root 0 comm 0x563679628260 [nranks=4] stream 0x563678c0e170
nid200381:391954:391954 [3] NCCL INFO AllGather: opCount 9 sendbuff 0x633400000 recvbuff 0x633420000 count 131072 datatype 0 op 0 root 0 comm 0x55a0f3c79f60 [nranks=4] stream 0x55a0f3274000
nid200384:418373:418373 [2] NCCL INFO AllGather: opCount 9 sendbuff 0x63ba20000 recvbuff 0x7f5302000000 count 524288 datatype 0 op 0 root 0 comm 0x55c8e58e24b0 [nranks=4] stream 0x55c8e4ec8370
nid200381:391949:391949 [0] NCCL INFO AllGather: opCount 9 sendbuff 0x633420000 recvbuff 0x7f34aa000000 count 524288 datatype 0 op 0 root 0 comm 0x56482b30c590 [nranks=4] stream 0x56482a8f1de0
nid200381:391949:391949 [0] NCCL INFO 2097152 Bytes -> Algo 1 proto 2 time 25.153601
nid200384:418375:418375 [3] NCCL INFO AllGather: opCount 9 sendbuff 0x62de20000 recvbuff 0x7f8fe4000000 count 524288 datatype 0 op 0 root 0 comm 0x55f5ca4d9020 [nranks=4] stream 0x55f5c9abf080
nid200381:391950:391950 [1] NCCL INFO AllGather: opCount 9 sendbuff 0x63ce20000 recvbuff 0x7f005e000000 count 524288 datatype 0 op 0 root 0 comm 0x560e072c5c10 [nranks=4] stream 0x560e068af240
nid200381:391951:391951 [2] NCCL INFO AllGather: opCount 9 sendbuff 0x63ce20000 recvbuff 0x7fa8e8000000 count 524288 datatype 0 op 0 root 0 comm 0x55bc9cfaa8b0 [nranks=4] stream 0x55bc9c590470
nid200381:391954:391954 [3] NCCL INFO AllGather: opCount 9 sendbuff 0x633420000 recvbuff 0x7f11d8000000 count 524288 datatype 0 op 0 root 0 comm 0x55a0f3c8e710 [nranks=4] stream 0x55a0f3274300
nid200380:193786:193786 [0] NCCL INFO AllGather: opCount a sendbuff 0x633400000 recvbuff 0x633420000 count 131072 datatype 0 op 0 root 0 comm 0x55a00c277640 [nranks=4] stream 0x55a00b8738c0
nid200381:391949:391949 [0] NCCL INFO AllGather: opCount a sendbuff 0x633400000 recvbuff 0x633420000 count 131072 datatype 0 op 0 root 0 comm 0x56482b2f7de0 [nranks=4] stream 0x56482a8f1ae0
nid200384:418370:418370 [0] NCCL INFO AllGather: opCount a sendbuff 0x62de00000 recvbuff 0x62de20000 count 131072 datatype 0 op 0 root 0 comm 0x5558bf2d7320 [nranks=4] stream 0x5558be8d14b0
nid200380:193787:193787 [1] NCCL INFO AllGather: opCount a sendbuff 0x63ce00000 recvbuff 0x63ce20000 count 131072 datatype 0 op 0 root 0 comm 0x55fa0577cb10 [nranks=4] stream 0x55fa04d79280
nid200380:193789:193789 [2] NCCL INFO AllGather: opCount a sendbuff 0x63ce00000 recvbuff 0x63ce20000 count 131072 datatype 0 op 0 root 0 comm 0x55772e580a00 [nranks=4] stream 0x55772db7d0f0
nid200381:391950:391950 [1] NCCL INFO AllGather: opCount a sendbuff 0x63ce00000 recvbuff 0x63ce20000 count 131072 datatype 0 op 0 root 0 comm 0x560e072b17e0 [nranks=4] stream 0x560e068aef40
nid200380:193791:193791 [3] NCCL INFO AllGather: opCount a sendbuff 0x633400000 recvbuff 0x633420000 count 131072 datatype 0 op 0 root 0 comm 0x55c482184d20 [nranks=4] stream 0x55c481780d60
nid200381:391951:391951 [2] NCCL INFO AllGather: opCount a sendbuff 0x63ce00000 recvbuff 0x63ce20000 count 131072 datatype 0 op 0 root 0 comm 0x55bc9cf96100 [nranks=4] stream 0x55bc9c590170
nid200384:418371:418371 [1] NCCL INFO AllGather: opCount a sendbuff 0x63ba00000 recvbuff 0x63ba20000 count 131072 datatype 0 op 0 root 0 comm 0x563679613d90 [nranks=4] stream 0x563678c0de70
nid200381:391954:391954 [3] NCCL INFO AllGather: opCount a sendbuff 0x633400000 recvbuff 0x633420000 count 131072 datatype 0 op 0 root 0 comm 0x55a0f3c79f60 [nranks=4] stream 0x55a0f3274000
nid200384:418373:418373 [2] NCCL INFO AllGather: opCount a sendbuff 0x63ba00000 recvbuff 0x63ba20000 count 131072 datatype 0 op 0 root 0 comm 0x55c8e58cdfe0 [nranks=4] stream 0x55c8e4ec8070
nid200384:418375:418375 [3] NCCL INFO AllGather: opCount a sendbuff 0x62de00000 recvbuff 0x62de20000 count 131072 datatype 0 op 0 root 0 comm 0x55f5ca4c4b50 [nranks=4] stream 0x55f5c9abed80
nid200380:193786:193786 [0] NCCL INFO AllGather: opCount a sendbuff 0x633420000 recvbuff 0x7ff0f2000000 count 524288 datatype 0 op 0 root 0 comm 0x55a00c28ba80 [nranks=4] stream 0x55a00b873bc0
nid200380:193786:193786 [0] NCCL INFO 2097152 Bytes -> Algo 1 proto 2 time 25.153601
nid200380:193787:193787 [1] NCCL INFO AllGather: opCount a sendbuff 0x63ce20000 recvbuff 0x7fa460000000 count 524288 datatype 0 op 0 root 0 comm 0x55fa05790ad0 [nranks=4] stream 0x55fa04d79580
