nid200380:193786:194202 [0] NCCL INFO     AllReduce |    10.4/  29.1 |    21.5/  85.9 |   168.0/ 110.4 |    10.2/  58.5 |    25.4/ 147.2 |    28.8/ 160.0 |     2.4/   0.0 |     2.4/   0.0 |    40.8/   0.0 |
nid200380:193786:194202 [0] NCCL INFO   Algorithm   |                    CollNetChain                  |                            NVLS                  |                        NVLSTree                  |
nid200380:193786:194202 [0] NCCL INFO   Protocol    |             LL |          LL128 |         Simple |             LL |          LL128 |         Simple |             LL |          LL128 |         Simple |
nid200380:193786:194202 [0] NCCL INFO  Max NThreads |              0 |              0 |            640 |              0 |              0 |            640 |              0 |              0 |            640 |
nid200380:193786:194202 [0] NCCL INFO     Broadcast |     0.0/   0.0 |     0.0/   0.0 |     0.0/   0.0 |     0.0/   0.0 |     0.0/   0.0 |     0.0/   0.0 |     0.0/   0.0 |     0.0/   0.0 |     0.0/   0.0 |
nid200380:193786:194202 [0] NCCL INFO        Reduce |     0.0/   0.0 |     0.0/   0.0 |     0.0/   0.0 |     0.0/   0.0 |     0.0/   0.0 |     0.0/   0.0 |     0.0/   0.0 |     0.0/   0.0 |     0.0/   0.0 |
nid200380:193786:194202 [0] NCCL INFO     AllGather |     0.0/   0.0 |     0.0/   0.0 |     0.0/   0.0 |     0.0/   0.0 |     0.0/   0.0 |     0.0/   0.0 |     0.0/   0.0 |     0.0/   0.0 |     0.0/   0.0 |
nid200380:193786:194202 [0] NCCL INFO ReduceScatter |     0.0/   0.0 |     0.0/   0.0 |     0.0/   0.0 |     0.0/   0.0 |     0.0/   0.0 |     0.0/   0.0 |     0.0/   0.0 |     0.0/   0.0 |     0.0/   0.0 |
nid200380:193786:194202 [0] NCCL INFO     AllReduce |     0.0/   0.0 |     0.0/   0.0 |    46.8/   0.0 |     0.0/   0.0 |     0.0/   0.0 |     0.0/   0.0 |     0.0/   0.0 |     0.0/   0.0 |     0.0/   0.0 |
nid200384:418370:418786 [0] NCCL INFO   Algorithm   |                            Tree                  |                            Ring                  |                   CollNetDirect                  |
nid200384:418370:418786 [0] NCCL INFO   Protocol    |             LL |          LL128 |         Simple |             LL |          LL128 |         Simple |             LL |          LL128 |         Simple |
nid200384:418370:418786 [0] NCCL INFO  Max NThreads |            512 |            640 |            512 |            512 |            640 |            512 |              0 |              0 |            640 |
nid200384:418370:418786 [0] NCCL INFO     Broadcast |     0.0/   0.0 |     0.0/   0.0 |     0.0/   0.0 |     9.0/  87.7 |    21.6/ 220.8 |   120.4/ 240.0 |     0.0/   0.0 |     0.0/   0.0 |     0.0/   0.0 |
nid200384:418370:418786 [0] NCCL INFO        Reduce |     0.0/   0.0 |     0.0/   0.0 |     0.0/   0.0 |     9.0/  87.7 |    21.6/ 220.8 |   120.4/ 240.0 |     0.0/   0.0 |     0.0/   0.0 |     0.0/   0.0 |
nid200384:418370:418786 [0] NCCL INFO     AllGather |     0.0/   0.0 |     0.0/   0.0 |     0.0/   0.0 |     8.4/ 116.9 |    19.7/ 294.4 |    18.6/ 320.0 |     2.4/   0.0 |     2.4/   0.0 |    40.8/   0.0 |
nid200384:418370:418786 [0] NCCL INFO ReduceScatter |     0.0/   0.0 |     0.0/   0.0 |     0.0/   0.0 |     8.4/ 116.9 |    19.7/ 294.4 |    18.6/ 320.0 |     2.4/   0.0 |     2.4/   0.0 |    40.8/   0.0 |
nid200384:418370:418786 [0] NCCL INFO     AllReduce |    10.4/  29.1 |    21.5/  85.9 |   168.0/ 110.4 |    10.2/  58.5 |    25.4/ 147.2 |    28.8/ 160.0 |     2.4/   0.0 |     2.4/   0.0 |    40.8/   0.0 |
nid200384:418370:418786 [0] NCCL INFO   Algorithm   |                    CollNetChain                  |                            NVLS                  |                        NVLSTree                  |
nid200384:418370:418786 [0] NCCL INFO   Protocol    |             LL |          LL128 |         Simple |             LL |          LL128 |         Simple |             LL |          LL128 |         Simple |
nid200384:418370:418786 [0] NCCL INFO  Max NThreads |              0 |              0 |            640 |              0 |              0 |            640 |              0 |              0 |            640 |
nid200384:418370:418786 [0] NCCL INFO     Broadcast |     0.0/   0.0 |     0.0/   0.0 |     0.0/   0.0 |     0.0/   0.0 |     0.0/   0.0 |     0.0/   0.0 |     0.0/   0.0 |     0.0/   0.0 |     0.0/   0.0 |
nid200384:418370:418786 [0] NCCL INFO        Reduce |     0.0/   0.0 |     0.0/   0.0 |     0.0/   0.0 |     0.0/   0.0 |     0.0/   0.0 |     0.0/   0.0 |     0.0/   0.0 |     0.0/   0.0 |     0.0/   0.0 |
nid200384:418370:418786 [0] NCCL INFO     AllGather |     0.0/   0.0 |     0.0/   0.0 |     0.0/   0.0 |     0.0/   0.0 |     0.0/   0.0 |     0.0/   0.0 |     0.0/   0.0 |     0.0/   0.0 |     0.0/   0.0 |
nid200384:418370:418786 [0] NCCL INFO ReduceScatter |     0.0/   0.0 |     0.0/   0.0 |     0.0/   0.0 |     0.0/   0.0 |     0.0/   0.0 |     0.0/   0.0 |     0.0/   0.0 |     0.0/   0.0 |     0.0/   0.0 |
nid200384:418370:418786 [0] NCCL INFO     AllReduce |     0.0/   0.0 |     0.0/   0.0 |    46.8/   0.0 |     0.0/   0.0 |     0.0/   0.0 |     0.0/   0.0 |     0.0/   0.0 |     0.0/   0.0 |     0.0/   0.0 |
nid200380:193791:193791 [3] NCCL INFO AllGather: opCount 0 sendbuff 0x633440000 recvbuff 0x7f0232000000 count 1048576 datatype 0 op 0 root 0 comm 0x55c4821cbdb0 [nranks=4] stream 0x55c48178a0e0
nid200380:193787:193787 [1] NCCL INFO AllGather: opCount 0 sendbuff 0x63ce40000 recvbuff 0x7fa460000000 count 1048576 datatype 0 op 0 root 0 comm 0x55fa057c4260 [nranks=4] stream 0x55fa04d82600
nid200380:193789:193789 [2] NCCL INFO AllGather: opCount 0 sendbuff 0x63ce40000 recvbuff 0x7f1ba6000000 count 1048576 datatype 0 op 0 root 0 comm 0x55772e5c7e00 [nranks=4] stream 0x55772db86470
nid200380:193786:193786 [0] NCCL INFO AllGather: opCount 0 sendbuff 0x633440000 recvbuff 0x7ff0f2000000 count 1048576 datatype 0 op 0 root 0 comm 0x55a00c2bef80 [nranks=4] stream 0x55a00b87cc40
nid200380:193786:193786 [0] NCCL INFO 4194304 Bytes -> Algo 1 proto 2 time 31.707199
nid200380:193791:193791 [3] NCCL INFO AllGather: opCount 1 sendbuff 0x633400000 recvbuff 0x633440000 count 262144 datatype 0 op 0 root 0 comm 0x55c4821b7700 [nranks=4] stream 0x55c481789de0
nid200380:193789:193789 [2] NCCL INFO AllGather: opCount 1 sendbuff 0x63ce00000 recvbuff 0x63ce40000 count 262144 datatype 0 op 0 root 0 comm 0x55772e5b3830 [nranks=4] stream 0x55772db86170
nid200380:193787:193787 [1] NCCL INFO AllGather: opCount 1 sendbuff 0x63ce00000 recvbuff 0x63ce40000 count 262144 datatype 0 op 0 root 0 comm 0x55fa057afb10 [nranks=4] stream 0x55fa04d82300
nid200380:193786:193786 [0] NCCL INFO AllGather: opCount 1 sendbuff 0x633400000 recvbuff 0x633440000 count 262144 datatype 0 op 0 root 0 comm 0x55a00c2aa8d0 [nranks=4] stream 0x55a00b87c940
nid200380:193791:193791 [3] NCCL INFO AllGather: opCount 1 sendbuff 0x633440000 recvbuff 0x7f0232000000 count 1048576 datatype 0 op 0 root 0 comm 0x55c4821cbdb0 [nranks=4] stream 0x55c48178a0e0
nid200380:193789:193789 [2] NCCL INFO AllGather: opCount 1 sendbuff 0x63ce40000 recvbuff 0x7f1ba6000000 count 1048576 datatype 0 op 0 root 0 comm 0x55772e5c7e00 [nranks=4] stream 0x55772db86470
nid200380:193787:193787 [1] NCCL INFO AllGather: opCount 1 sendbuff 0x63ce40000 recvbuff 0x7fa460000000 count 1048576 datatype 0 op 0 root 0 comm 0x55fa057c4260 [nranks=4] stream 0x55fa04d82600
nid200380:193786:193786 [0] NCCL INFO AllGather: opCount 1 sendbuff 0x633440000 recvbuff 0x7ff0f2000000 count 1048576 datatype 0 op 0 root 0 comm 0x55a00c2bef80 [nranks=4] stream 0x55a00b87cc40
nid200380:193786:193786 [0] NCCL INFO 4194304 Bytes -> Algo 1 proto 2 time 31.707199
nid200384:418370:418370 [0] NCCL INFO AllGather: opCount 0 sendbuff 0x62de40000 recvbuff 0x7f7880000000 count 1048576 datatype 0 op 0 root 0 comm 0x5558bf31dc90 [nranks=4] stream 0x5558be8da830
nid200384:418370:418370 [0] NCCL INFO 4194304 Bytes -> Algo 1 proto 2 time 31.707199
nid200384:418373:418373 [2] NCCL INFO AllGather: opCount 0 sendbuff 0x63ba40000 recvbuff 0x7f5302000000 count 1048576 datatype 0 op 0 root 0 comm 0x55c8e5914580 [nranks=4] stream 0x55c8e4ed13f0
nid200384:418371:418371 [1] NCCL INFO AllGather: opCount 0 sendbuff 0x63ba40000 recvbuff 0x7f07c4000000 count 1048576 datatype 0 op 0 root 0 comm 0x56367965a3f0 [nranks=4] stream 0x563678c171f0
nid200384:418375:418375 [3] NCCL INFO AllGather: opCount 0 sendbuff 0x62de40000 recvbuff 0x7f8fe4000000 count 1048576 datatype 0 op 0 root 0 comm 0x55f5ca50b190 [nranks=4] stream 0x55f5c9ac8100
nid200384:418370:418370 [0] NCCL INFO AllGather: opCount 1 sendbuff 0x62de00000 recvbuff 0x62de40000 count 262144 datatype 0 op 0 root 0 comm 0x5558bf3093a0 [nranks=4] stream 0x5558be8da530
nid200384:418373:418373 [2] NCCL INFO AllGather: opCount 1 sendbuff 0x63ba00000 recvbuff 0x63ba40000 count 262144 datatype 0 op 0 root 0 comm 0x55c8e58ffc90 [nranks=4] stream 0x55c8e4ed10f0
nid200384:418371:418371 [1] NCCL INFO AllGather: opCount 1 sendbuff 0x63ba00000 recvbuff 0x63ba40000 count 262144 datatype 0 op 0 root 0 comm 0x563679645d40 [nranks=4] stream 0x563678c16ef0
nid200384:418373:418373 [2] NCCL INFO AllGather: opCount 1 sendbuff 0x63ba40000 recvbuff 0x7f5302000000 count 1048576 datatype 0 op 0 root 0 comm 0x55c8e5914580 [nranks=4] stream 0x55c8e4ed13f0
nid200384:418375:418375 [3] NCCL INFO AllGather: opCount 1 sendbuff 0x62de00000 recvbuff 0x62de40000 count 262144 datatype 0 op 0 root 0 comm 0x55f5ca4f6cc0 [nranks=4] stream 0x55f5c9ac7e00
nid200384:418370:418370 [0] NCCL INFO AllGather: opCount 1 sendbuff 0x62de40000 recvbuff 0x7f7880000000 count 1048576 datatype 0 op 0 root 0 comm 0x5558bf31dc90 [nranks=4] stream 0x5558be8da830
nid200384:418370:418370 [0] NCCL INFO 4194304 Bytes -> Algo 1 proto 2 time 31.707199
nid200384:418371:418371 [1] NCCL INFO AllGather: opCount 1 sendbuff 0x63ba40000 recvbuff 0x7f07c4000000 count 1048576 datatype 0 op 0 root 0 comm 0x56367965a3f0 [nranks=4] stream 0x563678c171f0
nid200384:418375:418375 [3] NCCL INFO AllGather: opCount 1 sendbuff 0x62de40000 recvbuff 0x7f8fe4000000 count 1048576 datatype 0 op 0 root 0 comm 0x55f5ca50b190 [nranks=4] stream 0x55f5c9ac8100
nid200377:2124200:2124609 [0] NCCL INFO   Algorithm   |                            Tree                  |                            Ring                  |                   CollNetDirect                  |
nid200377:2124200:2124609 [0] NCCL INFO   Protocol    |             LL |          LL128 |         Simple |             LL |          LL128 |         Simple |             LL |          LL128 |         Simple |
nid200377:2124200:2124609 [0] NCCL INFO  Max NThreads |            512 |            640 |            512 |            512 |            640 |            512 |              0 |              0 |            640 |
nid200377:2124200:2124609 [0] NCCL INFO     Broadcast |     0.0/   0.0 |     0.0/   0.0 |     0.0/   0.0 |     9.0/  87.7 |    21.6/ 220.8 |   120.4/ 240.0 |     0.0/   0.0 |     0.0/   0.0 |     0.0/   0.0 |
nid200377:2124200:2124609 [0] NCCL INFO        Reduce |     0.0/   0.0 |     0.0/   0.0 |     0.0/   0.0 |     9.0/  87.7 |    21.6/ 220.8 |   120.4/ 240.0 |     0.0/   0.0 |     0.0/   0.0 |     0.0/   0.0 |
nid200377:2124200:2124609 [0] NCCL INFO     AllGather |     0.0/   0.0 |     0.0/   0.0 |     0.0/   0.0 |     8.4/ 116.9 |    19.7/ 294.4 |    18.6/ 320.0 |     2.4/   0.0 |     2.4/   0.0 |    40.8/   0.0 |
nid200377:2124200:2124609 [0] NCCL INFO ReduceScatter |     0.0/   0.0 |     0.0/   0.0 |     0.0/   0.0 |     8.4/ 116.9 |    19.7/ 294.4 |    18.6/ 320.0 |     2.4/   0.0 |     2.4/   0.0 |    40.8/   0.0 |
nid200377:2124200:2124609 [0] NCCL INFO     AllReduce |    10.4/  29.1 |    21.5/  85.9 |   168.0/ 110.4 |    10.2/  58.5 |    25.4/ 147.2 |    28.8/ 160.0 |     2.4/   0.0 |     2.4/   0.0 |    40.8/   0.0 |
nid200377:2124200:2124609 [0] NCCL INFO   Algorithm   |                    CollNetChain                  |                            NVLS                  |                        NVLSTree                  |
nid200377:2124200:2124609 [0] NCCL INFO   Protocol    |             LL |          LL128 |         Simple |             LL |          LL128 |         Simple |             LL |          LL128 |         Simple |
nid200377:2124200:2124609 [0] NCCL INFO  Max NThreads |              0 |              0 |            640 |              0 |              0 |            640 |              0 |              0 |            640 |
nid200377:2124200:2124609 [0] NCCL INFO     Broadcast |     0.0/   0.0 |     0.0/   0.0 |     0.0/   0.0 |     0.0/   0.0 |     0.0/   0.0 |     0.0/   0.0 |     0.0/   0.0 |     0.0/   0.0 |     0.0/   0.0 |
nid200377:2124200:2124609 [0] NCCL INFO        Reduce |     0.0/   0.0 |     0.0/   0.0 |     0.0/   0.0 |     0.0/   0.0 |     0.0/   0.0 |     0.0/   0.0 |     0.0/   0.0 |     0.0/   0.0 |     0.0/   0.0 |
nid200377:2124200:2124609 [0] NCCL INFO     AllGather |     0.0/   0.0 |     0.0/   0.0 |     0.0/   0.0 |     0.0/   0.0 |     0.0/   0.0 |     0.0/   0.0 |     0.0/   0.0 |     0.0/   0.0 |     0.0/   0.0 |
nid200377:2124200:2124609 [0] NCCL INFO ReduceScatter |     0.0/   0.0 |     0.0/   0.0 |     0.0/   0.0 |     0.0/   0.0 |     0.0/   0.0 |     0.0/   0.0 |     0.0/   0.0 |     0.0/   0.0 |     0.0/   0.0 |
nid200377:2124200:2124609 [0] NCCL INFO     AllReduce |     0.0/   0.0 |     0.0/   0.0 |    46.8/   0.0 |     0.0/   0.0 |     0.0/   0.0 |     0.0/   0.0 |     0.0/   0.0 |     0.0/   0.0 |     0.0/   0.0 |
nid200377:2124201:2124201 [1] NCCL INFO AllGather: opCount 0 sendbuff 0x63b440000 recvbuff 0x7fbaf8000000 count 1048576 datatype 0 op 0 root 0 comm 0x5593738d9820 [nranks=4] stream 0x559372e966e0
nid200377:2124202:2124202 [2] NCCL INFO AllGather: opCount 0 sendbuff 0x63b440000 recvbuff 0x7fa0e4000000 count 1048576 datatype 0 op 0 root 0 comm 0x55a282b918d0 [nranks=4] stream 0x55a28214e5a0
nid200377:2124205:2124205 [3] NCCL INFO AllGather: opCount 0 sendbuff 0x631a40000 recvbuff 0x7f050c000000 count 1048576 datatype 0 op 0 root 0 comm 0x562810596140 [nranks=4] stream 0x56280fb52370
nid200377:2124200:2124200 [0] NCCL INFO AllGather: opCount 0 sendbuff 0x631a40000 recvbuff 0x7f980a000000 count 1048576 datatype 0 op 0 root 0 comm 0x55e4750dccf0 [nranks=4] stream 0x55e47469a010
nid200377:2124200:2124200 [0] NCCL INFO 4194304 Bytes -> Algo 1 proto 2 time 31.707199
nid200377:2124201:2124201 [1] NCCL INFO AllGather: opCount 1 sendbuff 0x63b400000 recvbuff 0x63b440000 count 262144 datatype 0 op 0 root 0 comm 0x5593738c55a0 [nranks=4] stream 0x559372e963e0
nid200377:2124201:2124201 [1] NCCL INFO 1048576 Bytes -> Algo 1 proto 0 time 80.236008
nid200377:2124202:2124202 [2] NCCL INFO AllGather: opCount 1 sendbuff 0x63b400000 recvbuff 0x63b440000 count 262144 datatype 0 op 0 root 0 comm 0x55a282b7d180 [nranks=4] stream 0x55a28214e2a0
nid200377:2124202:2124202 [2] NCCL INFO 1048576 Bytes -> Algo 1 proto 0 time 80.236008
nid200377:2124201:2124201 [1] NCCL INFO AllGather: opCount 1 sendbuff 0x63b440000 recvbuff 0x7fbaf8000000 count 1048576 datatype 0 op 0 root 0 comm 0x5593738d9820 [nranks=4] stream 0x559372e966e0
nid200377:2124202:2124202 [2] NCCL INFO AllGather: opCount 1 sendbuff 0x63b440000 recvbuff 0x7fa0e4000000 count 1048576 datatype 0 op 0 root 0 comm 0x55a282b918d0 [nranks=4] stream 0x55a28214e5a0
nid200377:2124205:2124205 [3] NCCL INFO AllGather: opCount 1 sendbuff 0x631a00000 recvbuff 0x631a40000 count 262144 datatype 0 op 0 root 0 comm 0x562810581ec0 [nranks=4] stream 0x56280fb52070
nid200377:2124205:2124205 [3] NCCL INFO 1048576 Bytes -> Algo 1 proto 0 time 80.236008
nid200377:2124200:2124200 [0] NCCL INFO AllGather: opCount 1 sendbuff 0x631a00000 recvbuff 0x631a40000 count 262144 datatype 0 op 0 root 0 comm 0x55e4750c85a0 [nranks=4] stream 0x55e474699d10
nid200377:2124200:2124200 [0] NCCL INFO 1048576 Bytes -> Algo 1 proto 0 time 80.236008
nid200377:2124205:2124205 [3] NCCL INFO AllGather: opCount 1 sendbuff 0x631a40000 recvbuff 0x7f050c000000 count 1048576 datatype 0 op 0 root 0 comm 0x562810596140 [nranks=4] stream 0x56280fb52370
nid200377:2124200:2124200 [0] NCCL INFO AllGather: opCount 1 sendbuff 0x631a40000 recvbuff 0x7f980a000000 count 1048576 datatype 0 op 0 root 0 comm 0x55e4750dccf0 [nranks=4] stream 0x55e47469a010
nid200377:2124200:2124200 [0] NCCL INFO 4194304 Bytes -> Algo 1 proto 2 time 31.707199
nid200381:391949:392347 [0] NCCL INFO   Algorithm   |                            Tree                  |                            Ring                  |                   CollNetDirect                  |
nid200381:391949:392347 [0] NCCL INFO   Protocol    |             LL |          LL128 |         Simple |             LL |          LL128 |         Simple |             LL |          LL128 |         Simple |
nid200381:391949:392347 [0] NCCL INFO  Max NThreads |            512 |            640 |            512 |            512 |            640 |            512 |              0 |              0 |            640 |
nid200381:391949:392347 [0] NCCL INFO     Broadcast |     0.0/   0.0 |     0.0/   0.0 |     0.0/   0.0 |     9.0/  87.7 |    21.6/ 220.8 |   120.4/ 240.0 |     0.0/   0.0 |     0.0/   0.0 |     0.0/   0.0 |
nid200381:391949:392347 [0] NCCL INFO        Reduce |     0.0/   0.0 |     0.0/   0.0 |     0.0/   0.0 |     9.0/  87.7 |    21.6/ 220.8 |   120.4/ 240.0 |     0.0/   0.0 |     0.0/   0.0 |     0.0/   0.0 |
nid200381:391949:392347 [0] NCCL INFO     AllGather |     0.0/   0.0 |     0.0/   0.0 |     0.0/   0.0 |     8.4/ 116.9 |    19.7/ 294.4 |    18.6/ 320.0 |     2.4/   0.0 |     2.4/   0.0 |    40.8/   0.0 |
nid200381:391949:392347 [0] NCCL INFO ReduceScatter |     0.0/   0.0 |     0.0/   0.0 |     0.0/   0.0 |     8.4/ 116.9 |    19.7/ 294.4 |    18.6/ 320.0 |     2.4/   0.0 |     2.4/   0.0 |    40.8/   0.0 |
nid200381:391949:392347 [0] NCCL INFO     AllReduce |    10.4/  29.1 |    21.5/  85.9 |   168.0/ 110.4 |    10.2/  58.5 |    25.4/ 147.2 |    28.8/ 160.0 |     2.4/   0.0 |     2.4/   0.0 |    40.8/   0.0 |
nid200381:391949:392347 [0] NCCL INFO   Algorithm   |                    CollNetChain                  |                            NVLS                  |                        NVLSTree                  |
nid200381:391949:392347 [0] NCCL INFO   Protocol    |             LL |          LL128 |         Simple |             LL |          LL128 |         Simple |             LL |          LL128 |         Simple |
nid200381:391949:392347 [0] NCCL INFO  Max NThreads |              0 |              0 |            640 |              0 |              0 |            640 |              0 |              0 |            640 |
nid200381:391949:392347 [0] NCCL INFO     Broadcast |     0.0/   0.0 |     0.0/   0.0 |     0.0/   0.0 |     0.0/   0.0 |     0.0/   0.0 |     0.0/   0.0 |     0.0/   0.0 |     0.0/   0.0 |     0.0/   0.0 |
nid200381:391949:392347 [0] NCCL INFO        Reduce |     0.0/   0.0 |     0.0/   0.0 |     0.0/   0.0 |     0.0/   0.0 |     0.0/   0.0 |     0.0/   0.0 |     0.0/   0.0 |     0.0/   0.0 |     0.0/   0.0 |
nid200381:391949:392347 [0] NCCL INFO     AllGather |     0.0/   0.0 |     0.0/   0.0 |     0.0/   0.0 |     0.0/   0.0 |     0.0/   0.0 |     0.0/   0.0 |     0.0/   0.0 |     0.0/   0.0 |     0.0/   0.0 |
nid200381:391949:392347 [0] NCCL INFO ReduceScatter |     0.0/   0.0 |     0.0/   0.0 |     0.0/   0.0 |     0.0/   0.0 |     0.0/   0.0 |     0.0/   0.0 |     0.0/   0.0 |     0.0/   0.0 |     0.0/   0.0 |
nid200381:391949:392347 [0] NCCL INFO     AllReduce |     0.0/   0.0 |     0.0/   0.0 |    46.8/   0.0 |     0.0/   0.0 |     0.0/   0.0 |     0.0/   0.0 |     0.0/   0.0 |     0.0/   0.0 |     0.0/   0.0 |
nid200381:391949:391949 [0] NCCL INFO AllGather: opCount 0 sendbuff 0x633440000 recvbuff 0x7f34aa000000 count 1048576 datatype 0 op 0 root 0 comm 0x56482b33e3b0 [nranks=4] stream 0x56482a8fae60
nid200381:391949:391949 [0] NCCL INFO 4194304 Bytes -> Algo 1 proto 2 time 31.707199
nid200381:391951:391951 [2] NCCL INFO AllGather: opCount 0 sendbuff 0x63ce40000 recvbuff 0x7fa8e8000000 count 1048576 datatype 0 op 0 root 0 comm 0x55bc9cfdc8b0 [nranks=4] stream 0x55bc9c5994f0
nid200381:391950:391950 [1] NCCL INFO AllGather: opCount 0 sendbuff 0x63ce40000 recvbuff 0x7f005e000000 count 1048576 datatype 0 op 0 root 0 comm 0x560e072fa6f0 [nranks=4] stream 0x560e068b82c0
nid200381:391954:391954 [3] NCCL INFO AllGather: opCount 0 sendbuff 0x633440000 recvbuff 0x7f11d8000000 count 1048576 datatype 0 op 0 root 0 comm 0x55a0f3cc0760 [nranks=4] stream 0x55a0f327d380
nid200381:391951:391951 [2] NCCL INFO AllGather: opCount 1 sendbuff 0x63ce00000 recvbuff 0x63ce40000 count 262144 datatype 0 op 0 root 0 comm 0x55bc9cfc80f0 [nranks=4] stream 0x55bc9c5991f0
nid200381:391949:391949 [0] NCCL INFO AllGather: opCount 1 sendbuff 0x633400000 recvbuff 0x633440000 count 262144 datatype 0 op 0 root 0 comm 0x56482b329b60 [nranks=4] stream 0x56482a8fab60
nid200381:391950:391950 [1] NCCL INFO AllGather: opCount 1 sendbuff 0x63ce00000 recvbuff 0x63ce40000 count 262144 datatype 0 op 0 root 0 comm 0x560e072e5d60 [nranks=4] stream 0x560e068b7fc0
nid200381:391954:391954 [3] NCCL INFO AllGather: opCount 1 sendbuff 0x633400000 recvbuff 0x633440000 count 262144 datatype 0 op 0 root 0 comm 0x55a0f3cac150 [nranks=4] stream 0x55a0f327d080
nid200381:391951:391951 [2] NCCL INFO AllGather: opCount 1 sendbuff 0x63ce40000 recvbuff 0x7fa8e8000000 count 1048576 datatype 0 op 0 root 0 comm 0x55bc9cfdc8b0 [nranks=4] stream 0x55bc9c5994f0
nid200381:391949:391949 [0] NCCL INFO AllGather: opCount 1 sendbuff 0x633440000 recvbuff 0x7f34aa000000 count 1048576 datatype 0 op 0 root 0 comm 0x56482b33e3b0 [nranks=4] stream 0x56482a8fae60
nid200381:391949:391949 [0] NCCL INFO 4194304 Bytes -> Algo 1 proto 2 time 31.707199
nid200381:391950:391950 [1] NCCL INFO AllGather: opCount 1 sendbuff 0x63ce40000 recvbuff 0x7f005e000000 count 1048576 datatype 0 op 0 root 0 comm 0x560e072fa6f0 [nranks=4] stream 0x560e068b82c0
nid200381:391954:391954 [3] NCCL INFO AllGather: opCount 1 sendbuff 0x633440000 recvbuff 0x7f11d8000000 count 1048576 datatype 0 op 0 root 0 comm 0x55a0f3cc0760 [nranks=4] stream 0x55a0f327d380
nid200381:391949:391949 [0] NCCL INFO AllGather: opCount 2 sendbuff 0x633400000 recvbuff 0x633440000 count 262144 datatype 0 op 0 root 0 comm 0x56482b329b60 [nranks=4] stream 0x56482a8fab60
nid200377:2124200:2124200 [0] NCCL INFO AllGather: opCount 2 sendbuff 0x631a00000 recvbuff 0x631a40000 count 262144 datatype 0 op 0 root 0 comm 0x55e4750c85a0 [nranks=4] stream 0x55e474699d10
nid200377:2124200:2124200 [0] NCCL INFO 1048576 Bytes -> Algo 1 proto 0 time 80.236008
nid200381:391950:391950 [1] NCCL INFO AllGather: opCount 2 sendbuff 0x63ce00000 recvbuff 0x63ce40000 count 262144 datatype 0 op 0 root 0 comm 0x560e072e5d60 [nranks=4] stream 0x560e068b7fc0
nid200381:391951:391951 [2] NCCL INFO AllGather: opCount 2 sendbuff 0x63ce00000 recvbuff 0x63ce40000 count 262144 datatype 0 op 0 root 0 comm 0x55bc9cfc80f0 [nranks=4] stream 0x55bc9c5991f0
nid200384:418370:418370 [0] NCCL INFO AllGather: opCount 2 sendbuff 0x62de00000 recvbuff 0x62de40000 count 262144 datatype 0 op 0 root 0 comm 0x5558bf3093a0 [nranks=4] stream 0x5558be8da530
nid200377:2124201:2124201 [1] NCCL INFO AllGather: opCount 2 sendbuff 0x63b400000 recvbuff 0x63b440000 count 262144 datatype 0 op 0 root 0 comm 0x5593738c55a0 [nranks=4] stream 0x559372e963e0
nid200377:2124201:2124201 [1] NCCL INFO 1048576 Bytes -> Algo 1 proto 0 time 80.236008
nid200381:391954:391954 [3] NCCL INFO AllGather: opCount 2 sendbuff 0x633400000 recvbuff 0x633440000 count 262144 datatype 0 op 0 root 0 comm 0x55a0f3cac150 [nranks=4] stream 0x55a0f327d080
nid200380:193787:193787 [1] NCCL INFO AllGather: opCount 2 sendbuff 0x63ce00000 recvbuff 0x63ce40000 count 262144 datatype 0 op 0 root 0 comm 0x55fa057afb10 [nranks=4] stream 0x55fa04d82300
nid200377:2124202:2124202 [2] NCCL INFO AllGather: opCount 2 sendbuff 0x63b400000 recvbuff 0x63b440000 count 262144 datatype 0 op 0 root 0 comm 0x55a282b7d180 [nranks=4] stream 0x55a28214e2a0
nid200377:2124202:2124202 [2] NCCL INFO 1048576 Bytes -> Algo 1 proto 0 time 80.236008
nid200381:391950:391950 [1] NCCL INFO AllGather: opCount 2 sendbuff 0x63ce40000 recvbuff 0x7f005e000000 count 1048576 datatype 0 op 0 root 0 comm 0x560e072fa6f0 [nranks=4] stream 0x560e068b82c0
nid200384:418371:418371 [1] NCCL INFO AllGather: opCount 2 sendbuff 0x63ba00000 recvbuff 0x63ba40000 count 262144 datatype 0 op 0 root 0 comm 0x563679645d40 [nranks=4] stream 0x563678c16ef0
nid200377:2124205:2124205 [3] NCCL INFO AllGather: opCount 2 sendbuff 0x631a00000 recvbuff 0x631a40000 count 262144 datatype 0 op 0 root 0 comm 0x562810581ec0 [nranks=4] stream 0x56280fb52070
nid200377:2124205:2124205 [3] NCCL INFO 1048576 Bytes -> Algo 1 proto 0 time 80.236008
nid200381:391951:391951 [2] NCCL INFO AllGather: opCount 2 sendbuff 0x63ce40000 recvbuff 0x7fa8e8000000 count 1048576 datatype 0 op 0 root 0 comm 0x55bc9cfdc8b0 [nranks=4] stream 0x55bc9c5994f0
nid200384:418373:418373 [2] NCCL INFO AllGather: opCount 2 sendbuff 0x63ba00000 recvbuff 0x63ba40000 count 262144 datatype 0 op 0 root 0 comm 0x55c8e58ffc90 [nranks=4] stream 0x55c8e4ed10f0
nid200377:2124200:2124200 [0] NCCL INFO AllGather: opCount 2 sendbuff 0x631a40000 recvbuff 0x7f980a000000 count 1048576 datatype 0 op 0 root 0 comm 0x55e4750dccf0 [nranks=4] stream 0x55e47469a010
nid200377:2124200:2124200 [0] NCCL INFO 4194304 Bytes -> Algo 1 proto 2 time 31.707199
nid200381:391954:391954 [3] NCCL INFO AllGather: opCount 2 sendbuff 0x633440000 recvbuff 0x7f11d8000000 count 1048576 datatype 0 op 0 root 0 comm 0x55a0f3cc0760 [nranks=4] stream 0x55a0f327d380
nid200384:418375:418375 [3] NCCL INFO AllGather: opCount 2 sendbuff 0x62de00000 recvbuff 0x62de40000 count 262144 datatype 0 op 0 root 0 comm 0x55f5ca4f6cc0 [nranks=4] stream 0x55f5c9ac7e00
nid200377:2124201:2124201 [1] NCCL INFO AllGather: opCount 2 sendbuff 0x63b440000 recvbuff 0x7fbaf8000000 count 1048576 datatype 0 op 0 root 0 comm 0x5593738d9820 [nranks=4] stream 0x559372e966e0
nid200381:391949:391949 [0] NCCL INFO AllGather: opCount 2 sendbuff 0x633440000 recvbuff 0x7f34aa000000 count 1048576 datatype 0 op 0 root 0 comm 0x56482b33e3b0 [nranks=4] stream 0x56482a8fae60
nid200381:391949:391949 [0] NCCL INFO 4194304 Bytes -> Algo 1 proto 2 time 31.707199
nid200384:418373:418373 [2] NCCL INFO AllGather: opCount 2 sendbuff 0x63ba40000 recvbuff 0x7f5302000000 count 1048576 datatype 0 op 0 root 0 comm 0x55c8e5914580 [nranks=4] stream 0x55c8e4ed13f0
nid200377:2124202:2124202 [2] NCCL INFO AllGather: opCount 2 sendbuff 0x63b440000 recvbuff 0x7fa0e4000000 count 1048576 datatype 0 op 0 root 0 comm 0x55a282b918d0 [nranks=4] stream 0x55a28214e5a0
nid200384:418375:418375 [3] NCCL INFO AllGather: opCount 2 sendbuff 0x62de40000 recvbuff 0x7f8fe4000000 count 1048576 datatype 0 op 0 root 0 comm 0x55f5ca50b190 [nranks=4] stream 0x55f5c9ac8100
nid200377:2124205:2124205 [3] NCCL INFO AllGather: opCount 2 sendbuff 0x631a40000 recvbuff 0x7f050c000000 count 1048576 datatype 0 op 0 root 0 comm 0x562810596140 [nranks=4] stream 0x56280fb52370
nid200380:193789:193789 [2] NCCL INFO AllGather: opCount 2 sendbuff 0x63ce00000 recvbuff 0x63ce40000 count 262144 datatype 0 op 0 root 0 comm 0x55772e5b3830 [nranks=4] stream 0x55772db86170
nid200384:418370:418370 [0] NCCL INFO AllGather: opCount 2 sendbuff 0x62de40000 recvbuff 0x7f7880000000 count 1048576 datatype 0 op 0 root 0 comm 0x5558bf31dc90 [nranks=4] stream 0x5558be8da830
nid200384:418370:418370 [0] NCCL INFO 4194304 Bytes -> Algo 1 proto 2 time 31.707199
nid200380:193791:193791 [3] NCCL INFO AllGather: opCount 2 sendbuff 0x633400000 recvbuff 0x633440000 count 262144 datatype 0 op 0 root 0 comm 0x55c4821b7700 [nranks=4] stream 0x55c481789de0
nid200384:418371:418371 [1] NCCL INFO AllGather: opCount 2 sendbuff 0x63ba40000 recvbuff 0x7f07c4000000 count 1048576 datatype 0 op 0 root 0 comm 0x56367965a3f0 [nranks=4] stream 0x563678c171f0
nid200380:193786:193786 [0] NCCL INFO AllGather: opCount 2 sendbuff 0x633400000 recvbuff 0x633440000 count 262144 datatype 0 op 0 root 0 comm 0x55a00c2aa8d0 [nranks=4] stream 0x55a00b87c940
nid200380:193787:193787 [1] NCCL INFO AllGather: opCount 2 sendbuff 0x63ce40000 recvbuff 0x7fa460000000 count 1048576 datatype 0 op 0 root 0 comm 0x55fa057c4260 [nranks=4] stream 0x55fa04d82600
nid200380:193789:193789 [2] NCCL INFO AllGather: opCount 2 sendbuff 0x63ce40000 recvbuff 0x7f1ba6000000 count 1048576 datatype 0 op 0 root 0 comm 0x55772e5c7e00 [nranks=4] stream 0x55772db86470
nid200380:193791:193791 [3] NCCL INFO AllGather: opCount 2 sendbuff 0x633440000 recvbuff 0x7f0232000000 count 1048576 datatype 0 op 0 root 0 comm 0x55c4821cbdb0 [nranks=4] stream 0x55c48178a0e0
nid200380:193786:193786 [0] NCCL INFO AllGather: opCount 2 sendbuff 0x633440000 recvbuff 0x7ff0f2000000 count 1048576 datatype 0 op 0 root 0 comm 0x55a00c2bef80 [nranks=4] stream 0x55a00b87cc40
nid200380:193786:193786 [0] NCCL INFO 4194304 Bytes -> Algo 1 proto 2 time 31.707199
nid200381:391950:391950 [1] NCCL INFO AllGather: opCount 3 sendbuff 0x63ce00000 recvbuff 0x63ce40000 count 262144 datatype 0 op 0 root 0 comm 0x560e072e5d60 [nranks=4] stream 0x560e068b7fc0
nid200377:2124200:2124200 [0] NCCL INFO AllGather: opCount 3 sendbuff 0x631a00000 recvbuff 0x631a40000 count 262144 datatype 0 op 0 root 0 comm 0x55e4750c85a0 [nranks=4] stream 0x55e474699d10
nid200377:2124200:2124200 [0] NCCL INFO 1048576 Bytes -> Algo 1 proto 0 time 80.236008
nid200380:193786:193786 [0] NCCL INFO AllGather: opCount 3 sendbuff 0x633400000 recvbuff 0x633440000 count 262144 datatype 0 op 0 root 0 comm 0x55a00c2aa8d0 [nranks=4] stream 0x55a00b87c940
nid200377:2124201:2124201 [1] NCCL INFO AllGather: opCount 3 sendbuff 0x63b400000 recvbuff 0x63b440000 count 262144 datatype 0 op 0 root 0 comm 0x5593738c55a0 [nranks=4] stream 0x559372e963e0
nid200377:2124201:2124201 [1] NCCL INFO 1048576 Bytes -> Algo 1 proto 0 time 80.236008
nid200381:391951:391951 [2] NCCL INFO AllGather: opCount 3 sendbuff 0x63ce00000 recvbuff 0x63ce40000 count 262144 datatype 0 op 0 root 0 comm 0x55bc9cfc80f0 [nranks=4] stream 0x55bc9c5991f0
nid200384:418370:418370 [0] NCCL INFO AllGather: opCount 3 sendbuff 0x62de00000 recvbuff 0x62de40000 count 262144 datatype 0 op 0 root 0 comm 0x5558bf3093a0 [nranks=4] stream 0x5558be8da530
nid200377:2124202:2124202 [2] NCCL INFO AllGather: opCount 3 sendbuff 0x63b400000 recvbuff 0x63b440000 count 262144 datatype 0 op 0 root 0 comm 0x55a282b7d180 [nranks=4] stream 0x55a28214e2a0
nid200377:2124202:2124202 [2] NCCL INFO 1048576 Bytes -> Algo 1 proto 0 time 80.236008
nid200381:391949:391949 [0] NCCL INFO AllGather: opCount 3 sendbuff 0x633400000 recvbuff 0x633440000 count 262144 datatype 0 op 0 root 0 comm 0x56482b329b60 [nranks=4] stream 0x56482a8fab60
nid200377:2124205:2124205 [3] NCCL INFO AllGather: opCount 3 sendbuff 0x631a00000 recvbuff 0x631a40000 count 262144 datatype 0 op 0 root 0 comm 0x562810581ec0 [nranks=4] stream 0x56280fb52070
nid200377:2124205:2124205 [3] NCCL INFO 1048576 Bytes -> Algo 1 proto 0 time 80.236008
nid200381:391954:391954 [3] NCCL INFO AllGather: opCount 3 sendbuff 0x633400000 recvbuff 0x633440000 count 262144 datatype 0 op 0 root 0 comm 0x55a0f3cac150 [nranks=4] stream 0x55a0f327d080
nid200377:2124200:2124200 [0] NCCL INFO AllGather: opCount 3 sendbuff 0x631a40000 recvbuff 0x7f980a000000 count 1048576 datatype 0 op 0 root 0 comm 0x55e4750dccf0 [nranks=4] stream 0x55e47469a010
nid200377:2124200:2124200 [0] NCCL INFO 4194304 Bytes -> Algo 1 proto 2 time 31.707199
nid200380:193787:193787 [1] NCCL INFO AllGather: opCount 3 sendbuff 0x63ce00000 recvbuff 0x63ce40000 count 262144 datatype 0 op 0 root 0 comm 0x55fa057afb10 [nranks=4] stream 0x55fa04d82300
nid200377:2124201:2124201 [1] NCCL INFO AllGather: opCount 3 sendbuff 0x63b440000 recvbuff 0x7fbaf8000000 count 1048576 datatype 0 op 0 root 0 comm 0x5593738d9820 [nranks=4] stream 0x559372e966e0
nid200380:193789:193789 [2] NCCL INFO AllGather: opCount 3 sendbuff 0x63ce00000 recvbuff 0x63ce40000 count 262144 datatype 0 op 0 root 0 comm 0x55772e5b3830 [nranks=4] stream 0x55772db86170
nid200377:2124202:2124202 [2] NCCL INFO AllGather: opCount 3 sendbuff 0x63b440000 recvbuff 0x7fa0e4000000 count 1048576 datatype 0 op 0 root 0 comm 0x55a282b918d0 [nranks=4] stream 0x55a28214e5a0
nid200380:193791:193791 [3] NCCL INFO AllGather: opCount 3 sendbuff 0x633400000 recvbuff 0x633440000 count 262144 datatype 0 op 0 root 0 comm 0x55c4821b7700 [nranks=4] stream 0x55c481789de0
nid200384:418371:418371 [1] NCCL INFO AllGather: opCount 3 sendbuff 0x63ba00000 recvbuff 0x63ba40000 count 262144 datatype 0 op 0 root 0 comm 0x563679645d40 [nranks=4] stream 0x563678c16ef0
nid200377:2124205:2124205 [3] NCCL INFO AllGather: opCount 3 sendbuff 0x631a40000 recvbuff 0x7f050c000000 count 1048576 datatype 0 op 0 root 0 comm 0x562810596140 [nranks=4] stream 0x56280fb52370
nid200381:391950:391950 [1] NCCL INFO AllGather: opCount 3 sendbuff 0x63ce40000 recvbuff 0x7f005e000000 count 1048576 datatype 0 op 0 root 0 comm 0x560e072fa6f0 [nranks=4] stream 0x560e068b82c0
nid200380:193787:193787 [1] NCCL INFO AllGather: opCount 3 sendbuff 0x63ce40000 recvbuff 0x7fa460000000 count 1048576 datatype 0 op 0 root 0 comm 0x55fa057c4260 [nranks=4] stream 0x55fa04d82600
nid200384:418373:418373 [2] NCCL INFO AllGather: opCount 3 sendbuff 0x63ba00000 recvbuff 0x63ba40000 count 262144 datatype 0 op 0 root 0 comm 0x55c8e58ffc90 [nranks=4] stream 0x55c8e4ed10f0
nid200381:391951:391951 [2] NCCL INFO AllGather: opCount 3 sendbuff 0x63ce40000 recvbuff 0x7fa8e8000000 count 1048576 datatype 0 op 0 root 0 comm 0x55bc9cfdc8b0 [nranks=4] stream 0x55bc9c5994f0
nid200380:193789:193789 [2] NCCL INFO AllGather: opCount 3 sendbuff 0x63ce40000 recvbuff 0x7f1ba6000000 count 1048576 datatype 0 op 0 root 0 comm 0x55772e5c7e00 [nranks=4] stream 0x55772db86470
nid200384:418375:418375 [3] NCCL INFO AllGather: opCount 3 sendbuff 0x62de00000 recvbuff 0x62de40000 count 262144 datatype 0 op 0 root 0 comm 0x55f5ca4f6cc0 [nranks=4] stream 0x55f5c9ac7e00
nid200381:391949:391949 [0] NCCL INFO AllGather: opCount 3 sendbuff 0x633440000 recvbuff 0x7f34aa000000 count 1048576 datatype 0 op 0 root 0 comm 0x56482b33e3b0 [nranks=4] stream 0x56482a8fae60
nid200381:391949:391949 [0] NCCL INFO 4194304 Bytes -> Algo 1 proto 2 time 31.707199
nid200380:193791:193791 [3] NCCL INFO AllGather: opCount 3 sendbuff 0x633440000 recvbuff 0x7f0232000000 count 1048576 datatype 0 op 0 root 0 comm 0x55c4821cbdb0 [nranks=4] stream 0x55c48178a0e0
nid200384:418370:418370 [0] NCCL INFO AllGather: opCount 3 sendbuff 0x62de40000 recvbuff 0x7f7880000000 count 1048576 datatype 0 op 0 root 0 comm 0x5558bf31dc90 [nranks=4] stream 0x5558be8da830
nid200384:418370:418370 [0] NCCL INFO 4194304 Bytes -> Algo 1 proto 2 time 31.707199
nid200381:391954:391954 [3] NCCL INFO AllGather: opCount 3 sendbuff 0x633440000 recvbuff 0x7f11d8000000 count 1048576 datatype 0 op 0 root 0 comm 0x55a0f3cc0760 [nranks=4] stream 0x55a0f327d380
nid200380:193786:193786 [0] NCCL INFO AllGather: opCount 3 sendbuff 0x633440000 recvbuff 0x7ff0f2000000 count 1048576 datatype 0 op 0 root 0 comm 0x55a00c2bef80 [nranks=4] stream 0x55a00b87cc40
nid200380:193786:193786 [0] NCCL INFO 4194304 Bytes -> Algo 1 proto 2 time 31.707199
nid200384:418371:418371 [1] NCCL INFO AllGather: opCount 3 sendbuff 0x63ba40000 recvbuff 0x7f07c4000000 count 1048576 datatype 0 op 0 root 0 comm 0x56367965a3f0 [nranks=4] stream 0x563678c171f0
nid200384:418373:418373 [2] NCCL INFO AllGather: opCount 3 sendbuff 0x63ba40000 recvbuff 0x7f5302000000 count 1048576 datatype 0 op 0 root 0 comm 0x55c8e5914580 [nranks=4] stream 0x55c8e4ed13f0
nid200384:418375:418375 [3] NCCL INFO AllGather: opCount 3 sendbuff 0x62de40000 recvbuff 0x7f8fe4000000 count 1048576 datatype 0 op 0 root 0 comm 0x55f5ca50b190 [nranks=4] stream 0x55f5c9ac8100
nid200381:391949:391949 [0] NCCL INFO AllGather: opCount 4 sendbuff 0x633400000 recvbuff 0x633440000 count 262144 datatype 0 op 0 root 0 comm 0x56482b329b60 [nranks=4] stream 0x56482a8fab60
nid200380:193787:193787 [1] NCCL INFO AllGather: opCount 4 sendbuff 0x63ce00000 recvbuff 0x63ce40000 count 262144 datatype 0 op 0 root 0 comm 0x55fa057afb10 [nranks=4] stream 0x55fa04d82300
nid200384:418370:418370 [0] NCCL INFO AllGather: opCount 4 sendbuff 0x62de00000 recvbuff 0x62de40000 count 262144 datatype 0 op 0 root 0 comm 0x5558bf3093a0 [nranks=4] stream 0x5558be8da530
nid200377:2124200:2124200 [0] NCCL INFO AllGather: opCount 4 sendbuff 0x631a00000 recvbuff 0x631a40000 count 262144 datatype 0 op 0 root 0 comm 0x55e4750c85a0 [nranks=4] stream 0x55e474699d10
nid200377:2124200:2124200 [0] NCCL INFO 1048576 Bytes -> Algo 1 proto 0 time 80.236008
nid200381:391950:391950 [1] NCCL INFO AllGather: opCount 4 sendbuff 0x63ce00000 recvbuff 0x63ce40000 count 262144 datatype 0 op 0 root 0 comm 0x560e072e5d60 [nranks=4] stream 0x560e068b7fc0
nid200381:391951:391951 [2] NCCL INFO AllGather: opCount 4 sendbuff 0x63ce00000 recvbuff 0x63ce40000 count 262144 datatype 0 op 0 root 0 comm 0x55bc9cfc80f0 [nranks=4] stream 0x55bc9c5991f0
nid200380:193789:193789 [2] NCCL INFO AllGather: opCount 4 sendbuff 0x63ce00000 recvbuff 0x63ce40000 count 262144 datatype 0 op 0 root 0 comm 0x55772e5b3830 [nranks=4] stream 0x55772db86170
nid200377:2124201:2124201 [1] NCCL INFO AllGather: opCount 4 sendbuff 0x63b400000 recvbuff 0x63b440000 count 262144 datatype 0 op 0 root 0 comm 0x5593738c55a0 [nranks=4] stream 0x559372e963e0
nid200377:2124201:2124201 [1] NCCL INFO 1048576 Bytes -> Algo 1 proto 0 time 80.236008
nid200381:391954:391954 [3] NCCL INFO AllGather: opCount 4 sendbuff 0x633400000 recvbuff 0x633440000 count 262144 datatype 0 op 0 root 0 comm 0x55a0f3cac150 [nranks=4] stream 0x55a0f327d080
nid200380:193791:193791 [3] NCCL INFO AllGather: opCount 4 sendbuff 0x633400000 recvbuff 0x633440000 count 262144 datatype 0 op 0 root 0 comm 0x55c4821b7700 [nranks=4] stream 0x55c481789de0
nid200377:2124202:2124202 [2] NCCL INFO AllGather: opCount 4 sendbuff 0x63b400000 recvbuff 0x63b440000 count 262144 datatype 0 op 0 root 0 comm 0x55a282b7d180 [nranks=4] stream 0x55a28214e2a0
nid200377:2124202:2124202 [2] NCCL INFO 1048576 Bytes -> Algo 1 proto 0 time 80.236008
nid200380:193786:193786 [0] NCCL INFO AllGather: opCount 4 sendbuff 0x633400000 recvbuff 0x633440000 count 262144 datatype 0 op 0 root 0 comm 0x55a00c2aa8d0 [nranks=4] stream 0x55a00b87c940
nid200384:418371:418371 [1] NCCL INFO AllGather: opCount 4 sendbuff 0x63ba00000 recvbuff 0x63ba40000 count 262144 datatype 0 op 0 root 0 comm 0x563679645d40 [nranks=4] stream 0x563678c16ef0
nid200377:2124205:2124205 [3] NCCL INFO AllGather: opCount 4 sendbuff 0x631a00000 recvbuff 0x631a40000 count 262144 datatype 0 op 0 root 0 comm 0x562810581ec0 [nranks=4] stream 0x56280fb52070
nid200377:2124205:2124205 [3] NCCL INFO 1048576 Bytes -> Algo 1 proto 0 time 80.236008
nid200380:193787:193787 [1] NCCL INFO AllGather: opCount 4 sendbuff 0x63ce40000 recvbuff 0x7fa460000000 count 1048576 datatype 0 op 0 root 0 comm 0x55fa057c4260 [nranks=4] stream 0x55fa04d82600
nid200384:418373:418373 [2] NCCL INFO AllGather: opCount 4 sendbuff 0x63ba00000 recvbuff 0x63ba40000 count 262144 datatype 0 op 0 root 0 comm 0x55c8e58ffc90 [nranks=4] stream 0x55c8e4ed10f0
nid200377:2124200:2124200 [0] NCCL INFO AllGather: opCount 4 sendbuff 0x631a40000 recvbuff 0x7f980a000000 count 1048576 datatype 0 op 0 root 0 comm 0x55e4750dccf0 [nranks=4] stream 0x55e47469a010
nid200377:2124200:2124200 [0] NCCL INFO 4194304 Bytes -> Algo 1 proto 2 time 31.707199
nid200381:391949:391949 [0] NCCL INFO AllGather: opCount 4 sendbuff 0x633440000 recvbuff 0x7f34aa000000 count 1048576 datatype 0 op 0 root 0 comm 0x56482b33e3b0 [nranks=4] stream 0x56482a8fae60
nid200381:391949:391949 [0] NCCL INFO 4194304 Bytes -> Algo 1 proto 2 time 31.707199
nid200384:418375:418375 [3] NCCL INFO AllGather: opCount 4 sendbuff 0x62de00000 recvbuff 0x62de40000 count 262144 datatype 0 op 0 root 0 comm 0x55f5ca4f6cc0 [nranks=4] stream 0x55f5c9ac7e00
nid200377:2124201:2124201 [1] NCCL INFO AllGather: opCount 4 sendbuff 0x63b440000 recvbuff 0x7fbaf8000000 count 1048576 datatype 0 op 0 root 0 comm 0x5593738d9820 [nranks=4] stream 0x559372e966e0
nid200381:391950:391950 [1] NCCL INFO AllGather: opCount 4 sendbuff 0x63ce40000 recvbuff 0x7f005e000000 count 1048576 datatype 0 op 0 root 0 comm 0x560e072fa6f0 [nranks=4] stream 0x560e068b82c0
nid200384:418370:418370 [0] NCCL INFO AllGather: opCount 4 sendbuff 0x62de40000 recvbuff 0x7f7880000000 count 1048576 datatype 0 op 0 root 0 comm 0x5558bf31dc90 [nranks=4] stream 0x5558be8da830
nid200377:2124202:2124202 [2] NCCL INFO AllGather: opCount 4 sendbuff 0x63b440000 recvbuff 0x7fa0e4000000 count 1048576 datatype 0 op 0 root 0 comm 0x55a282b918d0 [nranks=4] stream 0x55a28214e5a0
nid200381:391951:391951 [2] NCCL INFO AllGather: opCount 4 sendbuff 0x63ce40000 recvbuff 0x7fa8e8000000 count 1048576 datatype 0 op 0 root 0 comm 0x55bc9cfdc8b0 [nranks=4] stream 0x55bc9c5994f0
nid200384:418371:418371 [1] NCCL INFO AllGather: opCount 4 sendbuff 0x63ba40000 recvbuff 0x7f07c4000000 count 1048576 datatype 0 op 0 root 0 comm 0x56367965a3f0 [nranks=4] stream 0x563678c171f0
nid200377:2124205:2124205 [3] NCCL INFO AllGather: opCount 4 sendbuff 0x631a40000 recvbuff 0x7f050c000000 count 1048576 datatype 0 op 0 root 0 comm 0x562810596140 [nranks=4] stream 0x56280fb52370
nid200381:391954:391954 [3] NCCL INFO AllGather: opCount 4 sendbuff 0x633440000 recvbuff 0x7f11d8000000 count 1048576 datatype 0 op 0 root 0 comm 0x55a0f3cc0760 [nranks=4] stream 0x55a0f327d380
nid200384:418373:418373 [2] NCCL INFO AllGather: opCount 4 sendbuff 0x63ba40000 recvbuff 0x7f5302000000 count 1048576 datatype 0 op 0 root 0 comm 0x55c8e5914580 [nranks=4] stream 0x55c8e4ed13f0
nid200380:193789:193789 [2] NCCL INFO AllGather: opCount 4 sendbuff 0x63ce40000 recvbuff 0x7f1ba6000000 count 1048576 datatype 0 op 0 root 0 comm 0x55772e5c7e00 [nranks=4] stream 0x55772db86470
nid200380:193791:193791 [3] NCCL INFO AllGather: opCount 4 sendbuff 0x633440000 recvbuff 0x7f0232000000 count 1048576 datatype 0 op 0 root 0 comm 0x55c4821cbdb0 [nranks=4] stream 0x55c48178a0e0
nid200380:193786:193786 [0] NCCL INFO AllGather: opCount 4 sendbuff 0x633440000 recvbuff 0x7ff0f2000000 count 1048576 datatype 0 op 0 root 0 comm 0x55a00c2bef80 [nranks=4] stream 0x55a00b87cc40
nid200380:193786:193786 [0] NCCL INFO 4194304 Bytes -> Algo 1 proto 2 time 31.707199
nid200384:418375:418375 [3] NCCL INFO AllGather: opCount 4 sendbuff 0x62de40000 recvbuff 0x7f8fe4000000 count 1048576 datatype 0 op 0 root 0 comm 0x55f5ca50b190 [nranks=4] stream 0x55f5c9ac8100
nid200384:418370:418370 [0] NCCL INFO 4194304 Bytes -> Algo 1 proto 2 time 31.707199
nid200381:391949:391949 [0] NCCL INFO AllGather: opCount 5 sendbuff 0x633400000 recvbuff 0x633440000 count 262144 datatype 0 op 0 root 0 comm 0x56482b329b60 [nranks=4] stream 0x56482a8fab60
nid200377:2124200:2124200 [0] NCCL INFO AllGather: opCount 5 sendbuff 0x631a00000 recvbuff 0x631a40000 count 262144 datatype 0 op 0 root 0 comm 0x55e4750c85a0 [nranks=4] stream 0x55e474699d10
nid200377:2124200:2124200 [0] NCCL INFO 1048576 Bytes -> Algo 1 proto 0 time 80.236008
nid200381:391950:391950 [1] NCCL INFO AllGather: opCount 5 sendbuff 0x63ce00000 recvbuff 0x63ce40000 count 262144 datatype 0 op 0 root 0 comm 0x560e072e5d60 [nranks=4] stream 0x560e068b7fc0
nid200380:193786:193786 [0] NCCL INFO AllGather: opCount 5 sendbuff 0x633400000 recvbuff 0x633440000 count 262144 datatype 0 op 0 root 0 comm 0x55a00c2aa8d0 [nranks=4] stream 0x55a00b87c940
nid200384:418370:418370 [0] NCCL INFO AllGather: opCount 5 sendbuff 0x62de00000 recvbuff 0x62de40000 count 262144 datatype 0 op 0 root 0 comm 0x5558bf3093a0 [nranks=4] stream 0x5558be8da530
nid200377:2124201:2124201 [1] NCCL INFO AllGather: opCount 5 sendbuff 0x63b400000 recvbuff 0x63b440000 count 262144 datatype 0 op 0 root 0 comm 0x5593738c55a0 [nranks=4] stream 0x559372e963e0
nid200377:2124201:2124201 [1] NCCL INFO 1048576 Bytes -> Algo 1 proto 0 time 80.236008
nid200381:391951:391951 [2] NCCL INFO AllGather: opCount 5 sendbuff 0x63ce00000 recvbuff 0x63ce40000 count 262144 datatype 0 op 0 root 0 comm 0x55bc9cfc80f0 [nranks=4] stream 0x55bc9c5991f0
nid200377:2124202:2124202 [2] NCCL INFO AllGather: opCount 5 sendbuff 0x63b400000 recvbuff 0x63b440000 count 262144 datatype 0 op 0 root 0 comm 0x55a282b7d180 [nranks=4] stream 0x55a28214e2a0
nid200377:2124202:2124202 [2] NCCL INFO 1048576 Bytes -> Algo 1 proto 0 time 80.236008
nid200381:391954:391954 [3] NCCL INFO AllGather: opCount 5 sendbuff 0x633400000 recvbuff 0x633440000 count 262144 datatype 0 op 0 root 0 comm 0x55a0f3cac150 [nranks=4] stream 0x55a0f327d080
nid200377:2124205:2124205 [3] NCCL INFO AllGather: opCount 5 sendbuff 0x631a00000 recvbuff 0x631a40000 count 262144 datatype 0 op 0 root 0 comm 0x562810581ec0 [nranks=4] stream 0x56280fb52070
nid200377:2124205:2124205 [3] NCCL INFO 1048576 Bytes -> Algo 1 proto 0 time 80.236008
nid200377:2124200:2124200 [0] NCCL INFO AllGather: opCount 5 sendbuff 0x631a40000 recvbuff 0x7f980a000000 count 1048576 datatype 0 op 0 root 0 comm 0x55e4750dccf0 [nranks=4] stream 0x55e47469a010
nid200377:2124200:2124200 [0] NCCL INFO 4194304 Bytes -> Algo 1 proto 2 time 31.707199
nid200380:193787:193787 [1] NCCL INFO AllGather: opCount 5 sendbuff 0x63ce00000 recvbuff 0x63ce40000 count 262144 datatype 0 op 0 root 0 comm 0x55fa057afb10 [nranks=4] stream 0x55fa04d82300
nid200377:2124201:2124201 [1] NCCL INFO AllGather: opCount 5 sendbuff 0x63b440000 recvbuff 0x7fbaf8000000 count 1048576 datatype 0 op 0 root 0 comm 0x5593738d9820 [nranks=4] stream 0x559372e966e0
nid200381:391949:391949 [0] NCCL INFO AllGather: opCount 5 sendbuff 0x633440000 recvbuff 0x7f34aa000000 count 1048576 datatype 0 op 0 root 0 comm 0x56482b33e3b0 [nranks=4] stream 0x56482a8fae60
nid200381:391949:391949 [0] NCCL INFO 4194304 Bytes -> Algo 1 proto 2 time 31.707199
nid200380:193789:193789 [2] NCCL INFO AllGather: opCount 5 sendbuff 0x63ce00000 recvbuff 0x63ce40000 count 262144 datatype 0 op 0 root 0 comm 0x55772e5b3830 [nranks=4] stream 0x55772db86170
nid200384:418371:418371 [1] NCCL INFO AllGather: opCount 5 sendbuff 0x63ba00000 recvbuff 0x63ba40000 count 262144 datatype 0 op 0 root 0 comm 0x563679645d40 [nranks=4] stream 0x563678c16ef0
nid200377:2124202:2124202 [2] NCCL INFO AllGather: opCount 5 sendbuff 0x63b440000 recvbuff 0x7fa0e4000000 count 1048576 datatype 0 op 0 root 0 comm 0x55a282b918d0 [nranks=4] stream 0x55a28214e5a0
nid200381:391950:391950 [1] NCCL INFO AllGather: opCount 5 sendbuff 0x63ce40000 recvbuff 0x7f005e000000 count 1048576 datatype 0 op 0 root 0 comm 0x560e072fa6f0 [nranks=4] stream 0x560e068b82c0
nid200380:193791:193791 [3] NCCL INFO AllGather: opCount 5 sendbuff 0x633400000 recvbuff 0x633440000 count 262144 datatype 0 op 0 root 0 comm 0x55c4821b7700 [nranks=4] stream 0x55c481789de0
nid200384:418373:418373 [2] NCCL INFO AllGather: opCount 5 sendbuff 0x63ba00000 recvbuff 0x63ba40000 count 262144 datatype 0 op 0 root 0 comm 0x55c8e58ffc90 [nranks=4] stream 0x55c8e4ed10f0
nid200377:2124205:2124205 [3] NCCL INFO AllGather: opCount 5 sendbuff 0x631a40000 recvbuff 0x7f050c000000 count 1048576 datatype 0 op 0 root 0 comm 0x562810596140 [nranks=4] stream 0x56280fb52370
nid200381:391951:391951 [2] NCCL INFO AllGather: opCount 5 sendbuff 0x63ce40000 recvbuff 0x7fa8e8000000 count 1048576 datatype 0 op 0 root 0 comm 0x55bc9cfdc8b0 [nranks=4] stream 0x55bc9c5994f0
nid200380:193786:193786 [0] NCCL INFO AllGather: opCount 5 sendbuff 0x633440000 recvbuff 0x7ff0f2000000 count 1048576 datatype 0 op 0 root 0 comm 0x55a00c2bef80 [nranks=4] stream 0x55a00b87cc40
nid200384:418375:418375 [3] NCCL INFO AllGather: opCount 5 sendbuff 0x62de00000 recvbuff 0x62de40000 count 262144 datatype 0 op 0 root 0 comm 0x55f5ca4f6cc0 [nranks=4] stream 0x55f5c9ac7e00
nid200381:391954:391954 [3] NCCL INFO AllGather: opCount 5 sendbuff 0x633440000 recvbuff 0x7f11d8000000 count 1048576 datatype 0 op 0 root 0 comm 0x55a0f3cc0760 [nranks=4] stream 0x55a0f327d380
nid200380:193789:193789 [2] NCCL INFO AllGather: opCount 5 sendbuff 0x63ce40000 recvbuff 0x7f1ba6000000 count 1048576 datatype 0 op 0 root 0 comm 0x55772e5c7e00 [nranks=4] stream 0x55772db86470
nid200384:418370:418370 [0] NCCL INFO AllGather: opCount 5 sendbuff 0x62de40000 recvbuff 0x7f7880000000 count 1048576 datatype 0 op 0 root 0 comm 0x5558bf31dc90 [nranks=4] stream 0x5558be8da830
nid200380:193791:193791 [3] NCCL INFO AllGather: opCount 5 sendbuff 0x633440000 recvbuff 0x7f0232000000 count 1048576 datatype 0 op 0 root 0 comm 0x55c4821cbdb0 [nranks=4] stream 0x55c48178a0e0
nid200384:418373:418373 [2] NCCL INFO AllGather: opCount 5 sendbuff 0x63ba40000 recvbuff 0x7f5302000000 count 1048576 datatype 0 op 0 root 0 comm 0x55c8e5914580 [nranks=4] stream 0x55c8e4ed13f0
nid200380:193786:193786 [0] NCCL INFO 4194304 Bytes -> Algo 1 proto 2 time 31.707199
nid200384:418375:418375 [3] NCCL INFO AllGather: opCount 5 sendbuff 0x62de40000 recvbuff 0x7f8fe4000000 count 1048576 datatype 0 op 0 root 0 comm 0x55f5ca50b190 [nranks=4] stream 0x55f5c9ac8100
nid200380:193787:193787 [1] NCCL INFO AllGather: opCount 5 sendbuff 0x63ce40000 recvbuff 0x7fa460000000 count 1048576 datatype 0 op 0 root 0 comm 0x55fa057c4260 [nranks=4] stream 0x55fa04d82600
nid200384:418370:418370 [0] NCCL INFO 4194304 Bytes -> Algo 1 proto 2 time 31.707199
nid200384:418371:418371 [1] NCCL INFO AllGather: opCount 5 sendbuff 0x63ba40000 recvbuff 0x7f07c4000000 count 1048576 datatype 0 op 0 root 0 comm 0x56367965a3f0 [nranks=4] stream 0x563678c171f0
nid200377:2124200:2124200 [0] NCCL INFO AllGather: opCount 6 sendbuff 0x631a00000 recvbuff 0x631a40000 count 262144 datatype 0 op 0 root 0 comm 0x55e4750c85a0 [nranks=4] stream 0x55e474699d10
nid200377:2124200:2124200 [0] NCCL INFO 1048576 Bytes -> Algo 1 proto 0 time 80.236008
